{"utc": "2026-08-04T20:13:44.527952+00:00", "event": "watchdog_start", "baseline_equity": 282.3894, "cash": 262.4094, "open_positions": 2, "max_dd": 75.0, "cycle_s": 60}
{"utc": "2026-08-04T20:14:45.103236+00:00", "event": "ok", "equity": 282.3894, "cash": 262.4094, "open_positions": 2, "dd_from_baseline": 0.0, "dd_from_peak": 0.0, "runner_alive": true}
{"utc": "2026-08-04T20:15:45.668960+00:00", "event": "ok", "equity": 282.4094, "cash": 282.4094, "open_positions": 0, "dd_from_baseline": -0.02, "dd_from_peak": -0.02, "runner_alive": true}
{"utc": "2026-08-04T20:16:46.274359+00:00", "event": "ok", "equity": 283.3094, "cash": 257.5094, "open_positions": 1, "dd_from_baseline": -0.92, "dd_from_peak": -0.9, "runner_alive": true}
{"utc": "2026-08-04T20:17:46.817503+00:00", "event": "ok", "equity": 284.5694, "cash": 257.5094, "open_positions": 1, "dd_from_baseline": -2.18, "dd_from_peak": -1.26, "runner_alive": true}
{"utc": "2026-08-04T20:18:47.432035+00:00", "event": "ok", "equity": 284.9294, "cash": 257.5094, "open_positions": 1, "dd_from_baseline": -2.54, "dd_from_peak": -0.36, "runner_alive": true}
{"utc": "2026-08-04T20:19:48.047668+00:00", "event": "ok", "equity": 286.4894, "cash": 257.5094, "open_positions": 1, "dd_from_baseline": -4.1, "dd_from_peak": -1.56, "runner_alive": true}
{"utc": "2026-08-04T20:20:48.569996+00:00", "event": "ok", "equity": 286.8794, "cash": 257.5094, "open_positions": 1, "dd_from_baseline": -4.49, "dd_from_peak": -0.39, "runner_alive": true}
{"utc": "2026-08-04T20:21:49.181459+00:00", "event": "ok", "equity": 286.9094, "cash": 257.5094, "open_positions": 1, "dd_from_baseline": -4.52, "dd_from_peak": -0.03, "runner_alive": true}
{"utc": "2026-08-04T20:22:49.710305+00:00", "event": "ok", "equity": 287.1194, "cash": 257.5094, "open_positions": 1, "dd_from_baseline": -4.73, "dd_from_peak": -0.21, "runner_alive": true}
{"utc": "2026-08-04T20:23:50.171070+00:00", "event": "ok", "equity": 287.1194, "cash": 257.5094, "open_positions": 1, "dd_from_baseline": -4.73, "dd_from_peak": 0.0, "runner_alive": true}
{"utc": "2026-08-04T20:24:50.987879+00:00", "event": "ok", "equity": 286.9394, "cash": 257.5094, "open_positions": 1, "dd_from_baseline": -4.55, "dd_from_peak": 0.18, "runner_alive": true}
{"utc": "2026-08-04T20:25:51.579992+00:00", "event": "ok", "equity": 286.9094, "cash": 257.5094, "open_positions": 1, "dd_from_baseline": -4.52, "dd_from_peak": 0.21, "runner_alive": true}
{"utc": "2026-08-04T20:26:52.181877+00:00", "event": "ok", "equity": 287.3894, "cash": 257.5094, "open_positions": 1, "dd_from_baseline": -5.0, "dd_from_peak": -0.27, "runner_alive": true}
{"utc": "2026-08-04T20:27:52.790024+00:00", "event": "ok", "equity": 287.4194, "cash": 257.5094, "open_positions": 1, "dd_from_baseline": -5.03, "dd_from_peak": -0.03, "runner_alive": true}
{"utc": "2026-08-04T20:28:53.347931+00:00", "event": "ok", "equity": 287.4794, "cash": 257.5094, "open_positions": 1, "dd_from_baseline": -5.09, "dd_from_peak": -0.06, "runner_alive": true}
{"utc": "2026-08-04T20:29:53.888487+00:00", "event": "ok", "equity": 287.4794, "cash": 257.5094, "open_positions": 1, "dd_from_baseline": -5.09, "dd_from_peak": 0.0, "runner_alive": true}
{"utc": "2026-08-04T20:30:54.449414+00:00", "event": "ok", "equity": 287.5094, "cash": 287.5094, "open_positions": 0, "dd_from_baseline": -5.12, "dd_from_peak": -0.03, "runner_alive": true}
{"utc": "2026-08-04T20:31:54.996429+00:00", "event": "ok", "equity": 287.5094, "cash": 287.5094, "open_positions": 0, "dd_from_baseline": -5.12, "dd_from_peak": 0.0, "runner_alive": true}
{"utc": "2026-08-04T20:32:55.565762+00:00", "event": "ok", "equity": 287.5094, "cash": 287.5094, "open_positions": 0, "dd_from_baseline": -5.12, "dd_from_peak": 0.0, "runner_alive": true}
{"utc": "2026-08-04T20:33:56.173978+00:00", "event": "ok", "equity": 287.5094, "cash": 287.5094, "open_positions": 0, "dd_from_baseline": -5.12, "dd_from_peak": 0.0, "runner_alive": true}
{"utc": "2026-08-04T20:34:56.730003+00:00", "event": "ok", "equity": 290.2094, "cash": 267.4094, "open_positions": 1, "dd_from_baseline": -7.82, "dd_from_peak": -2.7, "runner_alive": true}
{"utc": "2026-08-04T20:35:57.349275+00:00", "event": "ok", "equity": 289.0094, "cash": 267.4094, "open_positions": 1, "dd_from_baseline": -6.62, "dd_from_peak": 0.0, "runner_alive": true}
{"utc": "2026-08-04T20:36:57.932807+00:00", "event": "ok", "equity": 293.5094, "cash": 267.4094, "open_positions": 1, "dd_from_baseline": -11.12, "dd_from_peak": -4.5, "runner_alive": true}
{"utc": "2026-08-04T20:37:58.504270+00:00", "event": "ok", "equity": 295.0994, "cash": 267.4094, "open_positions": 1, "dd_from_baseline": -12.71, "dd_from_peak": -1.59, "runner_alive": true}
{"utc": "2026-08-04T20:38:59.083053+00:00", "event": "ok", "equity": 295.2794, "cash": 267.4094, "open_positions": 1, "dd_from_baseline": -12.89, "dd_from_peak": -0.18, "runner_alive": true}
{"utc": "2026-08-04T20:39:59.648844+00:00", "event": "ok", "equity": 297.0794, "cash": 267.4094, "open_positions": 1, "dd_from_baseline": -14.69, "dd_from_peak": -1.8, "runner_alive": true}
{"utc": "2026-08-04T20:41:00.176598+00:00", "event": "ok", "equity": 297.2594, "cash": 267.4094, "open_positions": 1, "dd_from_baseline": -14.87, "dd_from_peak": -0.18, "runner_alive": true}
{"utc": "2026-08-04T20:42:00.827733+00:00", "event": "ok", "equity": 297.3194, "cash": 267.4094, "open_positions": 1, "dd_from_baseline": -14.93, "dd_from_peak": -0.06, "runner_alive": true}
{"utc": "2026-08-04T20:43:01.370550+00:00", "event": "ok", "equity": 297.3194, "cash": 267.4094, "open_positions": 1, "dd_from_baseline": -14.93, "dd_from_peak": 0.0, "runner_alive": true}
{"utc": "2026-08-04T20:44:01.885927+00:00", "event": "ok", "equity": 297.3494, "cash": 267.4094, "open_positions": 1, "dd_from_baseline": -14.96, "dd_from_peak": -0.03, "runner_alive": true}
{"utc": "2026-08-04T20:45:02.371227+00:00", "event": "ok", "equity": 297.3794, "cash": 267.4094, "open_positions": 1, "dd_from_baseline": -14.99, "dd_from_peak": -0.03, "runner_alive": true}
{"utc": "2026-08-04T20:46:02.960467+00:00", "event": "ok", "equity": 294.7094, "cash": 255.1094, "open_positions": 2, "dd_from_baseline": -12.32, "dd_from_peak": 2.64, "runner_alive": true}
{"utc": "2026-08-04T20:47:03.580690+00:00", "event": "ok", "equity": 297.1094, "cash": 255.1094, "open_positions": 2, "dd_from_baseline": -14.72, "dd_from_peak": 0.24, "runner_alive": true}
{"utc": "2026-08-04T20:48:04.193900+00:00", "event": "ok", "equity": 296.2094, "cash": 255.1094, "open_positions": 2, "dd_from_baseline": -13.82, "dd_from_peak": 1.14, "runner_alive": true}
{"utc": "2026-08-04T20:49:04.791534+00:00", "event": "ok", "equity": 302.5094, "cash": 255.1094, "open_positions": 2, "dd_from_baseline": -20.12, "dd_from_peak": -5.16, "runner_alive": true}
{"utc": "2026-08-04T20:50:05.378848+00:00", "event": "ok", "equity": 302.8094, "cash": 255.1094, "open_positions": 2, "dd_from_baseline": -20.42, "dd_from_peak": -0.3, "runner_alive": true}
{"utc": "2026-08-04T20:51:05.920703+00:00", "event": "ok", "equity": 311.0594, "cash": 255.1094, "open_positions": 2, "dd_from_baseline": -28.67, "dd_from_peak": -8.25, "runner_alive": true}
{"utc": "2026-08-04T20:52:06.467085+00:00", "event": "ok", "equity": 313.1594, "cash": 255.1094, "open_positions": 0, "dd_from_baseline": -30.77, "dd_from_peak": -2.1, "runner_alive": true}
{"utc": "2026-08-04T20:53:07.042555+00:00", "event": "ok", "equity": 311.4494, "cash": 255.1094, "open_positions": 2, "dd_from_baseline": -29.06, "dd_from_peak": 0.0, "runner_alive": true}
{"utc": "2026-08-04T20:54:07.617129+00:00", "event": "ok", "equity": 313.1594, "cash": 255.1094, "open_positions": 2, "dd_from_baseline": -30.77, "dd_from_peak": -1.71, "runner_alive": true}
{"utc": "2026-08-04T20:55:08.203405+00:00", "event": "ok", "equity": 313.8494, "cash": 255.1094, "open_positions": 2, "dd_from_baseline": -31.46, "dd_from_peak": -0.69, "runner_alive": true}
{"utc": "2026-08-04T20:56:08.727634+00:00", "event": "ok", "equity": 313.6994, "cash": 255.1094, "open_positions": 2, "dd_from_baseline": -31.31, "dd_from_peak": 0.0, "runner_alive": true}
{"utc": "2026-08-04T20:57:09.278207+00:00", "event": "ok", "equity": 314.5994, "cash": 255.1094, "open_positions": 2, "dd_from_baseline": -32.21, "dd_from_peak": -0.9, "runner_alive": true}
{"utc": "2026-08-04T20:58:09.860359+00:00", "event": "ok", "equity": 314.7494, "cash": 255.1094, "open_positions": 2, "dd_from_baseline": -32.36, "dd_from_peak": -0.15, "runner_alive": true}
{"utc": "2026-08-04T20:59:10.527766+00:00", "event": "ok", "equity": 315.0494, "cash": 255.1094, "open_positions": 2, "dd_from_baseline": -32.66, "dd_from_peak": -0.3, "runner_alive": true}
{"utc": "2026-08-04T21:00:11.107931+00:00", "event": "ok", "equity": 375.0494, "cash": 315.1094, "open_positions": 2, "dd_from_baseline": -92.66, "dd_from_peak": -60.0, "runner_alive": true}
{"utc": "2026-08-04T21:01:11.657257+00:00", "event": "ok", "equity": 312.1094, "cash": 294.7094, "open_positions": 1, "dd_from_baseline": -29.72, "dd_from_peak": 2.94, "runner_alive": true}
{"utc": "2026-08-04T21:02:12.292421+00:00", "event": "ok", "equity": 314.8094, "cash": 294.7094, "open_positions": 1, "dd_from_baseline": -32.42, "dd_from_peak": 0.24, "runner_alive": true}
{"utc": "2026-08-04T21:03:12.842325+00:00", "event": "ok", "equity": 314.5094, "cash": 294.7094, "open_positions": 1, "dd_from_baseline": -32.12, "dd_from_peak": 0.54, "runner_alive": true}
{"utc": "2026-08-04T21:04:13.455947+00:00", "event": "ok", "equity": 315.4094, "cash": 294.7094, "open_positions": 1, "dd_from_baseline": -33.02, "dd_from_peak": -0.36, "runner_alive": true}
{"utc": "2026-08-04T21:05:14.132713+00:00", "event": "ok", "equity": 316.6094, "cash": 294.7094, "open_positions": 1, "dd_from_baseline": -34.22, "dd_from_peak": -1.2, "runner_alive": true}
{"utc": "2026-08-04T21:06:14.701857+00:00", "event": "ok", "equity": 316.9094, "cash": 294.7094, "open_positions": 1, "dd_from_baseline": -34.52, "dd_from_peak": -0.3, "runner_alive": true}
{"utc": "2026-08-04T21:07:15.270407+00:00", "event": "ok", "equity": 317.8094, "cash": 294.7094, "open_positions": 1, "dd_from_baseline": -35.42, "dd_from_peak": -0.9, "runner_alive": true}
{"utc": "2026-08-04T21:08:15.834511+00:00", "event": "ok", "equity": 317.5094, "cash": 294.7094, "open_positions": 1, "dd_from_baseline": -35.12, "dd_from_peak": 0.0, "runner_alive": true}
{"utc": "2026-08-04T21:09:16.410687+00:00", "event": "ok", "equity": 319.6094, "cash": 294.7094, "open_positions": 1, "dd_from_baseline": -37.22, "dd_from_peak": -2.1, "runner_alive": true}
{"utc": "2026-08-04T21:10:16.988544+00:00", "event": "ok", "equity": 319.6094, "cash": 294.7094, "open_positions": 1, "dd_from_baseline": -37.22, "dd_from_peak": 0.0, "runner_alive": true}
{"utc": "2026-08-04T21:11:17.596551+00:00", "event": "ok", "equity": 323.1494, "cash": 294.7094, "open_positions": 1, "dd_from_baseline": -40.76, "dd_from_peak": -3.54, "runner_alive": true}
{"utc": "2026-08-04T21:12:18.212165+00:00", "event": "ok", "equity": 324.0194, "cash": 294.7094, "open_positions": 1, "dd_from_baseline": -41.63, "dd_from_peak": -0.87, "runner_alive": true}
{"utc": "2026-08-04T21:13:18.792681+00:00", "event": "ok", "equity": 324.1094, "cash": 294.7094, "open_positions": 1, "dd_from_baseline": -41.72, "dd_from_peak": -0.09, "runner_alive": true}
{"utc": "2026-08-04T21:14:19.344615+00:00", "event": "ok", "equity": 324.6794, "cash": 294.7094, "open_positions": 1, "dd_from_baseline": -42.29, "dd_from_peak": -0.57, "runner_alive": true}
{"utc": "2026-08-04T21:15:19.912094+00:00", "event": "ok", "equity": 324.7094, "cash": 324.7094, "open_positions": 0, "dd_from_baseline": -42.32, "dd_from_peak": -0.03, "runner_alive": true}
{"utc": "2026-08-04T21:16:20.482742+00:00", "event": "ok", "equity": 324.7094, "cash": 324.7094, "open_positions": 0, "dd_from_baseline": -42.32, "dd_from_peak": 0.0, "runner_alive": true}
{"utc": "2026-08-04T21:17:21.038012+00:00", "event": "ok", "equity": 324.1094, "cash": 304.9094, "open_positions": 1, "dd_from_baseline": -41.72, "dd_from_peak": 0.6, "runner_alive": true}
{"utc": "2026-08-04T21:18:21.631534+00:00", "event": "ok", "equity": 321.4094, "cash": 284.5094, "open_positions": 2, "dd_from_baseline": -39.02, "dd_from_peak": 3.3, "runner_alive": true}
{"utc": "2026-08-04T21:19:22.090025+00:00", "event": "ok", "equity": 320.8094, "cash": 284.5094, "open_positions": 2, "dd_from_baseline": -38.42, "dd_from_peak": 3.9, "runner_alive": true}
{"utc": "2026-08-04T21:20:22.609774+00:00", "event": "ok", "equity": 307.9094, "cash": 284.5094, "open_positions": 2, "dd_from_baseline": -25.52, "dd_from_peak": 16.8, "runner_alive": true}
{"utc": "2026-08-04T21:21:23.115658+00:00", "event": "ok", "equity": 330.4094, "cash": 284.5094, "open_positions": 2, "dd_from_baseline": -48.02, "dd_from_peak": -5.7, "runner_alive": true}
{"utc": "2026-08-04T21:22:23.617664+00:00", "event": "ok", "equity": 325.0094, "cash": 284.5094, "open_positions": 2, "dd_from_baseline": -42.62, "dd_from_peak": 0.0, "runner_alive": true}
{"utc": "2026-08-04T21:23:24.235179+00:00", "event": "ok", "equity": 331.3094, "cash": 284.5094, "open_positions": 2, "dd_from_baseline": -48.92, "dd_from_peak": -6.3, "runner_alive": true}
{"utc": "2026-08-04T21:24:24.760549+00:00", "event": "ok", "equity": 340.1594, "cash": 284.5094, "open_positions": 2, "dd_from_baseline": -57.77, "dd_from_peak": -8.85, "runner_alive": true}
{"utc": "2026-08-04T21:25:25.606560+00:00", "event": "ok", "equity": 340.5194, "cash": 284.5094, "open_positions": 2, "dd_from_baseline": -58.13, "dd_from_peak": -0.36, "runner_alive": true}
{"utc": "2026-08-04T21:26:26.131369+00:00", "event": "ok", "equity": 340.3994, "cash": 284.5094, "open_positions": 2, "dd_from_baseline": -58.01, "dd_from_peak": 0.0, "runner_alive": true}
{"utc": "2026-08-04T21:27:26.734067+00:00", "event": "ok", "equity": 341.0594, "cash": 284.5094, "open_positions": 2, "dd_from_baseline": -58.67, "dd_from_peak": -0.66, "runner_alive": true}
{"utc": "2026-08-04T21:28:27.308736+00:00", "event": "ok", "equity": 343.5494, "cash": 284.5094, "open_positions": 2, "dd_from_baseline": -61.16, "dd_from_peak": -2.49, "runner_alive": true}
{"utc": "2026-08-04T21:29:27.941324+00:00", "event": "ok", "equity": 344.2394, "cash": 284.5094, "open_positions": 2, "dd_from_baseline": -61.85, "dd_from_peak": -0.69, "runner_alive": true}
{"utc": "2026-08-04T21:30:28.533214+00:00", "event": "ok", "equity": 344.5094, "cash": 344.5094, "open_positions": 0, "dd_from_baseline": -62.12, "dd_from_peak": -0.27, "runner_alive": true}
{"utc": "2026-08-04T21:31:29.171217+00:00", "event": "ok", "equity": 342.7094, "cash": 325.0094, "open_positions": 1, "dd_from_baseline": -60.32, "dd_from_peak": 1.53, "runner_alive": true}
{"utc": "2026-08-04T21:32:29.844134+00:00", "event": "ok", "equity": 344.2094, "cash": 305.5094, "open_positions": 2, "dd_from_baseline": -61.82, "dd_from_peak": 0.03, "runner_alive": true}
{"utc": "2026-08-04T21:33:30.506972+00:00", "event": "ok", "equity": 343.6094, "cash": 305.5094, "open_positions": 2, "dd_from_baseline": -61.22, "dd_from_peak": 0.63, "runner_alive": true}
{"utc": "2026-08-04T21:34:31.110981+00:00", "event": "ok", "equity": 345.7094, "cash": 305.5094, "open_positions": 2, "dd_from_baseline": -63.32, "dd_from_peak": -1.47, "runner_alive": true}
{"utc": "2026-08-04T21:35:31.773854+00:00", "event": "ok", "equity": 340.3094, "cash": 305.5094, "open_positions": 2, "dd_from_baseline": -57.92, "dd_from_peak": 3.93, "runner_alive": true}
{"utc": "2026-08-04T21:36:32.373689+00:00", "event": "ok", "equity": 342.7094, "cash": 305.5094, "open_positions": 2, "dd_from_baseline": -60.32, "dd_from_peak": 1.53, "runner_alive": true}
{"utc": "2026-08-04T21:37:33.043881+00:00", "event": "ok", "equity": 346.3094, "cash": 305.5094, "open_positions": 2, "dd_from_baseline": -63.92, "dd_from_peak": -2.07, "runner_alive": true}
{"utc": "2026-08-04T21:38:33.640636+00:00", "event": "ok", "equity": 349.0094, "cash": 305.5094, "open_positions": 2, "dd_from_baseline": -66.62, "dd_from_peak": -2.7, "runner_alive": true}
{"utc": "2026-08-04T21:39:34.277849+00:00", "event": "ok", "equity": 339.7094, "cash": 305.5094, "open_positions": 2, "dd_from_baseline": -57.32, "dd_from_peak": 6.6, "runner_alive": true}
{"utc": "2026-08-04T21:40:34.981988+00:00", "event": "ok", "equity": 345.7094, "cash": 305.5094, "open_positions": 2, "dd_from_baseline": -63.32, "dd_from_peak": 0.6, "runner_alive": true}
{"utc": "2026-08-04T21:41:35.587806+00:00", "event": "ok", "equity": 327.1094, "cash": 305.5094, "open_positions": 2, "dd_from_baseline": -44.72, "dd_from_peak": 19.2, "runner_alive": true}
{"utc": "2026-08-04T21:42:36.343719+00:00", "event": "ok", "equity": 328.6994, "cash": 305.5094, "open_positions": 2, "dd_from_baseline": -46.31, "dd_from_peak": 17.61, "runner_alive": true}
{"utc": "2026-08-04T21:43:36.953982+00:00", "event": "ok", "equity": 352.6094, "cash": 305.5094, "open_positions": 2, "dd_from_baseline": -70.22, "dd_from_peak": -6.3, "runner_alive": true}
{"utc": "2026-08-04T21:44:37.612327+00:00", "event": "ok", "equity": 338.4794, "cash": 305.5094, "open_positions": 2, "dd_from_baseline": -56.09, "dd_from_peak": 7.83, "runner_alive": true}
{"utc": "2026-08-04T21:45:38.702056+00:00", "event": "ok", "equity": 335.5094, "cash": 335.5094, "open_positions": 0, "dd_from_baseline": -53.12, "dd_from_peak": 10.8, "runner_alive": true}
{"utc": "2026-08-04T21:46:39.409751+00:00", "event": "ok", "equity": 336.7094, "cash": 292.9094, "open_positions": 2, "dd_from_baseline": -54.32, "dd_from_peak": 9.6, "runner_alive": true}
{"utc": "2026-08-04T21:47:40.151086+00:00", "event": "ok", "equity": 330.4094, "cash": 292.9094, "open_positions": 2, "dd_from_baseline": -48.02, "dd_from_peak": 15.9, "runner_alive": true}
{"utc": "2026-08-04T21:48:40.910551+00:00", "event": "ok", "equity": 332.2094, "cash": 292.9094, "open_positions": 2, "dd_from_baseline": -49.82, "dd_from_peak": 14.1, "runner_alive": true}
{"utc": "2026-08-04T21:49:41.603810+00:00", "event": "ok", "equity": 331.3094, "cash": 292.9094, "open_positions": 2, "dd_from_baseline": -48.92, "dd_from_peak": 15.0, "runner_alive": true}
{"utc": "2026-08-04T21:50:42.334469+00:00", "event": "ok", "equity": 333.1094, "cash": 292.9094, "open_positions": 2, "dd_from_baseline": -50.72, "dd_from_peak": 13.2, "runner_alive": true}
{"utc": "2026-08-04T21:51:43.018090+00:00", "event": "ok", "equity": 334.3094, "cash": 292.9094, "open_positions": 2, "dd_from_baseline": -51.92, "dd_from_peak": 12.0, "runner_alive": true}
{"utc": "2026-08-04T21:52:43.754807+00:00", "event": "ok", "equity": 341.5094, "cash": 292.9094, "open_positions": 2, "dd_from_baseline": -59.12, "dd_from_peak": 4.8, "runner_alive": true}
{"utc": "2026-08-04T21:53:44.494629+00:00", "event": "ok", "equity": 343.3094, "cash": 292.9094, "open_positions": 2, "dd_from_baseline": -60.92, "dd_from_peak": 3.0, "runner_alive": true}
{"utc": "2026-08-04T21:54:45.239792+00:00", "event": "ok", "equity": 343.8794, "cash": 292.9094, "open_positions": 2, "dd_from_baseline": -61.49, "dd_from_peak": 2.43, "runner_alive": true}
{"utc": "2026-08-04T21:55:46.034860+00:00", "event": "ok", "equity": 349.7594, "cash": 292.9094, "open_positions": 2, "dd_from_baseline": -67.37, "dd_from_peak": -3.45, "runner_alive": true}
{"utc": "2026-08-04T21:56:46.808607+00:00", "event": "ok", "equity": 347.6594, "cash": 292.9094, "open_positions": 2, "dd_from_baseline": -65.27, "dd_from_peak": 0.0, "runner_alive": true}
{"utc": "2026-08-04T21:57:47.540468+00:00", "event": "ok", "equity": 349.3094, "cash": 292.9094, "open_positions": 2, "dd_from_baseline": -66.92, "dd_from_peak": -1.65, "runner_alive": true}
{"utc": "2026-08-04T21:58:48.473511+00:00", "event": "ok", "equity": 352.1594, "cash": 292.9094, "open_positions": 2, "dd_from_baseline": -69.77, "dd_from_peak": -2.85, "runner_alive": true}
{"utc": "2026-08-04T21:59:49.135846+00:00", "event": "ok", "equity": 352.8194, "cash": 292.9094, "open_positions": 2, "dd_from_baseline": -70.43, "dd_from_peak": -0.66, "runner_alive": true}
{"utc": "2026-08-04T22:00:50.028340+00:00", "event": "ok", "equity": 352.9094, "cash": 352.9094, "open_positions": 0, "dd_from_baseline": -70.52, "dd_from_peak": -0.09, "runner_alive": true}
{"utc": "2026-08-04T22:01:50.836392+00:00", "event": "ok", "equity": 352.9094, "cash": 352.9094, "open_positions": 0, "dd_from_baseline": -70.52, "dd_from_peak": 0.0, "runner_alive": true}
{"utc": "2026-08-04T22:02:51.619021+00:00", "event": "ok", "equity": 352.9094, "cash": 352.9094, "open_positions": 0, "dd_from_baseline": -70.52, "dd_from_peak": 0.0, "runner_alive": true}
{"utc": "2026-08-04T22:03:52.439896+00:00", "event": "ok", "equity": 352.9094, "cash": 352.9094, "open_positions": 0, "dd_from_baseline": -70.52, "dd_from_peak": 0.0, "runner_alive": true}
{"utc": "2026-08-04T22:04:53.118816+00:00", "event": "ok", "equity": 352.9094, "cash": 352.9094, "open_positions": 0, "dd_from_baseline": -70.52, "dd_from_peak": 0.0, "runner_alive": true}
{"utc": "2026-08-04T22:05:53.807157+00:00", "event": "ok", "equity": 348.4094, "cash": 313.3094, "open_positions": 2, "dd_from_baseline": -66.02, "dd_from_peak": 4.5, "runner_alive": true}
{"utc": "2026-08-04T22:06:54.461562+00:00", "event": "ok", "equity": 353.2094, "cash": 313.3094, "open_positions": 2, "dd_from_baseline": -70.82, "dd_from_peak": -0.3, "runner_alive": true}
{"utc": "2026-08-04T22:07:55.621583+00:00", "event": "ok", "equity": 352.0094, "cash": 313.3094, "open_positions": 2, "dd_from_baseline": -69.62, "dd_from_peak": 0.9, "runner_alive": true}
{"utc": "2026-08-04T22:08:56.309379+00:00", "event": "ok", "equity": 347.5094, "cash": 313.3094, "open_positions": 2, "dd_from_baseline": -65.12, "dd_from_peak": 5.4, "runner_alive": true}
{"utc": "2026-08-04T22:09:57.002028+00:00", "event": "ok", "equity": 356.2094, "cash": 313.3094, "open_positions": 2, "dd_from_baseline": -73.82, "dd_from_peak": -3.3, "runner_alive": true}
{"utc": "2026-08-04T22:10:57.719705+00:00", "event": "ok", "equity": 350.5094, "cash": 313.3094, "open_positions": 2, "dd_from_baseline": -68.12, "dd_from_peak": 2.4, "runner_alive": true}
{"utc": "2026-08-04T22:11:58.755820+00:00", "event": "ok", "equity": 338.5094, "cash": 313.3094, "open_positions": 2, "dd_from_baseline": -56.12, "dd_from_peak": 14.4, "runner_alive": true}
{"utc": "2026-08-04T22:12:59.428667+00:00", "event": "ok", "equity": 336.5294, "cash": 313.3094, "open_positions": 2, "dd_from_baseline": -54.14, "dd_from_peak": 16.38, "runner_alive": true}
{"utc": "2026-08-04T22:14:00.135562+00:00", "event": "ok", "equity": 334.7294, "cash": 313.3094, "open_positions": 2, "dd_from_baseline": -52.34, "dd_from_peak": 18.18, "runner_alive": true}
{"utc": "2026-08-04T22:15:00.785173+00:00", "event": "ok", "equity": 343.3094, "cash": 313.3094, "open_positions": 2, "dd_from_baseline": -60.92, "dd_from_peak": 9.6, "runner_alive": true}
{"utc": "2026-08-04T22:16:01.455036+00:00", "event": "ok", "equity": 343.3094, "cash": 343.3094, "open_positions": 0, "dd_from_baseline": -60.92, "dd_from_peak": 9.6, "runner_alive": true}
{"utc": "2026-08-04T22:17:02.135951+00:00", "event": "ok", "equity": 345.7094, "cash": 323.8094, "open_positions": 1, "dd_from_baseline": -63.32, "dd_from_peak": 7.2, "runner_alive": true}
{"utc": "2026-08-04T22:18:02.820352+00:00", "event": "ok", "equity": 340.9094, "cash": 303.7094, "open_positions": 2, "dd_from_baseline": -58.52, "dd_from_peak": 12.0, "runner_alive": true}
{"utc": "2026-08-04T22:19:03.505815+00:00", "event": "ok", "equity": 343.0094, "cash": 303.7094, "open_positions": 2, "dd_from_baseline": -60.62, "dd_from_peak": 9.9, "runner_alive": true}
{"utc": "2026-08-04T22:20:04.168689+00:00", "event": "ok", "equity": 344.5094, "cash": 303.7094, "open_positions": 2, "dd_from_baseline": -62.12, "dd_from_peak": 8.4, "runner_alive": true}
{"utc": "2026-08-04T22:21:04.843690+00:00", "event": "ok", "equity": 342.1094, "cash": 303.7094, "open_positions": 2, "dd_from_baseline": -59.72, "dd_from_peak": 10.8, "runner_alive": true}
{"utc": "2026-08-04T22:22:05.560160+00:00", "event": "ok", "equity": 349.6094, "cash": 303.7094, "open_positions": 2, "dd_from_baseline": -67.22, "dd_from_peak": 3.3, "runner_alive": true}
{"utc": "2026-08-04T22:23:06.146576+00:00", "event": "ok", "equity": 347.8094, "cash": 303.7094, "open_positions": 2, "dd_from_baseline": -65.42, "dd_from_peak": 5.1, "runner_alive": true}
{"utc": "2026-08-04T22:24:06.915704+00:00", "event": "ok", "equity": 348.4094, "cash": 303.7094, "open_positions": 2, "dd_from_baseline": -66.02, "dd_from_peak": 4.5, "runner_alive": true}
{"utc": "2026-08-04T22:25:07.721343+00:00", "event": "ok", "equity": 354.1094, "cash": 303.7094, "open_positions": 2, "dd_from_baseline": -71.72, "dd_from_peak": -1.2, "runner_alive": true}
{"utc": "2026-08-04T22:26:08.536158+00:00", "event": "ok", "equity": 356.5094, "cash": 303.7094, "open_positions": 2, "dd_from_baseline": -74.12, "dd_from_peak": -2.4, "runner_alive": true}
{"utc": "2026-08-04T22:27:09.348591+00:00", "event": "ok", "equity": 358.9394, "cash": 303.7094, "open_positions": 2, "dd_from_baseline": -76.55, "dd_from_peak": -2.43, "runner_alive": true}
{"utc": "2026-08-04T22:28:10.072603+00:00", "event": "ok", "equity": 343.7894, "cash": 303.7094, "open_positions": 2, "dd_from_baseline": -61.4, "dd_from_peak": 12.72, "runner_alive": true}
{"utc": "2026-08-04T22:29:10.842656+00:00", "event": "ok", "equity": 333.7694, "cash": 303.7094, "open_positions": 2, "dd_from_baseline": -51.38, "dd_from_peak": 22.74, "runner_alive": true}
{"utc": "2026-08-04T22:30:11.584654+00:00", "event": "ok", "equity": 363.7094, "cash": 333.7094, "open_positions": 2, "dd_from_baseline": -81.32, "dd_from_peak": -7.2, "runner_alive": true}
{"utc": "2026-08-04T22:31:12.308580+00:00", "event": "ok", "equity": 334.9094, "cash": 312.4094, "open_positions": 1, "dd_from_baseline": -52.52, "dd_from_peak": 21.6, "runner_alive": true}
{"utc": "2026-08-04T22:32:12.999637+00:00", "event": "ok", "equity": 333.1094, "cash": 292.0094, "open_positions": 2, "dd_from_baseline": -50.72, "dd_from_peak": 23.4, "runner_alive": true}
{"utc": "2026-08-04T22:33:13.684442+00:00", "event": "ok", "equity": 322.9094, "cash": 292.0094, "open_positions": 2, "dd_from_baseline": -40.52, "dd_from_peak": 33.6, "runner_alive": true}
{"utc": "2026-08-04T22:34:14.227355+00:00", "event": "ok", "equity": 322.0094, "cash": 292.0094, "open_positions": 2, "dd_from_baseline": -39.62, "dd_from_peak": 34.5, "runner_alive": true}
{"utc": "2026-08-04T22:35:14.964808+00:00", "event": "ok", "equity": 319.6094, "cash": 292.0094, "open_positions": 2, "dd_from_baseline": -37.22, "dd_from_peak": 36.9, "runner_alive": true}
{"utc": "2026-08-04T22:36:15.665233+00:00", "event": "ok", "equity": 318.4094, "cash": 292.0094, "open_positions": 2, "dd_from_baseline": -36.02, "dd_from_peak": 38.1, "runner_alive": true}
{"utc": "2026-08-04T22:37:16.423891+00:00", "event": "ok", "equity": 320.8094, "cash": 292.0094, "open_positions": 2, "dd_from_baseline": -38.42, "dd_from_peak": 35.7, "runner_alive": true}
{"utc": "2026-08-04T22:38:17.243226+00:00", "event": "ok", "equity": 316.0094, "cash": 292.0094, "open_positions": 2, "dd_from_baseline": -33.62, "dd_from_peak": 40.5, "runner_alive": true}
{"utc": "2026-08-04T22:39:17.947922+00:00", "event": "ok", "equity": 304.3094, "cash": 292.0094, "open_positions": 2, "dd_from_baseline": -21.92, "dd_from_peak": 52.2, "runner_alive": true}
{"utc": "2026-08-04T22:40:18.645808+00:00", "event": "ok", "equity": 303.4094, "cash": 292.0094, "open_positions": 2, "dd_from_baseline": -21.02, "dd_from_peak": 53.1, "runner_alive": true}
{"utc": "2026-08-04T22:41:19.367291+00:00", "event": "ok", "equity": 299.0594, "cash": 292.0094, "open_positions": 2, "dd_from_baseline": -16.67, "dd_from_peak": 57.45, "runner_alive": true}
{"utc": "2026-08-04T22:42:20.095531+00:00", "event": "ok", "equity": 293.4194, "cash": 292.0094, "open_positions": 2, "dd_from_baseline": -11.03, "dd_from_peak": 63.09, "runner_alive": true}
{"utc": "2026-08-04T22:43:20.804443+00:00", "event": "ok", "equity": 292.5194, "cash": 292.0094, "open_positions": 2, "dd_from_baseline": -10.13, "dd_from_peak": 63.99, "runner_alive": true}
{"utc": "2026-08-04T22:44:21.515608+00:00", "event": "ok", "equity": 292.0694, "cash": 292.0094, "open_positions": 2, "dd_from_baseline": -9.68, "dd_from_peak": 64.44, "runner_alive": true}
{"utc": "2026-08-04T22:45:22.482185+00:00", "event": "ok", "equity": 292.0094, "cash": 292.0094, "open_positions": 0, "dd_from_baseline": -9.62, "dd_from_peak": 64.5, "runner_alive": true}
{"utc": "2026-08-04T22:46:23.366440+00:00", "event": "ok", "equity": 292.0094, "cash": 292.0094, "open_positions": 0, "dd_from_baseline": -9.62, "dd_from_peak": 64.5, "runner_alive": true}
{"utc": "2026-08-04T22:47:24.311977+00:00", "event": "ok", "equity": 289.3094, "cash": 250.6094, "open_positions": 2, "dd_from_baseline": -6.92, "dd_from_peak": 67.2, "runner_alive": true}
{"utc": "2026-08-04T22:48:25.381992+00:00", "event": "ok", "equity": 286.6094, "cash": 250.6094, "open_positions": 2, "dd_from_baseline": -4.22, "dd_from_peak": 69.9, "runner_alive": true}
{"utc": "2026-08-04T22:49:26.296595+00:00", "event": "ok", "equity": 286.3094, "cash": 250.6094, "open_positions": 2, "dd_from_baseline": -3.92, "dd_from_peak": 70.2, "runner_alive": true}
{"utc": "2026-08-04T22:50:27.137358+00:00", "event": "ok", "equity": 283.3094, "cash": 250.6094, "open_positions": 2, "dd_from_baseline": -0.92, "dd_from_peak": 73.2, "runner_alive": true}
{"utc": "2026-08-04T22:51:27.238153+00:00", "action": "HALTED", "reason": "drawdown_from_peak", "equity": 279.7094, "peak": 356.5094, "dd": 76.80000000000001}
{"utc": "2026-08-04T22:52:27.239958+00:00", "event": "kill_present", "msg": "halted, watchdog idling"}
{"utc": "2026-08-04T22:53:27.241368+00:00", "event": "kill_present", "msg": "halted, watchdog idling"}
{"utc": "2026-08-04T22:54:27.242733+00:00", "event": "kill_present", "msg": "halted, watchdog idling"}
{"utc": "2026-08-04T22:55:27.244313+00:00", "event": "kill_present", "msg": "halted, watchdog idling"}
{"utc": "2026-08-04T22:56:27.246076+00:00", "event": "kill_present", "msg": "halted, watchdog idling"}
{"utc": "2026-08-04T22:57:27.247569+00:00", "event": "kill_present", "msg": "halted, watchdog idling"}
{"utc": "2026-08-04T22:58:27.249449+00:00", "event": "kill_present", "msg": "halted, watchdog idling"}
{"utc": "2026-08-04T22:59:27.251022+00:00", "event": "kill_present", "msg": "halted, watchdog idling"}
{"utc": "2026-08-04T23:00:27.253172+00:00", "event": "kill_present", "msg": "halted, watchdog idling"}
{"utc": "2026-08-04T23:01:27.255191+00:00", "event": "kill_present", "msg": "halted, watchdog idling"}
{"utc": "2026-08-04T23:02:27.257396+00:00", "event": "kill_present", "msg": "halted, watchdog idling"}
{"utc": "2026-08-04T23:03:27.258902+00:00", "event": "kill_present", "msg": "halted, watchdog idling"}
{"utc": "2026-08-04T23:04:27.261592+00:00", "event": "kill_present", "msg": "halted, watchdog idling"}
{"utc": "2026-08-04T23:05:27.263735+00:00", "event": "kill_present", "msg": "halted, watchdog idling"}
{"utc": "2026-08-04T23:06:27.270451+00:00", "event": "kill_present", "msg": "halted, watchdog idling"}
{"utc": "2026-08-04T23:07:27.272445+00:00", "event": "kill_present", "msg": "halted, watchdog idling"}
{"utc": "2026-08-04T23:08:27.274954+00:00", "event": "kill_present", "msg": "halted, watchdog idling"}
{"utc": "2026-08-04T23:09:27.276302+00:00", "event": "kill_present", "msg": "halted, watchdog idling"}
