{"utc": "2026-08-05T06:37:36.486902+00:00", "event": "watchdog_start", "baseline_equity": 472.6094, "cash": 448.6094, "open_positions": 1, "max_dd": 150.0, "cycle_s": 60}
{"utc": "2026-08-05T06:38:36.976001+00:00", "event": "ok", "equity": 472.6094, "cash": 448.6094, "open_positions": 1, "dd_from_baseline": 0.0, "dd_from_peak": 0.0, "runner_alive": true}
{"utc": "2026-08-05T06:39:37.462372+00:00", "event": "ok", "equity": 472.6094, "cash": 448.6094, "open_positions": 1, "dd_from_baseline": 0.0, "dd_from_peak": 0.0, "runner_alive": true}
{"utc": "2026-08-05T06:40:37.951143+00:00", "event": "ok", "equity": 472.6094, "cash": 448.6094, "open_positions": 1, "dd_from_baseline": 0.0, "dd_from_peak": 0.0, "runner_alive": true}
{"utc": "2026-08-05T06:41:38.423243+00:00", "event": "ok", "equity": 472.6094, "cash": 448.6094, "open_positions": 1, "dd_from_baseline": 0.0, "dd_from_peak": 0.0, "runner_alive": true}
{"utc": "2026-08-05T06:42:38.903412+00:00", "event": "ok", "equity": 472.6094, "cash": 448.6094, "open_positions": 1, "dd_from_baseline": 0.0, "dd_from_peak": 0.0, "runner_alive": true}
{"utc": "2026-08-05T06:43:39.362982+00:00", "event": "ok", "equity": 472.6094, "cash": 448.6094, "open_positions": 1, "dd_from_baseline": 0.0, "dd_from_peak": 0.0, "runner_alive": true}
{"utc": "2026-08-05T06:44:39.457803+00:00", "event": "api_unreachable", "msg": "skipping cycle, not halting"}
{"utc": "2026-08-05T06:45:39.548073+00:00", "event": "api_unreachable", "msg": "skipping cycle, not halting"}
{"utc": "2026-08-05T06:46:40.009749+00:00", "event": "ok", "equity": 488.5094, "cash": 466.3094, "open_positions": 1, "dd_from_baseline": -15.9, "dd_from_peak": -15.9, "runner_alive": true}
{"utc": "2026-08-05T06:47:40.505626+00:00", "event": "ok", "equity": 488.5094, "cash": 443.8094, "open_positions": 2, "dd_from_baseline": -15.9, "dd_from_peak": 0.0, "runner_alive": true}
{"utc": "2026-08-05T06:48:41.025187+00:00", "event": "ok", "equity": 488.5094, "cash": 443.8094, "open_positions": 2, "dd_from_baseline": -15.9, "dd_from_peak": 0.0, "runner_alive": true}
{"utc": "2026-08-05T06:49:41.517132+00:00", "event": "ok", "equity": 488.5094, "cash": 443.8094, "open_positions": 2, "dd_from_baseline": -15.9, "dd_from_peak": 0.0, "runner_alive": true}
{"utc": "2026-08-05T06:50:42.090448+00:00", "event": "ok", "equity": 488.5094, "cash": 443.8094, "open_positions": 2, "dd_from_baseline": -15.9, "dd_from_peak": 0.0, "runner_alive": true}
{"utc": "2026-08-05T06:51:42.555310+00:00", "event": "ok", "equity": 488.5094, "cash": 443.8094, "open_positions": 2, "dd_from_baseline": -15.9, "dd_from_peak": 0.0, "runner_alive": true}
{"utc": "2026-08-05T06:52:43.099536+00:00", "event": "ok", "equity": 488.5094, "cash": 443.8094, "open_positions": 2, "dd_from_baseline": -15.9, "dd_from_peak": 0.0, "runner_alive": true}
{"utc": "2026-08-05T06:53:43.610045+00:00", "event": "ok", "equity": 488.5094, "cash": 443.8094, "open_positions": 2, "dd_from_baseline": -15.9, "dd_from_peak": 0.0, "runner_alive": true}
{"utc": "2026-08-05T06:54:44.076337+00:00", "event": "ok", "equity": 488.5094, "cash": 443.8094, "open_positions": 2, "dd_from_baseline": -15.9, "dd_from_peak": 0.0, "runner_alive": true}
{"utc": "2026-08-05T06:55:44.547142+00:00", "event": "ok", "equity": 488.5094, "cash": 443.8094, "open_positions": 2, "dd_from_baseline": -15.9, "dd_from_peak": 0.0, "runner_alive": true}
{"utc": "2026-08-05T06:56:45.034311+00:00", "event": "ok", "equity": 488.5094, "cash": 443.8094, "open_positions": 2, "dd_from_baseline": -15.9, "dd_from_peak": 0.0, "runner_alive": true}
{"utc": "2026-08-05T06:57:45.528536+00:00", "event": "ok", "equity": 488.5094, "cash": 443.8094, "open_positions": 2, "dd_from_baseline": -15.9, "dd_from_peak": 0.0, "runner_alive": true}
{"utc": "2026-08-05T06:58:46.029432+00:00", "event": "ok", "equity": 488.5094, "cash": 443.8094, "open_positions": 2, "dd_from_baseline": -15.9, "dd_from_peak": 0.0, "runner_alive": true}
{"utc": "2026-08-05T06:59:46.555732+00:00", "event": "ok", "equity": 488.5094, "cash": 443.8094, "open_positions": 2, "dd_from_baseline": -15.9, "dd_from_peak": 0.0, "runner_alive": true}
{"utc": "2026-08-05T07:00:47.054411+00:00", "event": "ok", "equity": 503.8094, "cash": 503.8094, "open_positions": 0, "dd_from_baseline": -31.2, "dd_from_peak": -15.3, "runner_alive": true}
{"utc": "2026-08-05T07:01:47.545513+00:00", "event": "ok", "equity": 503.8094, "cash": 503.8094, "open_positions": 0, "dd_from_baseline": -31.2, "dd_from_peak": 0.0, "runner_alive": true}
