{"utc": "2026-08-04T14:39:31.054318+00:00", "event": "watchdog_start", "baseline_equity": 234.8894, "cash": 221.9894, "open_positions": 2, "max_dd": 30.0, "cycle_s": 60}
{"utc": "2026-08-04T14:40:31.447891+00:00", "event": "ok", "equity": 232.2694, "cash": 221.9894, "open_positions": 2, "dd_from_baseline": 2.62, "dd_from_peak": 2.62, "runner_alive": true}
{"utc": "2026-08-04T14:41:31.824772+00:00", "event": "ok", "equity": 232.2694, "cash": 221.9894, "open_positions": 2, "dd_from_baseline": 2.62, "dd_from_peak": 2.62, "runner_alive": true}
{"utc": "2026-08-04T14:42:32.213123+00:00", "event": "ok", "equity": 232.0494, "cash": 221.9894, "open_positions": 2, "dd_from_baseline": 2.84, "dd_from_peak": 2.84, "runner_alive": true}
{"utc": "2026-08-04T14:43:32.595372+00:00", "event": "ok", "equity": 232.0794, "cash": 221.9894, "open_positions": 2, "dd_from_baseline": 2.81, "dd_from_peak": 2.81, "runner_alive": true}
{"utc": "2026-08-04T14:44:32.991195+00:00", "event": "ok", "equity": 231.9894, "cash": 221.9894, "open_positions": 2, "dd_from_baseline": 2.9, "dd_from_peak": 2.9, "runner_alive": true}
{"utc": "2026-08-04T14:45:33.380314+00:00", "event": "ok", "equity": 231.9894, "cash": 231.9894, "open_positions": 0, "dd_from_baseline": 2.9, "dd_from_peak": 2.9, "runner_alive": true}
{"utc": "2026-08-04T14:46:33.782023+00:00", "event": "ok", "equity": 231.9894, "cash": 231.9894, "open_positions": 0, "dd_from_baseline": 2.9, "dd_from_peak": 2.9, "runner_alive": true}
{"utc": "2026-08-04T14:47:34.166546+00:00", "event": "ok", "equity": 230.2894, "cash": 218.8894, "open_positions": 2, "dd_from_baseline": 4.6, "dd_from_peak": 4.6, "runner_alive": true}
{"utc": "2026-08-04T14:48:34.562742+00:00", "event": "ok", "equity": 230.4894, "cash": 218.8894, "open_positions": 2, "dd_from_baseline": 4.4, "dd_from_peak": 4.4, "runner_alive": true}
{"utc": "2026-08-04T14:49:35.018100+00:00", "event": "ok", "equity": 229.7894, "cash": 218.8894, "open_positions": 2, "dd_from_baseline": 5.1, "dd_from_peak": 5.1, "runner_alive": true}
{"utc": "2026-08-04T14:50:35.404532+00:00", "event": "ok", "equity": 228.7894, "cash": 218.8894, "open_positions": 2, "dd_from_baseline": 6.1, "dd_from_peak": 6.1, "runner_alive": true}
{"utc": "2026-08-04T14:51:35.777608+00:00", "event": "ok", "equity": 229.4894, "cash": 218.8894, "open_positions": 2, "dd_from_baseline": 5.4, "dd_from_peak": 5.4, "runner_alive": true}
{"utc": "2026-08-04T14:52:36.171160+00:00", "event": "ok", "equity": 229.4894, "cash": 218.8894, "open_positions": 2, "dd_from_baseline": 5.4, "dd_from_peak": 5.4, "runner_alive": true}
{"utc": "2026-08-04T14:53:36.541832+00:00", "event": "ok", "equity": 229.0894, "cash": 218.8894, "open_positions": 2, "dd_from_baseline": 5.8, "dd_from_peak": 5.8, "runner_alive": true}
{"utc": "2026-08-04T14:54:36.911739+00:00", "event": "ok", "equity": 228.8894, "cash": 218.8894, "open_positions": 2, "dd_from_baseline": 6.0, "dd_from_peak": 6.0, "runner_alive": true}
{"utc": "2026-08-04T14:55:37.299800+00:00", "event": "ok", "equity": 228.4894, "cash": 218.8894, "open_positions": 2, "dd_from_baseline": 6.4, "dd_from_peak": 6.4, "runner_alive": true}
{"utc": "2026-08-04T14:56:37.681886+00:00", "event": "ok", "equity": 229.0894, "cash": 218.8894, "open_positions": 2, "dd_from_baseline": 5.8, "dd_from_peak": 5.8, "runner_alive": true}
{"utc": "2026-08-04T14:57:38.059721+00:00", "event": "ok", "equity": 230.1894, "cash": 218.8894, "open_positions": 2, "dd_from_baseline": 4.7, "dd_from_peak": 4.7, "runner_alive": true}
{"utc": "2026-08-04T14:58:38.458101+00:00", "event": "ok", "equity": 227.0894, "cash": 218.8894, "open_positions": 2, "dd_from_baseline": 7.8, "dd_from_peak": 7.8, "runner_alive": true}
{"utc": "2026-08-04T14:59:38.858989+00:00", "event": "ok", "equity": 225.8194, "cash": 218.8894, "open_positions": 2, "dd_from_baseline": 9.07, "dd_from_peak": 9.07, "runner_alive": true}
{"utc": "2026-08-04T15:00:39.255467+00:00", "event": "ok", "equity": 218.8894, "cash": 218.8894, "open_positions": 0, "dd_from_baseline": 16.0, "dd_from_peak": 16.0, "runner_alive": true}
{"utc": "2026-08-04T15:01:39.642052+00:00", "event": "ok", "equity": 218.8894, "cash": 218.8894, "open_positions": 0, "dd_from_baseline": 16.0, "dd_from_peak": 16.0, "runner_alive": true}
{"utc": "2026-08-04T15:02:40.036493+00:00", "event": "ok", "equity": 218.6894, "cash": 205.4894, "open_positions": 2, "dd_from_baseline": 16.2, "dd_from_peak": 16.2, "runner_alive": true}
{"utc": "2026-08-04T15:03:40.446728+00:00", "event": "ok", "equity": 218.6894, "cash": 205.4894, "open_positions": 2, "dd_from_baseline": 16.2, "dd_from_peak": 16.2, "runner_alive": true}
{"utc": "2026-08-04T15:04:40.820377+00:00", "event": "ok", "equity": 218.5894, "cash": 205.4894, "open_positions": 2, "dd_from_baseline": 16.3, "dd_from_peak": 16.3, "runner_alive": true}
{"utc": "2026-08-04T15:05:41.239891+00:00", "event": "ok", "equity": 213.0894, "cash": 205.4894, "open_positions": 2, "dd_from_baseline": 21.8, "dd_from_peak": 21.8, "runner_alive": true}
{"utc": "2026-08-04T15:06:41.650406+00:00", "event": "ok", "equity": 217.0894, "cash": 205.4894, "open_positions": 2, "dd_from_baseline": 17.8, "dd_from_peak": 17.8, "runner_alive": true}
{"utc": "2026-08-04T15:07:42.030166+00:00", "event": "ok", "equity": 218.8894, "cash": 205.4894, "open_positions": 2, "dd_from_baseline": 16.0, "dd_from_peak": 16.0, "runner_alive": true}
{"utc": "2026-08-04T15:08:42.434078+00:00", "event": "ok", "equity": 215.9894, "cash": 205.4894, "open_positions": 2, "dd_from_baseline": 18.9, "dd_from_peak": 18.9, "runner_alive": true}
{"utc": "2026-08-04T15:09:42.847605+00:00", "event": "ok", "equity": 214.4894, "cash": 205.4894, "open_positions": 2, "dd_from_baseline": 20.4, "dd_from_peak": 20.4, "runner_alive": true}
{"utc": "2026-08-04T15:10:43.237034+00:00", "event": "ok", "equity": 215.0894, "cash": 205.4894, "open_positions": 2, "dd_from_baseline": 19.8, "dd_from_peak": 19.8, "runner_alive": true}
{"utc": "2026-08-04T15:11:43.621558+00:00", "event": "ok", "equity": 207.1894, "cash": 205.4894, "open_positions": 2, "dd_from_baseline": 27.7, "dd_from_peak": 27.7, "runner_alive": true}
{"utc": "2026-08-04T15:12:44.004020+00:00", "event": "ok", "equity": 211.2894, "cash": 205.4894, "open_positions": 2, "dd_from_baseline": 23.6, "dd_from_peak": 23.6, "runner_alive": true}
{"utc": "2026-08-04T15:13:44.398520+00:00", "event": "ok", "equity": 210.6294, "cash": 205.4894, "open_positions": 2, "dd_from_baseline": 24.26, "dd_from_peak": 24.26, "runner_alive": true}
{"utc": "2026-08-04T15:14:44.794486+00:00", "event": "ok", "equity": 215.4794, "cash": 205.4894, "open_positions": 2, "dd_from_baseline": 19.41, "dd_from_peak": 19.41, "runner_alive": true}
{"utc": "2026-08-04T15:15:45.165087+00:00", "event": "ok", "equity": 215.4894, "cash": 215.4894, "open_positions": 0, "dd_from_baseline": 19.4, "dd_from_peak": 19.4, "runner_alive": true}
{"utc": "2026-08-04T15:16:45.554091+00:00", "event": "ok", "equity": 215.4894, "cash": 215.4894, "open_positions": 0, "dd_from_baseline": 19.4, "dd_from_peak": 19.4, "runner_alive": true}
{"utc": "2026-08-04T15:17:45.940819+00:00", "event": "ok", "equity": 214.6894, "cash": 208.9894, "open_positions": 1, "dd_from_baseline": 20.2, "dd_from_peak": 20.2, "runner_alive": true}
{"utc": "2026-08-04T15:18:46.355279+00:00", "event": "ok", "equity": 213.4894, "cash": 201.9894, "open_positions": 2, "dd_from_baseline": 21.4, "dd_from_peak": 21.4, "runner_alive": true}
{"utc": "2026-08-04T15:19:46.755152+00:00", "event": "ok", "equity": 213.8894, "cash": 201.9894, "open_positions": 2, "dd_from_baseline": 21.0, "dd_from_peak": 21.0, "runner_alive": true}
{"utc": "2026-08-04T15:20:47.147467+00:00", "event": "ok", "equity": 214.9894, "cash": 201.9894, "open_positions": 2, "dd_from_baseline": 19.9, "dd_from_peak": 19.9, "runner_alive": true}
{"utc": "2026-08-04T15:21:47.543984+00:00", "event": "ok", "equity": 214.9894, "cash": 201.9894, "open_positions": 2, "dd_from_baseline": 19.9, "dd_from_peak": 19.9, "runner_alive": true}
{"utc": "2026-08-04T15:22:47.931572+00:00", "event": "ok", "equity": 216.0894, "cash": 201.9894, "open_positions": 2, "dd_from_baseline": 18.8, "dd_from_peak": 18.8, "runner_alive": true}
{"utc": "2026-08-04T15:23:48.335938+00:00", "event": "ok", "equity": 217.2894, "cash": 201.9894, "open_positions": 2, "dd_from_baseline": 17.6, "dd_from_peak": 17.6, "runner_alive": true}
{"utc": "2026-08-04T15:24:48.709553+00:00", "event": "ok", "equity": 216.8894, "cash": 201.9894, "open_positions": 2, "dd_from_baseline": 18.0, "dd_from_peak": 18.0, "runner_alive": true}
{"utc": "2026-08-04T15:25:49.087469+00:00", "event": "ok", "equity": 217.7494, "cash": 201.9894, "open_positions": 2, "dd_from_baseline": 17.14, "dd_from_peak": 17.14, "runner_alive": true}
{"utc": "2026-08-04T15:26:49.459063+00:00", "event": "ok", "equity": 216.4394, "cash": 201.9894, "open_positions": 2, "dd_from_baseline": 18.45, "dd_from_peak": 18.45, "runner_alive": true}
{"utc": "2026-08-04T15:27:49.838284+00:00", "event": "ok", "equity": 213.3094, "cash": 201.9894, "open_positions": 2, "dd_from_baseline": 21.58, "dd_from_peak": 21.58, "runner_alive": true}
{"utc": "2026-08-04T15:28:50.208921+00:00", "event": "ok", "equity": 212.0694, "cash": 201.9894, "open_positions": 2, "dd_from_baseline": 22.82, "dd_from_peak": 22.82, "runner_alive": true}
{"utc": "2026-08-04T15:29:50.592740+00:00", "event": "ok", "equity": 211.9894, "cash": 201.9894, "open_positions": 2, "dd_from_baseline": 22.9, "dd_from_peak": 22.9, "runner_alive": true}
{"utc": "2026-08-04T15:30:50.973776+00:00", "event": "ok", "equity": 211.9894, "cash": 211.9894, "open_positions": 0, "dd_from_baseline": 22.9, "dd_from_peak": 22.9, "runner_alive": true}
{"utc": "2026-08-04T15:31:51.360635+00:00", "event": "ok", "equity": 211.9894, "cash": 197.4894, "open_positions": 2, "dd_from_baseline": 22.9, "dd_from_peak": 22.9, "runner_alive": true}
{"utc": "2026-08-04T15:32:51.747630+00:00", "event": "ok", "equity": 212.5894, "cash": 197.4894, "open_positions": 2, "dd_from_baseline": 22.3, "dd_from_peak": 22.3, "runner_alive": true}
{"utc": "2026-08-04T15:33:52.122803+00:00", "event": "ok", "equity": 208.5894, "cash": 197.4894, "open_positions": 2, "dd_from_baseline": 26.3, "dd_from_peak": 26.3, "runner_alive": true}
{"utc": "2026-08-04T15:34:52.504011+00:00", "event": "ok", "equity": 208.7894, "cash": 197.4894, "open_positions": 2, "dd_from_baseline": 26.1, "dd_from_peak": 26.1, "runner_alive": true}
{"utc": "2026-08-04T15:35:52.964156+00:00", "event": "ok", "equity": 208.5894, "cash": 197.4894, "open_positions": 2, "dd_from_baseline": 26.3, "dd_from_peak": 26.3, "runner_alive": true}
{"utc": "2026-08-04T15:36:53.340877+00:00", "event": "ok", "equity": 205.9894, "cash": 197.4894, "open_positions": 2, "dd_from_baseline": 28.9, "dd_from_peak": 28.9, "runner_alive": true}
{"utc": "2026-08-04T15:37:53.713358+00:00", "event": "ok", "equity": 205.7894, "cash": 197.4894, "open_positions": 2, "dd_from_baseline": 29.1, "dd_from_peak": 29.1, "runner_alive": true}
{"utc": "2026-08-04T15:38:54.099832+00:00", "event": "ok", "equity": 212.7894, "cash": 197.4894, "open_positions": 2, "dd_from_baseline": 22.1, "dd_from_peak": 22.1, "runner_alive": true}
{"utc": "2026-08-04T15:39:54.479532+00:00", "event": "ok", "equity": 211.5894, "cash": 197.4894, "open_positions": 2, "dd_from_baseline": 23.3, "dd_from_peak": 23.3, "runner_alive": true}
{"utc": "2026-08-04T15:40:54.867739+00:00", "event": "ok", "equity": 212.1894, "cash": 197.4894, "open_positions": 2, "dd_from_baseline": 22.7, "dd_from_peak": 22.7, "runner_alive": true}
{"utc": "2026-08-04T15:41:55.256593+00:00", "event": "ok", "equity": 214.8294, "cash": 197.4894, "open_positions": 2, "dd_from_baseline": 20.06, "dd_from_peak": 20.06, "runner_alive": true}
{"utc": "2026-08-04T15:42:55.636154+00:00", "event": "ok", "equity": 217.2494, "cash": 197.4894, "open_positions": 2, "dd_from_baseline": 17.64, "dd_from_peak": 17.64, "runner_alive": true}
{"utc": "2026-08-04T15:43:56.064306+00:00", "event": "ok", "equity": 217.3294, "cash": 197.4894, "open_positions": 2, "dd_from_baseline": 17.56, "dd_from_peak": 17.56, "runner_alive": true}
{"utc": "2026-08-04T15:44:56.452597+00:00", "event": "ok", "equity": 217.4694, "cash": 197.4894, "open_positions": 2, "dd_from_baseline": 17.42, "dd_from_peak": 17.42, "runner_alive": true}
{"utc": "2026-08-04T15:45:56.891045+00:00", "event": "ok", "equity": 217.4894, "cash": 217.4894, "open_positions": 0, "dd_from_baseline": 17.4, "dd_from_peak": 17.4, "runner_alive": true}
{"utc": "2026-08-04T15:46:57.290558+00:00", "event": "ok", "equity": 218.9894, "cash": 202.5894, "open_positions": 2, "dd_from_baseline": 15.9, "dd_from_peak": 15.9, "runner_alive": true}
{"utc": "2026-08-04T15:47:57.708570+00:00", "event": "ok", "equity": 219.8894, "cash": 202.5894, "open_positions": 2, "dd_from_baseline": 15.0, "dd_from_peak": 15.0, "runner_alive": true}
{"utc": "2026-08-04T15:48:58.094588+00:00", "event": "ok", "equity": 220.6794, "cash": 202.5894, "open_positions": 2, "dd_from_baseline": 14.21, "dd_from_peak": 14.21, "runner_alive": true}
{"utc": "2026-08-04T15:49:58.487253+00:00", "event": "ok", "equity": 219.9794, "cash": 202.5894, "open_positions": 2, "dd_from_baseline": 14.91, "dd_from_peak": 14.91, "runner_alive": true}
{"utc": "2026-08-04T15:50:58.879017+00:00", "event": "ok", "equity": 218.9894, "cash": 202.5894, "open_positions": 2, "dd_from_baseline": 15.9, "dd_from_peak": 15.9, "runner_alive": true}
{"utc": "2026-08-04T15:51:59.267320+00:00", "event": "ok", "equity": 220.9994, "cash": 202.5894, "open_positions": 2, "dd_from_baseline": 13.89, "dd_from_peak": 13.89, "runner_alive": true}
{"utc": "2026-08-04T15:52:59.652043+00:00", "event": "ok", "equity": 222.0794, "cash": 202.5894, "open_positions": 2, "dd_from_baseline": 12.81, "dd_from_peak": 12.81, "runner_alive": true}
{"utc": "2026-08-04T15:54:00.041116+00:00", "event": "ok", "equity": 221.3894, "cash": 202.5894, "open_positions": 2, "dd_from_baseline": 13.5, "dd_from_peak": 13.5, "runner_alive": true}
{"utc": "2026-08-04T15:55:00.411893+00:00", "event": "ok", "equity": 221.8594, "cash": 202.5894, "open_positions": 2, "dd_from_baseline": 13.03, "dd_from_peak": 13.03, "runner_alive": true}
{"utc": "2026-08-04T15:56:00.786497+00:00", "event": "ok", "equity": 222.1294, "cash": 202.5894, "open_positions": 2, "dd_from_baseline": 12.76, "dd_from_peak": 12.76, "runner_alive": true}
{"utc": "2026-08-04T15:57:01.208830+00:00", "event": "ok", "equity": 222.3794, "cash": 202.5894, "open_positions": 2, "dd_from_baseline": 12.51, "dd_from_peak": 12.51, "runner_alive": true}
{"utc": "2026-08-04T15:58:01.594855+00:00", "event": "ok", "equity": 222.5294, "cash": 202.5894, "open_positions": 2, "dd_from_baseline": 12.36, "dd_from_peak": 12.36, "runner_alive": true}
{"utc": "2026-08-04T15:59:01.992921+00:00", "event": "ok", "equity": 222.5694, "cash": 202.5894, "open_positions": 2, "dd_from_baseline": 12.32, "dd_from_peak": 12.32, "runner_alive": true}
{"utc": "2026-08-04T16:00:02.398609+00:00", "event": "ok", "equity": 222.5694, "cash": 202.5894, "open_positions": 2, "dd_from_baseline": 12.32, "dd_from_peak": 12.32, "runner_alive": true}
{"utc": "2026-08-04T16:01:02.779981+00:00", "event": "ok", "equity": 222.5894, "cash": 222.5894, "open_positions": 0, "dd_from_baseline": 12.3, "dd_from_peak": 12.3, "runner_alive": true}
{"utc": "2026-08-04T16:02:03.170776+00:00", "event": "ok", "equity": 223.6894, "cash": 209.5894, "open_positions": 2, "dd_from_baseline": 11.2, "dd_from_peak": 11.2, "runner_alive": true}
{"utc": "2026-08-04T16:03:03.213831+00:00", "event": "api_unreachable", "msg": "skipping cycle, not halting"}
{"utc": "2026-08-04T16:04:03.587527+00:00", "event": "ok", "equity": 222.2894, "cash": 209.5894, "open_positions": 2, "dd_from_baseline": 12.6, "dd_from_peak": 12.6, "runner_alive": true}
{"utc": "2026-08-04T16:05:03.988335+00:00", "event": "ok", "equity": 225.1894, "cash": 209.5894, "open_positions": 2, "dd_from_baseline": 9.7, "dd_from_peak": 9.7, "runner_alive": true}
{"utc": "2026-08-04T16:06:04.378590+00:00", "event": "ok", "equity": 225.5894, "cash": 209.5894, "open_positions": 2, "dd_from_baseline": 9.3, "dd_from_peak": 9.3, "runner_alive": true}
{"utc": "2026-08-04T16:07:04.756855+00:00", "event": "ok", "equity": 226.7694, "cash": 209.5894, "open_positions": 2, "dd_from_baseline": 8.12, "dd_from_peak": 8.12, "runner_alive": true}
{"utc": "2026-08-04T16:08:05.139113+00:00", "event": "ok", "equity": 227.6994, "cash": 209.5894, "open_positions": 2, "dd_from_baseline": 7.19, "dd_from_peak": 7.19, "runner_alive": true}
{"utc": "2026-08-04T16:09:05.533072+00:00", "event": "ok", "equity": 227.9494, "cash": 209.5894, "open_positions": 2, "dd_from_baseline": 6.94, "dd_from_peak": 6.94, "runner_alive": true}
{"utc": "2026-08-04T16:10:05.925673+00:00", "event": "ok", "equity": 228.6194, "cash": 209.5894, "open_positions": 2, "dd_from_baseline": 6.27, "dd_from_peak": 6.27, "runner_alive": true}
{"utc": "2026-08-04T16:11:06.308282+00:00", "event": "ok", "equity": 227.5794, "cash": 209.5894, "open_positions": 2, "dd_from_baseline": 7.31, "dd_from_peak": 7.31, "runner_alive": true}
{"utc": "2026-08-04T16:12:06.710123+00:00", "event": "ok", "equity": 227.6294, "cash": 209.5894, "open_positions": 2, "dd_from_baseline": 7.26, "dd_from_peak": 7.26, "runner_alive": true}
{"utc": "2026-08-04T16:13:07.129468+00:00", "event": "ok", "equity": 229.2094, "cash": 209.5894, "open_positions": 2, "dd_from_baseline": 5.68, "dd_from_peak": 5.68, "runner_alive": true}
{"utc": "2026-08-04T16:14:07.571819+00:00", "event": "ok", "equity": 229.5494, "cash": 209.5894, "open_positions": 2, "dd_from_baseline": 5.34, "dd_from_peak": 5.34, "runner_alive": true}
{"utc": "2026-08-04T16:15:07.961842+00:00", "event": "ok", "equity": 229.5594, "cash": 209.5894, "open_positions": 2, "dd_from_baseline": 5.33, "dd_from_peak": 5.33, "runner_alive": true}
{"utc": "2026-08-04T16:16:08.339886+00:00", "event": "ok", "equity": 228.7894, "cash": 222.7894, "open_positions": 1, "dd_from_baseline": 6.1, "dd_from_peak": 6.1, "runner_alive": true}
{"utc": "2026-08-04T16:17:08.710568+00:00", "event": "ok", "equity": 228.8894, "cash": 216.2894, "open_positions": 2, "dd_from_baseline": 6.0, "dd_from_peak": 6.0, "runner_alive": true}
{"utc": "2026-08-04T16:18:09.086250+00:00", "event": "ok", "equity": 231.3894, "cash": 216.2894, "open_positions": 2, "dd_from_baseline": 3.5, "dd_from_peak": 3.5, "runner_alive": true}
{"utc": "2026-08-04T16:19:09.464458+00:00", "event": "ok", "equity": 230.6894, "cash": 216.2894, "open_positions": 2, "dd_from_baseline": 4.2, "dd_from_peak": 4.2, "runner_alive": true}
{"utc": "2026-08-04T16:20:09.850820+00:00", "event": "ok", "equity": 230.5894, "cash": 216.2894, "open_positions": 2, "dd_from_baseline": 4.3, "dd_from_peak": 4.3, "runner_alive": true}
{"utc": "2026-08-04T16:21:10.225726+00:00", "event": "ok", "equity": 229.1894, "cash": 216.2894, "open_positions": 2, "dd_from_baseline": 5.7, "dd_from_peak": 5.7, "runner_alive": true}
{"utc": "2026-08-04T16:22:10.616619+00:00", "event": "ok", "equity": 229.1894, "cash": 216.2894, "open_positions": 2, "dd_from_baseline": 5.7, "dd_from_peak": 5.7, "runner_alive": true}
{"utc": "2026-08-04T16:23:11.003438+00:00", "event": "ok", "equity": 230.0894, "cash": 216.2894, "open_positions": 2, "dd_from_baseline": 4.8, "dd_from_peak": 4.8, "runner_alive": true}
{"utc": "2026-08-04T16:24:11.383256+00:00", "event": "ok", "equity": 233.1894, "cash": 216.2894, "open_positions": 2, "dd_from_baseline": 1.7, "dd_from_peak": 1.7, "runner_alive": true}
{"utc": "2026-08-04T16:25:11.785148+00:00", "event": "ok", "equity": 233.7894, "cash": 216.2894, "open_positions": 2, "dd_from_baseline": 1.1, "dd_from_peak": 1.1, "runner_alive": true}
{"utc": "2026-08-04T16:26:12.229337+00:00", "event": "ok", "equity": 233.1894, "cash": 216.2894, "open_positions": 2, "dd_from_baseline": 1.7, "dd_from_peak": 1.7, "runner_alive": true}
{"utc": "2026-08-04T16:27:12.607349+00:00", "event": "ok", "equity": 235.5294, "cash": 216.2894, "open_positions": 2, "dd_from_baseline": -0.64, "dd_from_peak": -0.64, "runner_alive": true}
{"utc": "2026-08-04T16:28:12.996260+00:00", "event": "ok", "equity": 236.0494, "cash": 216.2894, "open_positions": 2, "dd_from_baseline": -1.16, "dd_from_peak": -0.52, "runner_alive": true}
{"utc": "2026-08-04T16:29:13.406668+00:00", "event": "ok", "equity": 235.5394, "cash": 216.2894, "open_positions": 2, "dd_from_baseline": -0.65, "dd_from_peak": 0.0, "runner_alive": true}
{"utc": "2026-08-04T16:30:13.790897+00:00", "event": "ok", "equity": 256.2694, "cash": 236.2894, "open_positions": 2, "dd_from_baseline": -21.38, "dd_from_peak": -20.73, "runner_alive": true}
{"utc": "2026-08-04T16:31:14.227278+00:00", "event": "ok", "equity": 236.3894, "cash": 222.6894, "open_positions": 2, "dd_from_baseline": -1.5, "dd_from_peak": 0.0, "runner_alive": true}
{"utc": "2026-08-04T16:32:14.650702+00:00", "event": "ok", "equity": 232.3894, "cash": 222.6894, "open_positions": 2, "dd_from_baseline": 2.5, "dd_from_peak": 4.0, "runner_alive": true}
{"utc": "2026-08-04T16:33:15.099059+00:00", "event": "ok", "equity": 233.3894, "cash": 222.6894, "open_positions": 2, "dd_from_baseline": 1.5, "dd_from_peak": 3.0, "runner_alive": true}
{"utc": "2026-08-04T16:34:15.529858+00:00", "event": "ok", "equity": 232.3894, "cash": 222.6894, "open_positions": 2, "dd_from_baseline": 2.5, "dd_from_peak": 4.0, "runner_alive": true}
{"utc": "2026-08-04T16:35:15.928873+00:00", "event": "ok", "equity": 233.9894, "cash": 222.6894, "open_positions": 2, "dd_from_baseline": 0.9, "dd_from_peak": 2.4, "runner_alive": true}
{"utc": "2026-08-04T16:36:16.339590+00:00", "event": "ok", "equity": 233.5894, "cash": 222.6894, "open_positions": 2, "dd_from_baseline": 1.3, "dd_from_peak": 2.8, "runner_alive": true}
{"utc": "2026-08-04T16:37:16.722284+00:00", "event": "ok", "equity": 236.5894, "cash": 222.6894, "open_positions": 2, "dd_from_baseline": -1.7, "dd_from_peak": -0.2, "runner_alive": true}
{"utc": "2026-08-04T16:38:17.134333+00:00", "event": "ok", "equity": 237.4894, "cash": 222.6894, "open_positions": 2, "dd_from_baseline": -2.6, "dd_from_peak": -0.9, "runner_alive": true}
{"utc": "2026-08-04T16:39:17.534011+00:00", "event": "ok", "equity": 241.7294, "cash": 222.6894, "open_positions": 2, "dd_from_baseline": -6.84, "dd_from_peak": -4.24, "runner_alive": true}
{"utc": "2026-08-04T16:40:17.920333+00:00", "event": "ok", "equity": 240.3694, "cash": 222.6894, "open_positions": 2, "dd_from_baseline": -5.48, "dd_from_peak": 0.0, "runner_alive": true}
{"utc": "2026-08-04T16:41:18.301378+00:00", "event": "ok", "equity": 241.7394, "cash": 222.6894, "open_positions": 2, "dd_from_baseline": -6.85, "dd_from_peak": -1.37, "runner_alive": true}
{"utc": "2026-08-04T16:42:18.688715+00:00", "event": "ok", "equity": 242.4594, "cash": 222.6894, "open_positions": 2, "dd_from_baseline": -7.57, "dd_from_peak": -0.72, "runner_alive": true}
{"utc": "2026-08-04T16:43:19.122352+00:00", "event": "ok", "equity": 242.6294, "cash": 222.6894, "open_positions": 2, "dd_from_baseline": -7.74, "dd_from_peak": -0.17, "runner_alive": true}
{"utc": "2026-08-04T16:44:19.490482+00:00", "event": "ok", "equity": 242.6694, "cash": 222.6894, "open_positions": 2, "dd_from_baseline": -7.78, "dd_from_peak": -0.04, "runner_alive": true}
{"utc": "2026-08-04T16:45:19.869138+00:00", "event": "ok", "equity": 242.6894, "cash": 242.6894, "open_positions": 0, "dd_from_baseline": -7.8, "dd_from_peak": -0.02, "runner_alive": true}
{"utc": "2026-08-04T16:46:20.265610+00:00", "event": "ok", "equity": 242.6894, "cash": 242.6894, "open_positions": 0, "dd_from_baseline": -7.8, "dd_from_peak": 0.0, "runner_alive": true}
{"utc": "2026-08-04T16:47:20.654612+00:00", "event": "ok", "equity": 242.7894, "cash": 229.1894, "open_positions": 2, "dd_from_baseline": -7.9, "dd_from_peak": -0.1, "runner_alive": true}
{"utc": "2026-08-04T16:48:21.089495+00:00", "event": "ok", "equity": 241.6894, "cash": 229.1894, "open_positions": 2, "dd_from_baseline": -6.8, "dd_from_peak": 1.0, "runner_alive": true}
{"utc": "2026-08-04T16:49:21.481945+00:00", "event": "ok", "equity": 245.2894, "cash": 229.1894, "open_positions": 2, "dd_from_baseline": -10.4, "dd_from_peak": -2.6, "runner_alive": true}
{"utc": "2026-08-04T16:50:21.920898+00:00", "event": "ok", "equity": 244.5894, "cash": 229.1894, "open_positions": 2, "dd_from_baseline": -9.7, "dd_from_peak": 0.0, "runner_alive": true}
{"utc": "2026-08-04T16:51:22.318464+00:00", "event": "ok", "equity": 244.9894, "cash": 229.1894, "open_positions": 2, "dd_from_baseline": -10.1, "dd_from_peak": -0.4, "runner_alive": true}
{"utc": "2026-08-04T16:52:22.704015+00:00", "event": "ok", "equity": 240.9894, "cash": 229.1894, "open_positions": 2, "dd_from_baseline": -6.1, "dd_from_peak": 3.6, "runner_alive": true}
{"utc": "2026-08-04T16:53:23.100141+00:00", "event": "ok", "equity": 241.0894, "cash": 229.1894, "open_positions": 2, "dd_from_baseline": -6.2, "dd_from_peak": 3.5, "runner_alive": true}
{"utc": "2026-08-04T16:54:23.481767+00:00", "event": "ok", "equity": 239.4894, "cash": 229.1894, "open_positions": 2, "dd_from_baseline": -4.6, "dd_from_peak": 5.1, "runner_alive": true}
{"utc": "2026-08-04T16:55:23.880675+00:00", "event": "ok", "equity": 237.8894, "cash": 229.1894, "open_positions": 2, "dd_from_baseline": -3.0, "dd_from_peak": 6.7, "runner_alive": true}
{"utc": "2026-08-04T16:56:24.260855+00:00", "event": "ok", "equity": 237.3894, "cash": 229.1894, "open_positions": 2, "dd_from_baseline": -2.5, "dd_from_peak": 7.2, "runner_alive": true}
{"utc": "2026-08-04T16:57:24.653387+00:00", "event": "ok", "equity": 242.0294, "cash": 229.1894, "open_positions": 2, "dd_from_baseline": -7.14, "dd_from_peak": 2.56, "runner_alive": true}
{"utc": "2026-08-04T16:58:25.020469+00:00", "event": "ok", "equity": 243.6694, "cash": 229.1894, "open_positions": 2, "dd_from_baseline": -8.78, "dd_from_peak": 0.92, "runner_alive": true}
{"utc": "2026-08-04T16:59:25.419290+00:00", "event": "ok", "equity": 240.2794, "cash": 229.1894, "open_positions": 2, "dd_from_baseline": -5.39, "dd_from_peak": 4.31, "runner_alive": true}
{"utc": "2026-08-04T17:00:25.883440+00:00", "event": "ok", "equity": 239.1894, "cash": 239.1894, "open_positions": 0, "dd_from_baseline": -4.3, "dd_from_peak": 5.4, "runner_alive": true}
{"utc": "2026-08-04T17:01:26.266249+00:00", "event": "ok", "equity": 239.0894, "cash": 225.1894, "open_positions": 2, "dd_from_baseline": -4.2, "dd_from_peak": 5.5, "runner_alive": true}
{"utc": "2026-08-04T17:02:26.684715+00:00", "event": "ok", "equity": 239.4894, "cash": 225.1894, "open_positions": 2, "dd_from_baseline": -4.6, "dd_from_peak": 5.1, "runner_alive": true}
{"utc": "2026-08-04T17:03:27.145449+00:00", "event": "ok", "equity": 242.6894, "cash": 225.1894, "open_positions": 2, "dd_from_baseline": -7.8, "dd_from_peak": 1.9, "runner_alive": true}
{"utc": "2026-08-04T17:04:27.534172+00:00", "event": "ok", "equity": 242.9294, "cash": 225.1894, "open_positions": 2, "dd_from_baseline": -8.04, "dd_from_peak": 1.66, "runner_alive": true}
{"utc": "2026-08-04T17:05:27.915755+00:00", "event": "ok", "equity": 243.9194, "cash": 225.1894, "open_positions": 2, "dd_from_baseline": -9.03, "dd_from_peak": 0.67, "runner_alive": true}
{"utc": "2026-08-04T17:06:28.289737+00:00", "event": "ok", "equity": 244.1994, "cash": 225.1894, "open_positions": 2, "dd_from_baseline": -9.31, "dd_from_peak": 0.39, "runner_alive": true}
{"utc": "2026-08-04T17:07:28.890814+00:00", "event": "ok", "equity": 244.4994, "cash": 225.1894, "open_positions": 2, "dd_from_baseline": -9.61, "dd_from_peak": 0.09, "runner_alive": true}
{"utc": "2026-08-04T17:08:29.277555+00:00", "event": "ok", "equity": 244.8094, "cash": 225.1894, "open_positions": 2, "dd_from_baseline": -9.92, "dd_from_peak": -0.22, "runner_alive": true}
{"utc": "2026-08-04T17:09:29.656157+00:00", "event": "ok", "equity": 244.9494, "cash": 225.1894, "open_positions": 2, "dd_from_baseline": -10.06, "dd_from_peak": -0.14, "runner_alive": true}
{"utc": "2026-08-04T17:10:30.042548+00:00", "event": "ok", "equity": 244.9294, "cash": 225.1894, "open_positions": 2, "dd_from_baseline": -10.04, "dd_from_peak": 0.0, "runner_alive": true}
{"utc": "2026-08-04T17:11:30.089677+00:00", "event": "api_unreachable", "msg": "skipping cycle, not halting"}
{"utc": "2026-08-04T17:12:30.531714+00:00", "event": "ok", "equity": 244.9794, "cash": 225.1894, "open_positions": 2, "dd_from_baseline": -10.09, "dd_from_peak": -0.05, "runner_alive": true}
{"utc": "2026-08-04T17:13:30.926257+00:00", "event": "ok", "equity": 245.1694, "cash": 225.1894, "open_positions": 2, "dd_from_baseline": -10.28, "dd_from_peak": -0.19, "runner_alive": true}
{"utc": "2026-08-04T17:14:31.302082+00:00", "event": "ok", "equity": 245.1694, "cash": 225.1894, "open_positions": 2, "dd_from_baseline": -10.28, "dd_from_peak": 0.0, "runner_alive": true}
{"utc": "2026-08-04T17:15:31.690208+00:00", "event": "ok", "equity": 245.1894, "cash": 245.1894, "open_positions": 0, "dd_from_baseline": -10.3, "dd_from_peak": -0.02, "runner_alive": true}
{"utc": "2026-08-04T17:16:32.078956+00:00", "event": "ok", "equity": 245.1894, "cash": 245.1894, "open_positions": 0, "dd_from_baseline": -10.3, "dd_from_peak": 0.0, "runner_alive": true}
{"utc": "2026-08-04T17:17:32.463380+00:00", "event": "ok", "equity": 245.1894, "cash": 238.5894, "open_positions": 1, "dd_from_baseline": -10.3, "dd_from_peak": 0.0, "runner_alive": true}
{"utc": "2026-08-04T17:18:32.882115+00:00", "event": "ok", "equity": 244.3894, "cash": 232.0894, "open_positions": 2, "dd_from_baseline": -9.5, "dd_from_peak": 0.8, "runner_alive": true}
{"utc": "2026-08-04T17:19:33.373831+00:00", "event": "ok", "equity": 243.0894, "cash": 232.0894, "open_positions": 2, "dd_from_baseline": -8.2, "dd_from_peak": 2.1, "runner_alive": true}
{"utc": "2026-08-04T17:20:33.765517+00:00", "event": "ok", "equity": 241.7894, "cash": 232.0894, "open_positions": 2, "dd_from_baseline": -6.9, "dd_from_peak": 3.4, "runner_alive": true}
{"utc": "2026-08-04T17:21:34.156995+00:00", "event": "ok", "equity": 240.8894, "cash": 232.0894, "open_positions": 2, "dd_from_baseline": -6.0, "dd_from_peak": 4.3, "runner_alive": true}
{"utc": "2026-08-04T17:22:34.545064+00:00", "event": "ok", "equity": 239.3894, "cash": 232.0894, "open_positions": 2, "dd_from_baseline": -4.5, "dd_from_peak": 5.8, "runner_alive": true}
{"utc": "2026-08-04T17:23:34.924288+00:00", "event": "ok", "equity": 239.6894, "cash": 232.0894, "open_positions": 2, "dd_from_baseline": -4.8, "dd_from_peak": 5.5, "runner_alive": true}
{"utc": "2026-08-04T17:24:35.314980+00:00", "event": "ok", "equity": 239.1894, "cash": 232.0894, "open_positions": 2, "dd_from_baseline": -4.3, "dd_from_peak": 6.0, "runner_alive": true}
{"utc": "2026-08-04T17:25:35.702010+00:00", "event": "ok", "equity": 241.2694, "cash": 232.0894, "open_positions": 2, "dd_from_baseline": -6.38, "dd_from_peak": 3.92, "runner_alive": true}
{"utc": "2026-08-04T17:26:36.070731+00:00", "event": "ok", "equity": 239.3694, "cash": 232.0894, "open_positions": 2, "dd_from_baseline": -4.48, "dd_from_peak": 5.82, "runner_alive": true}
{"utc": "2026-08-04T17:27:36.450728+00:00", "event": "ok", "equity": 238.2894, "cash": 232.0894, "open_positions": 2, "dd_from_baseline": -3.4, "dd_from_peak": 6.9, "runner_alive": true}
{"utc": "2026-08-04T17:28:36.834457+00:00", "event": "ok", "equity": 237.0894, "cash": 232.0894, "open_positions": 2, "dd_from_baseline": -2.2, "dd_from_peak": 8.1, "runner_alive": true}
{"utc": "2026-08-04T17:29:37.247531+00:00", "event": "ok", "equity": 233.0694, "cash": 232.0894, "open_positions": 2, "dd_from_baseline": 1.82, "dd_from_peak": 12.12, "runner_alive": true}
{"utc": "2026-08-04T17:30:37.633139+00:00", "event": "ok", "equity": 232.0894, "cash": 232.0894, "open_positions": 0, "dd_from_baseline": 2.8, "dd_from_peak": 13.1, "runner_alive": true}
{"utc": "2026-08-04T17:31:38.010881+00:00", "event": "ok", "equity": 231.7894, "cash": 218.7894, "open_positions": 2, "dd_from_baseline": 3.1, "dd_from_peak": 13.4, "runner_alive": true}
{"utc": "2026-08-04T17:32:38.403671+00:00", "event": "ok", "equity": 228.9894, "cash": 218.7894, "open_positions": 2, "dd_from_baseline": 5.9, "dd_from_peak": 16.2, "runner_alive": true}
{"utc": "2026-08-04T17:33:38.444980+00:00", "event": "api_unreachable", "msg": "skipping cycle, not halting"}
{"utc": "2026-08-04T17:34:38.863007+00:00", "event": "ok", "equity": 230.4894, "cash": 218.7894, "open_positions": 2, "dd_from_baseline": 4.4, "dd_from_peak": 14.7, "runner_alive": true}
{"utc": "2026-08-04T17:35:39.250220+00:00", "event": "ok", "equity": 227.6894, "cash": 218.7894, "open_positions": 2, "dd_from_baseline": 7.2, "dd_from_peak": 17.5, "runner_alive": true}
{"utc": "2026-08-04T17:36:39.630595+00:00", "event": "ok", "equity": 227.4894, "cash": 218.7894, "open_positions": 2, "dd_from_baseline": 7.4, "dd_from_peak": 17.7, "runner_alive": true}
{"utc": "2026-08-04T17:37:40.006113+00:00", "event": "ok", "equity": 230.5894, "cash": 218.7894, "open_positions": 2, "dd_from_baseline": 4.3, "dd_from_peak": 14.6, "runner_alive": true}
{"utc": "2026-08-04T17:38:40.416084+00:00", "event": "ok", "equity": 229.8894, "cash": 218.7894, "open_positions": 2, "dd_from_baseline": 5.0, "dd_from_peak": 15.3, "runner_alive": true}
{"utc": "2026-08-04T17:39:41.081261+00:00", "event": "ok", "equity": 231.9894, "cash": 218.7894, "open_positions": 2, "dd_from_baseline": 2.9, "dd_from_peak": 13.2, "runner_alive": true}
{"utc": "2026-08-04T17:40:41.475104+00:00", "event": "ok", "equity": 229.4894, "cash": 218.7894, "open_positions": 2, "dd_from_baseline": 5.4, "dd_from_peak": 15.7, "runner_alive": true}
{"utc": "2026-08-04T17:41:41.864935+00:00", "event": "ok", "equity": 232.8894, "cash": 218.7894, "open_positions": 2, "dd_from_baseline": 2.0, "dd_from_peak": 12.3, "runner_alive": true}
{"utc": "2026-08-04T17:42:42.307472+00:00", "event": "ok", "equity": 231.8894, "cash": 218.7894, "open_positions": 2, "dd_from_baseline": 3.0, "dd_from_peak": 13.3, "runner_alive": true}
{"utc": "2026-08-04T17:43:42.726889+00:00", "event": "ok", "equity": 225.2894, "cash": 218.7894, "open_positions": 2, "dd_from_baseline": 9.6, "dd_from_peak": 19.9, "runner_alive": true}
{"utc": "2026-08-04T17:44:43.145174+00:00", "event": "ok", "equity": 236.3694, "cash": 218.7894, "open_positions": 2, "dd_from_baseline": -1.48, "dd_from_peak": 8.82, "runner_alive": true}
{"utc": "2026-08-04T17:45:43.529041+00:00", "event": "ok", "equity": 238.7894, "cash": 238.7894, "open_positions": 0, "dd_from_baseline": -3.9, "dd_from_peak": 6.4, "runner_alive": true}
{"utc": "2026-08-04T17:46:43.919315+00:00", "event": "ok", "equity": 238.4894, "cash": 232.2894, "open_positions": 1, "dd_from_baseline": -3.6, "dd_from_peak": 6.7, "runner_alive": true}
{"utc": "2026-08-04T17:47:44.309869+00:00", "event": "ok", "equity": 239.3894, "cash": 232.2894, "open_positions": 1, "dd_from_baseline": -4.5, "dd_from_peak": 5.8, "runner_alive": true}
{"utc": "2026-08-04T17:48:44.685960+00:00", "event": "ok", "equity": 240.6894, "cash": 232.2894, "open_positions": 1, "dd_from_baseline": -5.8, "dd_from_peak": 4.5, "runner_alive": true}
{"utc": "2026-08-04T17:49:45.076014+00:00", "event": "ok", "equity": 241.7894, "cash": 232.2894, "open_positions": 1, "dd_from_baseline": -6.9, "dd_from_peak": 3.4, "runner_alive": true}
{"utc": "2026-08-04T17:50:45.486693+00:00", "event": "ok", "equity": 241.8694, "cash": 232.2894, "open_positions": 1, "dd_from_baseline": -6.98, "dd_from_peak": 3.32, "runner_alive": true}
{"utc": "2026-08-04T17:51:45.878102+00:00", "event": "ok", "equity": 241.9394, "cash": 232.2894, "open_positions": 1, "dd_from_baseline": -7.05, "dd_from_peak": 3.25, "runner_alive": true}
{"utc": "2026-08-04T17:52:46.262811+00:00", "event": "ok", "equity": 241.9994, "cash": 232.2894, "open_positions": 1, "dd_from_baseline": -7.11, "dd_from_peak": 3.19, "runner_alive": true}
{"utc": "2026-08-04T17:53:46.653560+00:00", "event": "ok", "equity": 241.8594, "cash": 232.2894, "open_positions": 1, "dd_from_baseline": -6.97, "dd_from_peak": 3.33, "runner_alive": true}
{"utc": "2026-08-04T17:54:47.027141+00:00", "event": "ok", "equity": 241.9994, "cash": 232.2894, "open_positions": 1, "dd_from_baseline": -7.11, "dd_from_peak": 3.19, "runner_alive": true}
{"utc": "2026-08-04T17:55:47.425502+00:00", "event": "ok", "equity": 242.0394, "cash": 232.2894, "open_positions": 1, "dd_from_baseline": -7.15, "dd_from_peak": 3.15, "runner_alive": true}
{"utc": "2026-08-04T17:56:47.810959+00:00", "event": "ok", "equity": 242.1994, "cash": 232.2894, "open_positions": 1, "dd_from_baseline": -7.31, "dd_from_peak": 2.99, "runner_alive": true}
{"utc": "2026-08-04T17:57:48.186789+00:00", "event": "ok", "equity": 242.2794, "cash": 232.2894, "open_positions": 1, "dd_from_baseline": -7.39, "dd_from_peak": 2.91, "runner_alive": true}
{"utc": "2026-08-04T17:58:48.625608+00:00", "event": "ok", "equity": 242.2794, "cash": 232.2894, "open_positions": 1, "dd_from_baseline": -7.39, "dd_from_peak": 2.91, "runner_alive": true}
{"utc": "2026-08-04T17:59:49.016414+00:00", "event": "ok", "equity": 242.2794, "cash": 232.2894, "open_positions": 1, "dd_from_baseline": -7.39, "dd_from_peak": 2.91, "runner_alive": true}
{"utc": "2026-08-04T18:00:49.422108+00:00", "event": "ok", "equity": 242.2894, "cash": 242.2894, "open_positions": 0, "dd_from_baseline": -7.4, "dd_from_peak": 2.9, "runner_alive": true}
{"utc": "2026-08-04T18:01:49.830800+00:00", "event": "ok", "equity": 243.7694, "cash": 231.5094, "open_positions": 2, "dd_from_baseline": -8.88, "dd_from_peak": 1.42, "runner_alive": true}
{"utc": "2026-08-04T18:02:50.239540+00:00", "event": "ok", "equity": 244.1894, "cash": 231.5094, "open_positions": 2, "dd_from_baseline": -9.3, "dd_from_peak": 1.0, "runner_alive": true}
{"utc": "2026-08-04T18:03:50.628942+00:00", "event": "ok", "equity": 245.8094, "cash": 231.5094, "open_positions": 2, "dd_from_baseline": -10.92, "dd_from_peak": -0.62, "runner_alive": true}
{"utc": "2026-08-04T18:04:51.012727+00:00", "event": "ok", "equity": 246.2194, "cash": 231.5094, "open_positions": 2, "dd_from_baseline": -11.33, "dd_from_peak": -0.41, "runner_alive": true}
{"utc": "2026-08-04T18:05:51.417095+00:00", "event": "ok", "equity": 247.1394, "cash": 231.5094, "open_positions": 2, "dd_from_baseline": -12.25, "dd_from_peak": -0.92, "runner_alive": true}
{"utc": "2026-08-04T18:06:51.799992+00:00", "event": "ok", "equity": 247.0294, "cash": 231.5094, "open_positions": 2, "dd_from_baseline": -12.14, "dd_from_peak": 0.0, "runner_alive": true}
{"utc": "2026-08-04T18:07:52.189019+00:00", "event": "ok", "equity": 247.1194, "cash": 231.5094, "open_positions": 2, "dd_from_baseline": -12.23, "dd_from_peak": -0.09, "runner_alive": true}
{"utc": "2026-08-04T18:08:52.614110+00:00", "event": "ok", "equity": 246.9294, "cash": 231.5094, "open_positions": 2, "dd_from_baseline": -12.04, "dd_from_peak": 0.1, "runner_alive": true}
{"utc": "2026-08-04T18:09:52.998128+00:00", "event": "ok", "equity": 247.1294, "cash": 231.5094, "open_positions": 2, "dd_from_baseline": -12.24, "dd_from_peak": -0.1, "runner_alive": true}
{"utc": "2026-08-04T18:10:53.373901+00:00", "event": "ok", "equity": 247.3094, "cash": 231.5094, "open_positions": 2, "dd_from_baseline": -12.42, "dd_from_peak": -0.18, "runner_alive": true}
{"utc": "2026-08-04T18:11:53.766791+00:00", "event": "ok", "equity": 247.3894, "cash": 231.5094, "open_positions": 2, "dd_from_baseline": -12.5, "dd_from_peak": -0.08, "runner_alive": true}
{"utc": "2026-08-04T18:12:54.148306+00:00", "event": "ok", "equity": 247.4294, "cash": 231.5094, "open_positions": 2, "dd_from_baseline": -12.54, "dd_from_peak": -0.04, "runner_alive": true}
{"utc": "2026-08-04T18:13:54.601453+00:00", "event": "ok", "equity": 247.4894, "cash": 231.5094, "open_positions": 2, "dd_from_baseline": -12.6, "dd_from_peak": -0.06, "runner_alive": true}
{"utc": "2026-08-04T18:14:54.983469+00:00", "event": "ok", "equity": 247.4794, "cash": 231.5094, "open_positions": 2, "dd_from_baseline": -12.59, "dd_from_peak": 0.0, "runner_alive": true}
{"utc": "2026-08-04T18:15:55.406099+00:00", "event": "ok", "equity": 247.5094, "cash": 247.5094, "open_positions": 0, "dd_from_baseline": -12.62, "dd_from_peak": -0.03, "runner_alive": true}
{"utc": "2026-08-04T18:16:55.792296+00:00", "event": "ok", "equity": 245.1094, "cash": 233.3094, "open_positions": 2, "dd_from_baseline": -10.22, "dd_from_peak": 2.37, "runner_alive": true}
{"utc": "2026-08-04T18:17:56.196553+00:00", "event": "ok", "equity": 245.9094, "cash": 233.3094, "open_positions": 2, "dd_from_baseline": -11.02, "dd_from_peak": 1.57, "runner_alive": true}
{"utc": "2026-08-04T18:18:56.595132+00:00", "event": "ok", "equity": 247.8094, "cash": 233.3094, "open_positions": 2, "dd_from_baseline": -12.92, "dd_from_peak": -0.33, "runner_alive": true}
{"utc": "2026-08-04T18:19:56.988147+00:00", "event": "ok", "equity": 250.3094, "cash": 233.3094, "open_positions": 2, "dd_from_baseline": -15.42, "dd_from_peak": -2.5, "runner_alive": true}
{"utc": "2026-08-04T18:20:57.378964+00:00", "event": "ok", "equity": 251.9294, "cash": 233.3094, "open_positions": 2, "dd_from_baseline": -17.04, "dd_from_peak": -1.62, "runner_alive": true}
{"utc": "2026-08-04T18:21:57.771090+00:00", "event": "ok", "equity": 251.7994, "cash": 233.3094, "open_positions": 2, "dd_from_baseline": -16.91, "dd_from_peak": 0.0, "runner_alive": true}
{"utc": "2026-08-04T18:22:58.165085+00:00", "event": "ok", "equity": 251.8094, "cash": 233.3094, "open_positions": 2, "dd_from_baseline": -16.92, "dd_from_peak": -0.01, "runner_alive": true}
{"utc": "2026-08-04T18:23:58.558634+00:00", "event": "ok", "equity": 252.5394, "cash": 233.3094, "open_positions": 2, "dd_from_baseline": -17.65, "dd_from_peak": -0.73, "runner_alive": true}
{"utc": "2026-08-04T18:24:58.926212+00:00", "event": "ok", "equity": 253.0694, "cash": 233.3094, "open_positions": 2, "dd_from_baseline": -18.18, "dd_from_peak": -0.53, "runner_alive": true}
{"utc": "2026-08-04T18:25:59.330359+00:00", "event": "ok", "equity": 253.1794, "cash": 233.3094, "open_positions": 2, "dd_from_baseline": -18.29, "dd_from_peak": -0.11, "runner_alive": true}
{"utc": "2026-08-04T18:26:59.723155+00:00", "event": "ok", "equity": 253.2394, "cash": 233.3094, "open_positions": 2, "dd_from_baseline": -18.35, "dd_from_peak": -0.06, "runner_alive": true}
{"utc": "2026-08-04T18:28:00.113827+00:00", "event": "ok", "equity": 253.2894, "cash": 233.3094, "open_positions": 2, "dd_from_baseline": -18.4, "dd_from_peak": -0.05, "runner_alive": true}
{"utc": "2026-08-04T18:29:00.497830+00:00", "event": "ok", "equity": 253.2894, "cash": 233.3094, "open_positions": 2, "dd_from_baseline": -18.4, "dd_from_peak": 0.0, "runner_alive": true}
{"utc": "2026-08-04T18:30:00.868514+00:00", "event": "ok", "equity": 253.2894, "cash": 233.3094, "open_positions": 2, "dd_from_baseline": -18.4, "dd_from_peak": 0.0, "runner_alive": true}
{"utc": "2026-08-04T18:31:01.269823+00:00", "event": "ok", "equity": 253.3094, "cash": 253.3094, "open_positions": 0, "dd_from_baseline": -18.42, "dd_from_peak": -0.02, "runner_alive": true}
{"utc": "2026-08-04T18:32:01.652199+00:00", "event": "ok", "equity": 251.4094, "cash": 239.8094, "open_positions": 2, "dd_from_baseline": -16.52, "dd_from_peak": 1.88, "runner_alive": true}
{"utc": "2026-08-04T18:33:02.052100+00:00", "event": "ok", "equity": 249.8094, "cash": 239.8094, "open_positions": 2, "dd_from_baseline": -14.92, "dd_from_peak": 3.48, "runner_alive": true}
{"utc": "2026-08-04T18:34:02.444661+00:00", "event": "ok", "equity": 253.2094, "cash": 239.8094, "open_positions": 2, "dd_from_baseline": -18.32, "dd_from_peak": 0.08, "runner_alive": true}
{"utc": "2026-08-04T18:35:02.831747+00:00", "event": "ok", "equity": 255.3094, "cash": 239.8094, "open_positions": 2, "dd_from_baseline": -20.42, "dd_from_peak": -2.02, "runner_alive": true}
{"utc": "2026-08-04T18:36:03.216317+00:00", "event": "ok", "equity": 254.4094, "cash": 239.8094, "open_positions": 2, "dd_from_baseline": -19.52, "dd_from_peak": 0.0, "runner_alive": true}
{"utc": "2026-08-04T18:37:03.621795+00:00", "event": "ok", "equity": 255.4094, "cash": 239.8094, "open_positions": 2, "dd_from_baseline": -20.52, "dd_from_peak": -1.0, "runner_alive": true}
{"utc": "2026-08-04T18:38:04.040894+00:00", "event": "ok", "equity": 258.2294, "cash": 239.8094, "open_positions": 2, "dd_from_baseline": -23.34, "dd_from_peak": -2.82, "runner_alive": true}
{"utc": "2026-08-04T18:39:04.431635+00:00", "event": "ok", "equity": 259.1094, "cash": 239.8094, "open_positions": 2, "dd_from_baseline": -24.22, "dd_from_peak": -0.88, "runner_alive": true}
{"utc": "2026-08-04T18:40:04.806077+00:00", "event": "ok", "equity": 259.4994, "cash": 239.8094, "open_positions": 2, "dd_from_baseline": -24.61, "dd_from_peak": -0.39, "runner_alive": true}
{"utc": "2026-08-04T18:41:05.193233+00:00", "event": "ok", "equity": 259.7194, "cash": 239.8094, "open_positions": 2, "dd_from_baseline": -24.83, "dd_from_peak": -0.22, "runner_alive": true}
{"utc": "2026-08-04T18:42:05.587736+00:00", "event": "ok", "equity": 259.7294, "cash": 239.8094, "open_positions": 2, "dd_from_baseline": -24.84, "dd_from_peak": -0.01, "runner_alive": true}
{"utc": "2026-08-04T18:43:05.958488+00:00", "event": "ok", "equity": 259.7894, "cash": 239.8094, "open_positions": 2, "dd_from_baseline": -24.9, "dd_from_peak": -0.06, "runner_alive": true}
{"utc": "2026-08-04T18:44:06.351131+00:00", "event": "ok", "equity": 259.7894, "cash": 239.8094, "open_positions": 2, "dd_from_baseline": -24.9, "dd_from_peak": 0.0, "runner_alive": true}
{"utc": "2026-08-04T18:45:06.752060+00:00", "event": "ok", "equity": 259.7894, "cash": 239.8094, "open_positions": 2, "dd_from_baseline": -24.9, "dd_from_peak": 0.0, "runner_alive": true}
{"utc": "2026-08-04T18:46:07.146071+00:00", "event": "ok", "equity": 259.9094, "cash": 253.1094, "open_positions": 1, "dd_from_baseline": -25.02, "dd_from_peak": -0.12, "runner_alive": true}
{"utc": "2026-08-04T18:47:07.536791+00:00", "event": "ok", "equity": 260.4094, "cash": 253.1094, "open_positions": 1, "dd_from_baseline": -25.52, "dd_from_peak": -0.5, "runner_alive": true}
{"utc": "2026-08-04T18:48:07.932379+00:00", "event": "ok", "equity": 259.4094, "cash": 245.9094, "open_positions": 2, "dd_from_baseline": -24.52, "dd_from_peak": 0.5, "runner_alive": true}
{"utc": "2026-08-04T18:49:08.324302+00:00", "event": "ok", "equity": 258.8094, "cash": 245.9094, "open_positions": 2, "dd_from_baseline": -23.92, "dd_from_peak": 1.1, "runner_alive": true}
{"utc": "2026-08-04T18:50:08.699001+00:00", "event": "ok", "equity": 257.3094, "cash": 245.9094, "open_positions": 2, "dd_from_baseline": -22.42, "dd_from_peak": 2.6, "runner_alive": true}
{"utc": "2026-08-04T18:51:09.102648+00:00", "event": "ok", "equity": 257.2094, "cash": 245.9094, "open_positions": 2, "dd_from_baseline": -22.32, "dd_from_peak": 2.7, "runner_alive": true}
{"utc": "2026-08-04T18:52:09.476524+00:00", "event": "ok", "equity": 258.0094, "cash": 245.9094, "open_positions": 2, "dd_from_baseline": -23.12, "dd_from_peak": 1.9, "runner_alive": true}
{"utc": "2026-08-04T18:53:09.852361+00:00", "event": "ok", "equity": 259.1094, "cash": 245.9094, "open_positions": 2, "dd_from_baseline": -24.22, "dd_from_peak": 0.8, "runner_alive": true}
{"utc": "2026-08-04T18:54:10.243364+00:00", "event": "ok", "equity": 259.8094, "cash": 245.9094, "open_positions": 2, "dd_from_baseline": -24.92, "dd_from_peak": 0.1, "runner_alive": true}
{"utc": "2026-08-04T18:55:10.638231+00:00", "event": "ok", "equity": 258.8094, "cash": 245.9094, "open_positions": 2, "dd_from_baseline": -23.92, "dd_from_peak": 1.1, "runner_alive": true}
{"utc": "2026-08-04T18:56:11.019272+00:00", "event": "ok", "equity": 258.3094, "cash": 245.9094, "open_positions": 2, "dd_from_baseline": -23.42, "dd_from_peak": 1.6, "runner_alive": true}
{"utc": "2026-08-04T18:57:11.433837+00:00", "event": "ok", "equity": 260.1094, "cash": 245.9094, "open_positions": 2, "dd_from_baseline": -25.22, "dd_from_peak": -0.2, "runner_alive": true}
{"utc": "2026-08-04T18:58:11.823184+00:00", "event": "ok", "equity": 257.7094, "cash": 245.9094, "open_positions": 2, "dd_from_baseline": -22.82, "dd_from_peak": 2.2, "runner_alive": true}
{"utc": "2026-08-04T18:59:12.195505+00:00", "event": "ok", "equity": 252.3094, "cash": 245.9094, "open_positions": 2, "dd_from_baseline": -17.42, "dd_from_peak": 7.6, "runner_alive": true}
{"utc": "2026-08-04T19:00:12.568358+00:00", "event": "ok", "equity": 266.2694, "cash": 255.9094, "open_positions": 2, "dd_from_baseline": -31.38, "dd_from_peak": -6.36, "runner_alive": true}
{"utc": "2026-08-04T19:01:12.967949+00:00", "event": "ok", "equity": 255.2094, "cash": 249.0094, "open_positions": 1, "dd_from_baseline": -20.32, "dd_from_peak": 4.7, "runner_alive": true}
{"utc": "2026-08-04T19:02:13.366866+00:00", "event": "ok", "equity": 254.0094, "cash": 242.5094, "open_positions": 2, "dd_from_baseline": -19.12, "dd_from_peak": 5.9, "runner_alive": true}
{"utc": "2026-08-04T19:03:13.737178+00:00", "event": "ok", "equity": 252.3094, "cash": 242.5094, "open_positions": 2, "dd_from_baseline": -17.42, "dd_from_peak": 7.6, "runner_alive": true}
{"utc": "2026-08-04T19:04:14.129047+00:00", "event": "ok", "equity": 255.6094, "cash": 242.5094, "open_positions": 2, "dd_from_baseline": -20.72, "dd_from_peak": 4.3, "runner_alive": true}
{"utc": "2026-08-04T19:05:14.533667+00:00", "event": "ok", "equity": 254.7094, "cash": 242.5094, "open_positions": 2, "dd_from_baseline": -19.82, "dd_from_peak": 5.2, "runner_alive": true}
{"utc": "2026-08-04T19:06:14.915721+00:00", "event": "ok", "equity": 254.3094, "cash": 242.5094, "open_positions": 2, "dd_from_baseline": -19.42, "dd_from_peak": 5.6, "runner_alive": true}
{"utc": "2026-08-04T19:07:15.320466+00:00", "event": "ok", "equity": 258.8094, "cash": 242.5094, "open_positions": 2, "dd_from_baseline": -23.92, "dd_from_peak": 1.1, "runner_alive": true}
{"utc": "2026-08-04T19:08:15.758273+00:00", "event": "ok", "equity": 256.2094, "cash": 242.5094, "open_positions": 2, "dd_from_baseline": -21.32, "dd_from_peak": 3.7, "runner_alive": true}
{"utc": "2026-08-04T19:09:16.168469+00:00", "event": "ok", "equity": 257.0094, "cash": 242.5094, "open_positions": 2, "dd_from_baseline": -22.12, "dd_from_peak": 2.9, "runner_alive": true}
{"utc": "2026-08-04T19:10:16.557428+00:00", "event": "ok", "equity": 260.6794, "cash": 242.5094, "open_positions": 2, "dd_from_baseline": -25.79, "dd_from_peak": -0.77, "runner_alive": true}
{"utc": "2026-08-04T19:11:16.945131+00:00", "event": "ok", "equity": 262.0894, "cash": 242.5094, "open_positions": 2, "dd_from_baseline": -27.2, "dd_from_peak": -1.41, "runner_alive": true}
{"utc": "2026-08-04T19:12:17.329803+00:00", "event": "ok", "equity": 262.2194, "cash": 242.5094, "open_positions": 2, "dd_from_baseline": -27.33, "dd_from_peak": -0.13, "runner_alive": true}
{"utc": "2026-08-04T19:13:17.711097+00:00", "event": "ok", "equity": 262.2994, "cash": 242.5094, "open_positions": 2, "dd_from_baseline": -27.41, "dd_from_peak": -0.08, "runner_alive": true}
{"utc": "2026-08-04T19:14:18.084592+00:00", "event": "ok", "equity": 262.4794, "cash": 242.5094, "open_positions": 2, "dd_from_baseline": -27.59, "dd_from_peak": -0.18, "runner_alive": true}
{"utc": "2026-08-04T19:15:18.500390+00:00", "event": "ok", "equity": 262.5094, "cash": 262.5094, "open_positions": 0, "dd_from_baseline": -27.62, "dd_from_peak": -0.03, "runner_alive": true}
{"utc": "2026-08-04T19:16:18.885457+00:00", "event": "ok", "equity": 262.4094, "cash": 256.0094, "open_positions": 1, "dd_from_baseline": -27.52, "dd_from_peak": 0.07, "runner_alive": true}
{"utc": "2026-08-04T19:17:19.261865+00:00", "event": "ok", "equity": 262.5094, "cash": 256.0094, "open_positions": 1, "dd_from_baseline": -27.62, "dd_from_peak": -0.03, "runner_alive": true}
{"utc": "2026-08-04T19:18:19.632621+00:00", "event": "ok", "equity": 263.4094, "cash": 249.3094, "open_positions": 2, "dd_from_baseline": -28.52, "dd_from_peak": -0.9, "runner_alive": true}
{"utc": "2026-08-04T19:19:20.067843+00:00", "event": "ok", "equity": 264.6094, "cash": 249.3094, "open_positions": 2, "dd_from_baseline": -29.72, "dd_from_peak": -1.2, "runner_alive": true}
{"utc": "2026-08-04T19:20:20.448850+00:00", "event": "ok", "equity": 265.8094, "cash": 249.3094, "open_positions": 2, "dd_from_baseline": -30.92, "dd_from_peak": -1.2, "runner_alive": true}
{"utc": "2026-08-04T19:21:20.836430+00:00", "event": "ok", "equity": 264.7094, "cash": 249.3094, "open_positions": 2, "dd_from_baseline": -29.82, "dd_from_peak": 0.0, "runner_alive": true}
{"utc": "2026-08-04T19:22:21.266804+00:00", "event": "ok", "equity": 265.7094, "cash": 249.3094, "open_positions": 2, "dd_from_baseline": -30.82, "dd_from_peak": -1.0, "runner_alive": true}
{"utc": "2026-08-04T19:23:21.709149+00:00", "event": "ok", "equity": 268.1694, "cash": 249.3094, "open_positions": 2, "dd_from_baseline": -33.28, "dd_from_peak": -2.46, "runner_alive": true}
{"utc": "2026-08-04T19:24:22.101623+00:00", "event": "ok", "equity": 268.9294, "cash": 249.3094, "open_positions": 2, "dd_from_baseline": -34.04, "dd_from_peak": -0.76, "runner_alive": true}
{"utc": "2026-08-04T19:25:22.512794+00:00", "event": "ok", "equity": 268.8394, "cash": 249.3094, "open_positions": 2, "dd_from_baseline": -33.95, "dd_from_peak": 0.0, "runner_alive": true}
{"utc": "2026-08-04T19:26:22.938790+00:00", "event": "ok", "equity": 267.9094, "cash": 249.3094, "open_positions": 2, "dd_from_baseline": -33.02, "dd_from_peak": 0.93, "runner_alive": true}
{"utc": "2026-08-04T19:27:23.334800+00:00", "event": "ok", "equity": 269.1394, "cash": 249.3094, "open_positions": 2, "dd_from_baseline": -34.25, "dd_from_peak": -0.3, "runner_alive": true}
{"utc": "2026-08-04T19:28:23.718149+00:00", "event": "ok", "equity": 269.0094, "cash": 249.3094, "open_positions": 2, "dd_from_baseline": -34.12, "dd_from_peak": 0.0, "runner_alive": true}
{"utc": "2026-08-04T19:29:24.109861+00:00", "event": "ok", "equity": 269.2894, "cash": 249.3094, "open_positions": 2, "dd_from_baseline": -34.4, "dd_from_peak": -0.28, "runner_alive": true}
{"utc": "2026-08-04T19:30:24.498638+00:00", "event": "ok", "equity": 269.3094, "cash": 269.3094, "open_positions": 0, "dd_from_baseline": -34.42, "dd_from_peak": -0.02, "runner_alive": true}
{"utc": "2026-08-04T19:31:24.894765+00:00", "event": "ok", "equity": 269.3094, "cash": 254.7094, "open_positions": 2, "dd_from_baseline": -34.42, "dd_from_peak": 0.0, "runner_alive": true}
{"utc": "2026-08-04T19:32:25.306334+00:00", "event": "ok", "equity": 267.4094, "cash": 254.7094, "open_positions": 2, "dd_from_baseline": -32.52, "dd_from_peak": 1.9, "runner_alive": true}
{"utc": "2026-08-04T19:33:25.691172+00:00", "event": "ok", "equity": 270.3194, "cash": 254.7094, "open_positions": 2, "dd_from_baseline": -35.43, "dd_from_peak": -1.01, "runner_alive": true}
{"utc": "2026-08-04T19:34:26.061353+00:00", "event": "ok", "equity": 269.7594, "cash": 254.7094, "open_positions": 2, "dd_from_baseline": -34.87, "dd_from_peak": 0.0, "runner_alive": true}
{"utc": "2026-08-04T19:35:26.452272+00:00", "event": "ok", "equity": 269.7194, "cash": 254.7094, "open_positions": 2, "dd_from_baseline": -34.83, "dd_from_peak": 0.04, "runner_alive": true}
{"utc": "2026-08-04T19:36:26.823676+00:00", "event": "ok", "equity": 268.6094, "cash": 254.7094, "open_positions": 2, "dd_from_baseline": -33.72, "dd_from_peak": 1.15, "runner_alive": true}
{"utc": "2026-08-04T19:37:27.232349+00:00", "event": "ok", "equity": 268.6594, "cash": 254.7094, "open_positions": 2, "dd_from_baseline": -33.77, "dd_from_peak": 1.1, "runner_alive": true}
{"utc": "2026-08-04T19:38:27.603979+00:00", "event": "ok", "equity": 269.1094, "cash": 254.7094, "open_positions": 2, "dd_from_baseline": -34.22, "dd_from_peak": 0.65, "runner_alive": true}
{"utc": "2026-08-04T19:39:27.965183+00:00", "event": "ok", "equity": 273.3694, "cash": 254.7094, "open_positions": 2, "dd_from_baseline": -38.48, "dd_from_peak": -3.61, "runner_alive": true}
{"utc": "2026-08-04T19:40:28.388872+00:00", "event": "ok", "equity": 271.7994, "cash": 254.7094, "open_positions": 2, "dd_from_baseline": -36.91, "dd_from_peak": 0.0, "runner_alive": true}
{"utc": "2026-08-04T19:41:29.314274+00:00", "event": "ok", "equity": 273.2494, "cash": 254.7094, "open_positions": 2, "dd_from_baseline": -38.36, "dd_from_peak": -1.45, "runner_alive": true}
{"utc": "2026-08-04T19:42:29.770006+00:00", "event": "ok", "equity": 274.4894, "cash": 254.7094, "open_positions": 2, "dd_from_baseline": -39.6, "dd_from_peak": -1.24, "runner_alive": true}
{"utc": "2026-08-04T19:43:30.204683+00:00", "event": "ok", "equity": 274.6694, "cash": 254.7094, "open_positions": 2, "dd_from_baseline": -39.78, "dd_from_peak": -0.18, "runner_alive": true}
{"utc": "2026-08-04T19:44:30.612938+00:00", "event": "ok", "equity": 274.6794, "cash": 254.7094, "open_positions": 2, "dd_from_baseline": -39.79, "dd_from_peak": -0.01, "runner_alive": true}
{"utc": "2026-08-04T19:45:31.033498+00:00", "event": "ok", "equity": 274.7094, "cash": 274.7094, "open_positions": 0, "dd_from_baseline": -39.82, "dd_from_peak": -0.03, "runner_alive": true}
{"utc": "2026-08-04T19:46:31.446753+00:00", "event": "ok", "equity": 274.7094, "cash": 274.7094, "open_positions": 0, "dd_from_baseline": -39.82, "dd_from_peak": 0.0, "runner_alive": true}
{"utc": "2026-08-04T19:47:31.869922+00:00", "event": "ok", "equity": 275.2094, "cash": 267.7094, "open_positions": 1, "dd_from_baseline": -40.32, "dd_from_peak": -0.5, "runner_alive": true}
{"utc": "2026-08-04T19:48:32.321149+00:00", "event": "ok", "equity": 275.9094, "cash": 267.7094, "open_positions": 1, "dd_from_baseline": -41.02, "dd_from_peak": -0.7, "runner_alive": true}
{"utc": "2026-08-04T19:49:32.776650+00:00", "event": "ok", "equity": 276.4094, "cash": 267.7094, "open_positions": 1, "dd_from_baseline": -41.52, "dd_from_peak": -0.5, "runner_alive": true}
{"utc": "2026-08-04T19:50:33.241525+00:00", "event": "ok", "equity": 276.9294, "cash": 267.7094, "open_positions": 1, "dd_from_baseline": -42.04, "dd_from_peak": -0.52, "runner_alive": true}
{"utc": "2026-08-04T19:51:33.650426+00:00", "event": "ok", "equity": 277.1794, "cash": 267.7094, "open_positions": 1, "dd_from_baseline": -42.29, "dd_from_peak": -0.25, "runner_alive": true}
{"utc": "2026-08-04T19:52:34.106971+00:00", "event": "ok", "equity": 277.3094, "cash": 267.7094, "open_positions": 1, "dd_from_baseline": -42.42, "dd_from_peak": -0.13, "runner_alive": true}
{"utc": "2026-08-04T19:53:34.521793+00:00", "event": "ok", "equity": 277.4594, "cash": 267.7094, "open_positions": 1, "dd_from_baseline": -42.57, "dd_from_peak": -0.15, "runner_alive": true}
{"utc": "2026-08-04T19:54:35.028628+00:00", "event": "ok", "equity": 277.4894, "cash": 267.7094, "open_positions": 1, "dd_from_baseline": -42.6, "dd_from_peak": -0.03, "runner_alive": true}
{"utc": "2026-08-04T19:55:35.561826+00:00", "event": "ok", "equity": 277.5194, "cash": 267.7094, "open_positions": 1, "dd_from_baseline": -42.63, "dd_from_peak": -0.03, "runner_alive": true}
{"utc": "2026-08-04T19:56:36.091190+00:00", "event": "ok", "equity": 277.6194, "cash": 267.7094, "open_positions": 1, "dd_from_baseline": -42.73, "dd_from_peak": -0.1, "runner_alive": true}
{"utc": "2026-08-04T19:57:36.568078+00:00", "event": "ok", "equity": 277.6694, "cash": 267.7094, "open_positions": 1, "dd_from_baseline": -42.78, "dd_from_peak": -0.05, "runner_alive": true}
{"utc": "2026-08-04T19:58:37.117756+00:00", "event": "ok", "equity": 277.5894, "cash": 267.7094, "open_positions": 1, "dd_from_baseline": -42.7, "dd_from_peak": 0.03, "runner_alive": true}
{"utc": "2026-08-04T19:59:37.566316+00:00", "event": "ok", "equity": 277.6994, "cash": 267.7094, "open_positions": 1, "dd_from_baseline": -42.81, "dd_from_peak": -0.08, "runner_alive": true}
{"utc": "2026-08-04T20:00:38.000558+00:00", "event": "ok", "equity": 277.7094, "cash": 277.7094, "open_positions": 0, "dd_from_baseline": -42.82, "dd_from_peak": -0.01, "runner_alive": true}
{"utc": "2026-08-04T20:01:38.478998+00:00", "event": "ok", "equity": 277.8094, "cash": 262.4094, "open_positions": 2, "dd_from_baseline": -42.92, "dd_from_peak": -0.1, "runner_alive": true}
{"utc": "2026-08-04T20:02:39.309462+00:00", "event": "ok", "equity": 279.3094, "cash": 262.4094, "open_positions": 2, "dd_from_baseline": -44.42, "dd_from_peak": -1.5, "runner_alive": true}
{"utc": "2026-08-04T20:03:39.781946+00:00", "event": "ok", "equity": 280.2094, "cash": 262.4094, "open_positions": 2, "dd_from_baseline": -45.32, "dd_from_peak": -0.9, "runner_alive": true}
{"utc": "2026-08-04T20:04:40.685403+00:00", "event": "ok", "equity": 279.6094, "cash": 262.4094, "open_positions": 2, "dd_from_baseline": -44.72, "dd_from_peak": 0.0, "runner_alive": true}
{"utc": "2026-08-04T20:05:41.929956+00:00", "event": "ok", "equity": 280.8194, "cash": 262.4094, "open_positions": 2, "dd_from_baseline": -45.93, "dd_from_peak": -1.21, "runner_alive": true}
{"utc": "2026-08-04T20:06:43.083406+00:00", "event": "ok", "equity": 281.0494, "cash": 262.4094, "open_positions": 2, "dd_from_baseline": -46.16, "dd_from_peak": -0.23, "runner_alive": true}
{"utc": "2026-08-04T20:07:44.028457+00:00", "event": "ok", "equity": 281.6194, "cash": 262.4094, "open_positions": 2, "dd_from_baseline": -46.73, "dd_from_peak": -0.57, "runner_alive": true}
{"utc": "2026-08-04T20:08:44.490866+00:00", "event": "ok", "equity": 281.6294, "cash": 262.4094, "open_positions": 2, "dd_from_baseline": -46.74, "dd_from_peak": -0.01, "runner_alive": true}
{"utc": "2026-08-04T20:09:45.035221+00:00", "event": "ok", "equity": 281.7094, "cash": 262.4094, "open_positions": 2, "dd_from_baseline": -46.82, "dd_from_peak": -0.08, "runner_alive": true}
{"utc": "2026-08-04T20:10:45.535168+00:00", "event": "ok", "equity": 282.0894, "cash": 262.4094, "open_positions": 2, "dd_from_baseline": -47.2, "dd_from_peak": -0.38, "runner_alive": true}
{"utc": "2026-08-04T20:11:46.054569+00:00", "event": "ok", "equity": 282.2994, "cash": 262.4094, "open_positions": 2, "dd_from_baseline": -47.41, "dd_from_peak": -0.21, "runner_alive": true}
{"utc": "2026-08-04T20:12:46.529510+00:00", "event": "ok", "equity": 282.2994, "cash": 262.4094, "open_positions": 2, "dd_from_baseline": -47.41, "dd_from_peak": 0.0, "runner_alive": true}
