{"utc": "2026-08-04T23:20:24.005434+00:00", "event": "watchdog_start", "baseline_equity": 310.60940000000005, "cash": 269.5094, "open_positions": 2, "max_dd": 150.0, "cycle_s": 60}
{"utc": "2026-08-04T23:21:24.929361+00:00", "event": "ok", "equity": 310.6094, "cash": 269.5094, "open_positions": 2, "dd_from_baseline": 0.0, "dd_from_peak": 0.0, "runner_alive": true}
{"utc": "2026-08-04T23:22:25.822978+00:00", "event": "ok", "equity": 310.6094, "cash": 269.5094, "open_positions": 2, "dd_from_baseline": 0.0, "dd_from_peak": 0.0, "runner_alive": true}
{"utc": "2026-08-04T23:23:26.602473+00:00", "event": "ok", "equity": 310.6094, "cash": 269.5094, "open_positions": 2, "dd_from_baseline": 0.0, "dd_from_peak": 0.0, "runner_alive": true}
{"utc": "2026-08-04T23:24:27.400962+00:00", "event": "ok", "equity": 310.6094, "cash": 269.5094, "open_positions": 2, "dd_from_baseline": 0.0, "dd_from_peak": 0.0, "runner_alive": true}
{"utc": "2026-08-04T23:25:28.183235+00:00", "event": "ok", "equity": 310.6094, "cash": 269.5094, "open_positions": 2, "dd_from_baseline": 0.0, "dd_from_peak": 0.0, "runner_alive": true}
{"utc": "2026-08-04T23:26:28.998915+00:00", "event": "ok", "equity": 310.6094, "cash": 269.5094, "open_positions": 2, "dd_from_baseline": 0.0, "dd_from_peak": 0.0, "runner_alive": true}
{"utc": "2026-08-04T23:27:29.822129+00:00", "event": "ok", "equity": 310.6094, "cash": 269.5094, "open_positions": 2, "dd_from_baseline": 0.0, "dd_from_peak": 0.0, "runner_alive": true}
{"utc": "2026-08-04T23:28:30.604551+00:00", "event": "ok", "equity": 310.6094, "cash": 269.5094, "open_positions": 2, "dd_from_baseline": 0.0, "dd_from_peak": 0.0, "runner_alive": true}
{"utc": "2026-08-04T23:29:31.379096+00:00", "event": "ok", "equity": 310.6094, "cash": 269.5094, "open_positions": 2, "dd_from_baseline": 0.0, "dd_from_peak": 0.0, "runner_alive": true}
{"utc": "2026-08-04T23:30:32.067626+00:00", "event": "ok", "equity": 269.5094, "cash": 269.5094, "open_positions": 0, "dd_from_baseline": 41.1, "dd_from_peak": 41.1, "runner_alive": true}
{"utc": "2026-08-04T23:31:32.745992+00:00", "event": "ok", "equity": 269.5094, "cash": 228.4094, "open_positions": 2, "dd_from_baseline": 41.1, "dd_from_peak": 41.1, "runner_alive": true}
{"utc": "2026-08-04T23:32:33.673117+00:00", "event": "ok", "equity": 269.5094, "cash": 228.4094, "open_positions": 2, "dd_from_baseline": 41.1, "dd_from_peak": 41.1, "runner_alive": true}
{"utc": "2026-08-04T23:33:34.441230+00:00", "event": "ok", "equity": 269.5094, "cash": 228.4094, "open_positions": 2, "dd_from_baseline": 41.1, "dd_from_peak": 41.1, "runner_alive": true}
{"utc": "2026-08-04T23:34:35.184508+00:00", "event": "ok", "equity": 269.5094, "cash": 228.4094, "open_positions": 2, "dd_from_baseline": 41.1, "dd_from_peak": 41.1, "runner_alive": true}
{"utc": "2026-08-04T23:35:35.933234+00:00", "event": "ok", "equity": 269.5094, "cash": 228.4094, "open_positions": 2, "dd_from_baseline": 41.1, "dd_from_peak": 41.1, "runner_alive": true}
{"utc": "2026-08-04T23:36:36.698427+00:00", "event": "ok", "equity": 269.5094, "cash": 228.4094, "open_positions": 2, "dd_from_baseline": 41.1, "dd_from_peak": 41.1, "runner_alive": true}
{"utc": "2026-08-04T23:37:37.619615+00:00", "event": "ok", "equity": 269.5094, "cash": 228.4094, "open_positions": 2, "dd_from_baseline": 41.1, "dd_from_peak": 41.1, "runner_alive": true}
{"utc": "2026-08-04T23:38:38.504873+00:00", "event": "ok", "equity": 269.5094, "cash": 228.4094, "open_positions": 2, "dd_from_baseline": 41.1, "dd_from_peak": 41.1, "runner_alive": true}
{"utc": "2026-08-04T23:39:39.241353+00:00", "event": "ok", "equity": 269.5094, "cash": 228.4094, "open_positions": 2, "dd_from_baseline": 41.1, "dd_from_peak": 41.1, "runner_alive": true}
{"utc": "2026-08-04T23:40:40.039348+00:00", "event": "ok", "equity": 269.5094, "cash": 228.4094, "open_positions": 2, "dd_from_baseline": 41.1, "dd_from_peak": 41.1, "runner_alive": true}
{"utc": "2026-08-04T23:41:40.898716+00:00", "event": "ok", "equity": 269.5094, "cash": 228.4094, "open_positions": 2, "dd_from_baseline": 41.1, "dd_from_peak": 41.1, "runner_alive": true}
{"utc": "2026-08-04T23:42:41.707815+00:00", "event": "ok", "equity": 269.5094, "cash": 228.4094, "open_positions": 2, "dd_from_baseline": 41.1, "dd_from_peak": 41.1, "runner_alive": true}
{"utc": "2026-08-04T23:43:42.544578+00:00", "event": "ok", "equity": 269.5094, "cash": 228.4094, "open_positions": 2, "dd_from_baseline": 41.1, "dd_from_peak": 41.1, "runner_alive": true}
{"utc": "2026-08-04T23:44:43.422659+00:00", "event": "ok", "equity": 269.5094, "cash": 228.4094, "open_positions": 2, "dd_from_baseline": 41.1, "dd_from_peak": 41.1, "runner_alive": true}
{"utc": "2026-08-04T23:45:44.247047+00:00", "event": "ok", "equity": 258.4094, "cash": 258.4094, "open_positions": 0, "dd_from_baseline": 52.2, "dd_from_peak": 52.2, "runner_alive": true}
{"utc": "2026-08-04T23:46:45.106245+00:00", "event": "ok", "equity": 258.4094, "cash": 236.5094, "open_positions": 1, "dd_from_baseline": 52.2, "dd_from_peak": 52.2, "runner_alive": true}
{"utc": "2026-08-04T23:47:46.333580+00:00", "event": "ok", "equity": 258.4094, "cash": 236.5094, "open_positions": 1, "dd_from_baseline": 52.2, "dd_from_peak": 52.2, "runner_alive": true}
{"utc": "2026-08-04T23:48:47.146655+00:00", "event": "ok", "equity": 258.4094, "cash": 236.5094, "open_positions": 1, "dd_from_baseline": 52.2, "dd_from_peak": 52.2, "runner_alive": true}
{"utc": "2026-08-04T23:49:47.927216+00:00", "event": "ok", "equity": 258.4094, "cash": 236.5094, "open_positions": 1, "dd_from_baseline": 52.2, "dd_from_peak": 52.2, "runner_alive": true}
{"utc": "2026-08-04T23:50:48.710390+00:00", "event": "ok", "equity": 258.4094, "cash": 236.5094, "open_positions": 1, "dd_from_baseline": 52.2, "dd_from_peak": 52.2, "runner_alive": true}
{"utc": "2026-08-04T23:51:49.401741+00:00", "event": "ok", "equity": 258.4094, "cash": 236.5094, "open_positions": 1, "dd_from_baseline": 52.2, "dd_from_peak": 52.2, "runner_alive": true}
{"utc": "2026-08-04T23:52:50.025616+00:00", "event": "ok", "equity": 258.4094, "cash": 236.5094, "open_positions": 1, "dd_from_baseline": 52.2, "dd_from_peak": 52.2, "runner_alive": true}
{"utc": "2026-08-04T23:53:51.360160+00:00", "event": "ok", "equity": 258.4094, "cash": 236.5094, "open_positions": 1, "dd_from_baseline": 52.2, "dd_from_peak": 52.2, "runner_alive": true}
{"utc": "2026-08-04T23:54:52.490865+00:00", "event": "ok", "equity": 258.4094, "cash": 236.5094, "open_positions": 1, "dd_from_baseline": 52.2, "dd_from_peak": 52.2, "runner_alive": true}
{"utc": "2026-08-04T23:55:53.252329+00:00", "event": "ok", "equity": 258.4094, "cash": 236.5094, "open_positions": 1, "dd_from_baseline": 52.2, "dd_from_peak": 52.2, "runner_alive": true}
{"utc": "2026-08-04T23:56:54.293184+00:00", "event": "ok", "equity": 258.4094, "cash": 236.5094, "open_positions": 1, "dd_from_baseline": 52.2, "dd_from_peak": 52.2, "runner_alive": true}
{"utc": "2026-08-04T23:57:55.156926+00:00", "event": "ok", "equity": 258.4094, "cash": 236.5094, "open_positions": 1, "dd_from_baseline": 52.2, "dd_from_peak": 52.2, "runner_alive": true}
{"utc": "2026-08-04T23:58:56.260402+00:00", "event": "ok", "equity": 258.4094, "cash": 236.5094, "open_positions": 1, "dd_from_baseline": 52.2, "dd_from_peak": 52.2, "runner_alive": true}
{"utc": "2026-08-04T23:59:57.106303+00:00", "event": "ok", "equity": 258.4094, "cash": 236.5094, "open_positions": 1, "dd_from_baseline": 52.2, "dd_from_peak": 52.2, "runner_alive": true}
{"utc": "2026-08-05T00:00:57.853976+00:00", "event": "ok", "equity": 266.5094, "cash": 266.5094, "open_positions": 0, "dd_from_baseline": 44.1, "dd_from_peak": 44.1, "runner_alive": true}
{"utc": "2026-08-05T00:01:58.590109+00:00", "event": "ok", "equity": 266.5094, "cash": 247.0094, "open_positions": 1, "dd_from_baseline": 44.1, "dd_from_peak": 44.1, "runner_alive": true}
{"utc": "2026-08-05T00:02:59.355217+00:00", "event": "ok", "equity": 266.5094, "cash": 226.9094, "open_positions": 2, "dd_from_baseline": 44.1, "dd_from_peak": 44.1, "runner_alive": true}
{"utc": "2026-08-05T00:04:00.105990+00:00", "event": "ok", "equity": 266.5094, "cash": 226.9094, "open_positions": 2, "dd_from_baseline": 44.1, "dd_from_peak": 44.1, "runner_alive": true}
{"utc": "2026-08-05T00:05:00.832142+00:00", "event": "ok", "equity": 266.5094, "cash": 226.9094, "open_positions": 2, "dd_from_baseline": 44.1, "dd_from_peak": 44.1, "runner_alive": true}
{"utc": "2026-08-05T00:06:01.422727+00:00", "event": "ok", "equity": 266.5094, "cash": 226.9094, "open_positions": 2, "dd_from_baseline": 44.1, "dd_from_peak": 44.1, "runner_alive": true}
{"utc": "2026-08-05T00:07:02.061787+00:00", "event": "ok", "equity": 266.5094, "cash": 226.9094, "open_positions": 2, "dd_from_baseline": 44.1, "dd_from_peak": 44.1, "runner_alive": true}
{"utc": "2026-08-05T00:08:02.674118+00:00", "event": "ok", "equity": 266.5094, "cash": 226.9094, "open_positions": 2, "dd_from_baseline": 44.1, "dd_from_peak": 44.1, "runner_alive": true}
{"utc": "2026-08-05T00:09:03.345083+00:00", "event": "ok", "equity": 266.5094, "cash": 226.9094, "open_positions": 2, "dd_from_baseline": 44.1, "dd_from_peak": 44.1, "runner_alive": true}
{"utc": "2026-08-05T00:10:04.060361+00:00", "event": "ok", "equity": 266.5094, "cash": 226.9094, "open_positions": 2, "dd_from_baseline": 44.1, "dd_from_peak": 44.1, "runner_alive": true}
{"utc": "2026-08-05T00:11:04.721798+00:00", "event": "ok", "equity": 266.5094, "cash": 226.9094, "open_positions": 2, "dd_from_baseline": 44.1, "dd_from_peak": 44.1, "runner_alive": true}
{"utc": "2026-08-05T00:12:05.378142+00:00", "event": "ok", "equity": 266.5094, "cash": 226.9094, "open_positions": 2, "dd_from_baseline": 44.1, "dd_from_peak": 44.1, "runner_alive": true}
{"utc": "2026-08-05T00:13:05.999665+00:00", "event": "ok", "equity": 266.5094, "cash": 226.9094, "open_positions": 2, "dd_from_baseline": 44.1, "dd_from_peak": 44.1, "runner_alive": true}
{"utc": "2026-08-05T00:14:06.609742+00:00", "event": "ok", "equity": 266.5094, "cash": 226.9094, "open_positions": 2, "dd_from_baseline": 44.1, "dd_from_peak": 44.1, "runner_alive": true}
{"utc": "2026-08-05T00:15:07.258938+00:00", "event": "ok", "equity": 266.5094, "cash": 226.9094, "open_positions": 2, "dd_from_baseline": 44.1, "dd_from_peak": 44.1, "runner_alive": true}
{"utc": "2026-08-05T00:16:08.363278+00:00", "event": "ok", "equity": 286.9094, "cash": 286.9094, "open_positions": 0, "dd_from_baseline": 23.7, "dd_from_peak": 23.7, "runner_alive": true}
{"utc": "2026-08-05T00:17:09.707445+00:00", "event": "ok", "equity": 286.9094, "cash": 266.8094, "open_positions": 1, "dd_from_baseline": 23.7, "dd_from_peak": 23.7, "runner_alive": true}
{"utc": "2026-08-05T00:18:10.685187+00:00", "event": "ok", "equity": 286.9094, "cash": 247.3094, "open_positions": 2, "dd_from_baseline": 23.7, "dd_from_peak": 23.7, "runner_alive": true}
{"utc": "2026-08-05T00:19:11.575428+00:00", "event": "ok", "equity": 286.9094, "cash": 247.3094, "open_positions": 2, "dd_from_baseline": 23.7, "dd_from_peak": 23.7, "runner_alive": true}
{"utc": "2026-08-05T00:20:12.417476+00:00", "event": "ok", "equity": 286.9094, "cash": 247.3094, "open_positions": 2, "dd_from_baseline": 23.7, "dd_from_peak": 23.7, "runner_alive": true}
{"utc": "2026-08-05T00:21:13.210568+00:00", "event": "ok", "equity": 286.9094, "cash": 247.3094, "open_positions": 2, "dd_from_baseline": 23.7, "dd_from_peak": 23.7, "runner_alive": true}
{"utc": "2026-08-05T00:22:13.983006+00:00", "event": "ok", "equity": 286.9094, "cash": 247.3094, "open_positions": 2, "dd_from_baseline": 23.7, "dd_from_peak": 23.7, "runner_alive": true}
{"utc": "2026-08-05T00:23:14.864940+00:00", "event": "ok", "equity": 286.9094, "cash": 247.3094, "open_positions": 2, "dd_from_baseline": 23.7, "dd_from_peak": 23.7, "runner_alive": true}
{"utc": "2026-08-05T00:24:15.696306+00:00", "event": "ok", "equity": 286.9094, "cash": 247.3094, "open_positions": 2, "dd_from_baseline": 23.7, "dd_from_peak": 23.7, "runner_alive": true}
{"utc": "2026-08-05T00:25:16.451843+00:00", "event": "ok", "equity": 286.9094, "cash": 247.3094, "open_positions": 2, "dd_from_baseline": 23.7, "dd_from_peak": 23.7, "runner_alive": true}
{"utc": "2026-08-05T00:26:17.211342+00:00", "event": "ok", "equity": 286.9094, "cash": 247.3094, "open_positions": 2, "dd_from_baseline": 23.7, "dd_from_peak": 23.7, "runner_alive": true}
{"utc": "2026-08-05T00:27:17.998302+00:00", "event": "ok", "equity": 286.9094, "cash": 247.3094, "open_positions": 2, "dd_from_baseline": 23.7, "dd_from_peak": 23.7, "runner_alive": true}
{"utc": "2026-08-05T00:28:18.767678+00:00", "event": "ok", "equity": 286.9094, "cash": 247.3094, "open_positions": 2, "dd_from_baseline": 23.7, "dd_from_peak": 23.7, "runner_alive": true}
{"utc": "2026-08-05T00:29:19.480242+00:00", "event": "ok", "equity": 286.9094, "cash": 247.3094, "open_positions": 2, "dd_from_baseline": 23.7, "dd_from_peak": 23.7, "runner_alive": true}
{"utc": "2026-08-05T00:30:20.260849+00:00", "event": "ok", "equity": 307.3094, "cash": 307.3094, "open_positions": 0, "dd_from_baseline": 3.3, "dd_from_peak": 3.3, "runner_alive": true}
{"utc": "2026-08-05T00:31:20.960917+00:00", "event": "ok", "equity": 307.3094, "cash": 264.1094, "open_positions": 2, "dd_from_baseline": 3.3, "dd_from_peak": 3.3, "runner_alive": true}
{"utc": "2026-08-05T00:32:21.724379+00:00", "event": "ok", "equity": 307.3094, "cash": 264.1094, "open_positions": 2, "dd_from_baseline": 3.3, "dd_from_peak": 3.3, "runner_alive": true}
{"utc": "2026-08-05T00:33:22.548872+00:00", "event": "ok", "equity": 307.3094, "cash": 264.1094, "open_positions": 2, "dd_from_baseline": 3.3, "dd_from_peak": 3.3, "runner_alive": true}
{"utc": "2026-08-05T00:34:23.335821+00:00", "event": "ok", "equity": 307.3094, "cash": 264.1094, "open_positions": 2, "dd_from_baseline": 3.3, "dd_from_peak": 3.3, "runner_alive": true}
{"utc": "2026-08-05T00:35:24.182209+00:00", "event": "ok", "equity": 307.3094, "cash": 264.1094, "open_positions": 2, "dd_from_baseline": 3.3, "dd_from_peak": 3.3, "runner_alive": true}
{"utc": "2026-08-05T00:36:24.999117+00:00", "event": "ok", "equity": 307.3094, "cash": 264.1094, "open_positions": 2, "dd_from_baseline": 3.3, "dd_from_peak": 3.3, "runner_alive": true}
{"utc": "2026-08-05T00:37:25.894757+00:00", "event": "ok", "equity": 307.3094, "cash": 264.1094, "open_positions": 2, "dd_from_baseline": 3.3, "dd_from_peak": 3.3, "runner_alive": true}
{"utc": "2026-08-05T00:38:26.819352+00:00", "event": "ok", "equity": 307.3094, "cash": 264.1094, "open_positions": 2, "dd_from_baseline": 3.3, "dd_from_peak": 3.3, "runner_alive": true}
{"utc": "2026-08-05T00:39:27.658961+00:00", "event": "ok", "equity": 307.3094, "cash": 264.1094, "open_positions": 2, "dd_from_baseline": 3.3, "dd_from_peak": 3.3, "runner_alive": true}
{"utc": "2026-08-05T00:40:28.507013+00:00", "event": "ok", "equity": 307.3094, "cash": 264.1094, "open_positions": 2, "dd_from_baseline": 3.3, "dd_from_peak": 3.3, "runner_alive": true}
{"utc": "2026-08-05T00:41:29.191971+00:00", "event": "ok", "equity": 307.3094, "cash": 264.1094, "open_positions": 2, "dd_from_baseline": 3.3, "dd_from_peak": 3.3, "runner_alive": true}
{"utc": "2026-08-05T00:42:29.873198+00:00", "event": "ok", "equity": 307.3094, "cash": 264.1094, "open_positions": 2, "dd_from_baseline": 3.3, "dd_from_peak": 3.3, "runner_alive": true}
{"utc": "2026-08-05T00:43:30.555197+00:00", "event": "ok", "equity": 307.3094, "cash": 264.1094, "open_positions": 2, "dd_from_baseline": 3.3, "dd_from_peak": 3.3, "runner_alive": true}
{"utc": "2026-08-05T00:44:31.214297+00:00", "event": "ok", "equity": 307.3094, "cash": 264.1094, "open_positions": 2, "dd_from_baseline": 3.3, "dd_from_peak": 3.3, "runner_alive": true}
{"utc": "2026-08-05T00:45:31.831979+00:00", "event": "ok", "equity": 324.1094, "cash": 324.1094, "open_positions": 0, "dd_from_baseline": -13.5, "dd_from_peak": -13.5, "runner_alive": true}
{"utc": "2026-08-05T00:46:32.522196+00:00", "event": "ok", "equity": 324.1094, "cash": 324.1094, "open_positions": 0, "dd_from_baseline": -13.5, "dd_from_peak": 0.0, "runner_alive": true}
{"utc": "2026-08-05T00:47:33.462304+00:00", "event": "ok", "equity": 324.1094, "cash": 281.8094, "open_positions": 2, "dd_from_baseline": -13.5, "dd_from_peak": 0.0, "runner_alive": true}
{"utc": "2026-08-05T00:48:34.292886+00:00", "event": "ok", "equity": 324.1094, "cash": 281.8094, "open_positions": 2, "dd_from_baseline": -13.5, "dd_from_peak": 0.0, "runner_alive": true}
{"utc": "2026-08-05T00:49:35.117949+00:00", "event": "ok", "equity": 324.1094, "cash": 281.8094, "open_positions": 2, "dd_from_baseline": -13.5, "dd_from_peak": 0.0, "runner_alive": true}
{"utc": "2026-08-05T00:50:35.964812+00:00", "event": "ok", "equity": 324.1094, "cash": 281.8094, "open_positions": 2, "dd_from_baseline": -13.5, "dd_from_peak": 0.0, "runner_alive": true}
{"utc": "2026-08-05T00:51:36.703541+00:00", "event": "ok", "equity": 324.1094, "cash": 281.8094, "open_positions": 2, "dd_from_baseline": -13.5, "dd_from_peak": 0.0, "runner_alive": true}
{"utc": "2026-08-05T00:52:37.517472+00:00", "event": "ok", "equity": 324.1094, "cash": 281.8094, "open_positions": 2, "dd_from_baseline": -13.5, "dd_from_peak": 0.0, "runner_alive": true}
{"utc": "2026-08-05T00:53:38.270107+00:00", "event": "ok", "equity": 324.1094, "cash": 281.8094, "open_positions": 2, "dd_from_baseline": -13.5, "dd_from_peak": 0.0, "runner_alive": true}
{"utc": "2026-08-05T00:54:39.020401+00:00", "event": "ok", "equity": 324.1094, "cash": 281.8094, "open_positions": 2, "dd_from_baseline": -13.5, "dd_from_peak": 0.0, "runner_alive": true}
{"utc": "2026-08-05T00:55:39.798564+00:00", "event": "ok", "equity": 324.1094, "cash": 281.8094, "open_positions": 2, "dd_from_baseline": -13.5, "dd_from_peak": 0.0, "runner_alive": true}
{"utc": "2026-08-05T00:56:40.731983+00:00", "event": "ok", "equity": 324.1094, "cash": 281.8094, "open_positions": 2, "dd_from_baseline": -13.5, "dd_from_peak": 0.0, "runner_alive": true}
{"utc": "2026-08-05T00:57:41.659464+00:00", "event": "ok", "equity": 324.1094, "cash": 281.8094, "open_positions": 2, "dd_from_baseline": -13.5, "dd_from_peak": 0.0, "runner_alive": true}
{"utc": "2026-08-05T00:58:42.654480+00:00", "event": "ok", "equity": 324.1094, "cash": 281.8094, "open_positions": 2, "dd_from_baseline": -13.5, "dd_from_peak": 0.0, "runner_alive": true}
{"utc": "2026-08-05T00:59:43.400033+00:00", "event": "ok", "equity": 324.1094, "cash": 281.8094, "open_positions": 2, "dd_from_baseline": -13.5, "dd_from_peak": 0.0, "runner_alive": true}
{"utc": "2026-08-05T01:00:44.322637+00:00", "event": "ok", "equity": 341.8094, "cash": 341.8094, "open_positions": 0, "dd_from_baseline": -31.2, "dd_from_peak": -17.7, "runner_alive": true}
{"utc": "2026-08-05T01:01:45.037672+00:00", "event": "ok", "equity": 341.8094, "cash": 302.5094, "open_positions": 2, "dd_from_baseline": -31.2, "dd_from_peak": -0.0, "runner_alive": true}
{"utc": "2026-08-05T01:02:45.774835+00:00", "event": "ok", "equity": 341.8094, "cash": 302.5094, "open_positions": 2, "dd_from_baseline": -31.2, "dd_from_peak": 0.0, "runner_alive": true}
{"utc": "2026-08-05T01:03:46.349860+00:00", "event": "ok", "equity": 341.8094, "cash": 302.5094, "open_positions": 2, "dd_from_baseline": -31.2, "dd_from_peak": 0.0, "runner_alive": true}
{"utc": "2026-08-05T01:04:47.062322+00:00", "event": "ok", "equity": 341.8094, "cash": 302.5094, "open_positions": 2, "dd_from_baseline": -31.2, "dd_from_peak": 0.0, "runner_alive": true}
{"utc": "2026-08-05T01:05:48.488775+00:00", "event": "ok", "equity": 341.8094, "cash": 302.5094, "open_positions": 2, "dd_from_baseline": -31.2, "dd_from_peak": 0.0, "runner_alive": true}
{"utc": "2026-08-05T01:06:49.834371+00:00", "event": "ok", "equity": 341.8094, "cash": 302.5094, "open_positions": 2, "dd_from_baseline": -31.2, "dd_from_peak": 0.0, "runner_alive": true}
{"utc": "2026-08-05T01:07:50.603270+00:00", "event": "ok", "equity": 341.8094, "cash": 302.5094, "open_positions": 2, "dd_from_baseline": -31.2, "dd_from_peak": 0.0, "runner_alive": true}
{"utc": "2026-08-05T01:08:51.469811+00:00", "event": "ok", "equity": 341.8094, "cash": 302.5094, "open_positions": 2, "dd_from_baseline": -31.2, "dd_from_peak": 0.0, "runner_alive": true}
{"utc": "2026-08-05T01:09:52.325688+00:00", "event": "ok", "equity": 341.8094, "cash": 302.5094, "open_positions": 2, "dd_from_baseline": -31.2, "dd_from_peak": 0.0, "runner_alive": true}
{"utc": "2026-08-05T01:10:53.045870+00:00", "event": "ok", "equity": 341.8094, "cash": 302.5094, "open_positions": 2, "dd_from_baseline": -31.2, "dd_from_peak": 0.0, "runner_alive": true}
{"utc": "2026-08-05T01:11:54.452307+00:00", "event": "ok", "equity": 341.8094, "cash": 302.5094, "open_positions": 2, "dd_from_baseline": -31.2, "dd_from_peak": 0.0, "runner_alive": true}
{"utc": "2026-08-05T01:12:56.790752+00:00", "event": "ok", "equity": 341.8094, "cash": 302.5094, "open_positions": 2, "dd_from_baseline": -31.2, "dd_from_peak": 0.0, "runner_alive": true}
{"utc": "2026-08-05T01:13:58.675117+00:00", "event": "ok", "equity": 341.8094, "cash": 302.5094, "open_positions": 2, "dd_from_baseline": -31.2, "dd_from_peak": 0.0, "runner_alive": true}
{"utc": "2026-08-05T01:14:59.646487+00:00", "event": "ok", "equity": 341.8094, "cash": 302.5094, "open_positions": 2, "dd_from_baseline": -31.2, "dd_from_peak": 0.0, "runner_alive": true}
{"utc": "2026-08-05T01:16:00.648519+00:00", "event": "ok", "equity": 332.5094, "cash": 332.5094, "open_positions": 0, "dd_from_baseline": -21.9, "dd_from_peak": 9.3, "runner_alive": true}
{"utc": "2026-08-05T01:17:01.448360+00:00", "event": "ok", "equity": 332.5094, "cash": 312.4094, "open_positions": 1, "dd_from_baseline": -21.9, "dd_from_peak": 9.3, "runner_alive": true}
{"utc": "2026-08-05T01:18:02.309449+00:00", "event": "ok", "equity": 332.5094, "cash": 312.4094, "open_positions": 1, "dd_from_baseline": -21.9, "dd_from_peak": 9.3, "runner_alive": true}
{"utc": "2026-08-05T01:19:03.278551+00:00", "event": "ok", "equity": 332.5094, "cash": 292.9094, "open_positions": 2, "dd_from_baseline": -21.9, "dd_from_peak": 9.3, "runner_alive": true}
{"utc": "2026-08-05T01:20:04.110344+00:00", "event": "ok", "equity": 332.5094, "cash": 292.9094, "open_positions": 2, "dd_from_baseline": -21.9, "dd_from_peak": 9.3, "runner_alive": true}
{"utc": "2026-08-05T01:21:04.601288+00:00", "event": "ok", "equity": 332.5094, "cash": 292.9094, "open_positions": 2, "dd_from_baseline": -21.9, "dd_from_peak": 9.3, "runner_alive": true}
{"utc": "2026-08-05T01:22:05.445674+00:00", "event": "ok", "equity": 332.5094, "cash": 292.9094, "open_positions": 2, "dd_from_baseline": -21.9, "dd_from_peak": 9.3, "runner_alive": true}
{"utc": "2026-08-05T01:23:06.081735+00:00", "event": "ok", "equity": 332.5094, "cash": 292.9094, "open_positions": 2, "dd_from_baseline": -21.9, "dd_from_peak": 9.3, "runner_alive": true}
{"utc": "2026-08-05T01:24:06.715671+00:00", "event": "ok", "equity": 332.5094, "cash": 292.9094, "open_positions": 2, "dd_from_baseline": -21.9, "dd_from_peak": 9.3, "runner_alive": true}
{"utc": "2026-08-05T01:25:07.292562+00:00", "event": "ok", "equity": 332.5094, "cash": 292.9094, "open_positions": 2, "dd_from_baseline": -21.9, "dd_from_peak": 9.3, "runner_alive": true}
{"utc": "2026-08-05T01:26:07.846692+00:00", "event": "ok", "equity": 332.5094, "cash": 292.9094, "open_positions": 2, "dd_from_baseline": -21.9, "dd_from_peak": 9.3, "runner_alive": true}
{"utc": "2026-08-05T01:27:08.449168+00:00", "event": "ok", "equity": 332.5094, "cash": 292.9094, "open_positions": 2, "dd_from_baseline": -21.9, "dd_from_peak": 9.3, "runner_alive": true}
{"utc": "2026-08-05T01:28:09.004442+00:00", "event": "ok", "equity": 332.5094, "cash": 292.9094, "open_positions": 2, "dd_from_baseline": -21.9, "dd_from_peak": 9.3, "runner_alive": true}
{"utc": "2026-08-05T01:29:09.559454+00:00", "event": "ok", "equity": 332.5094, "cash": 292.9094, "open_positions": 2, "dd_from_baseline": -21.9, "dd_from_peak": 9.3, "runner_alive": true}
{"utc": "2026-08-05T01:30:10.071171+00:00", "event": "ok", "equity": 332.5094, "cash": 292.9094, "open_positions": 2, "dd_from_baseline": -21.9, "dd_from_peak": 9.3, "runner_alive": true}
{"utc": "2026-08-05T01:31:10.694626+00:00", "event": "ok", "equity": 292.9094, "cash": 292.9094, "open_positions": 0, "dd_from_baseline": 17.7, "dd_from_peak": 48.9, "runner_alive": true}
{"utc": "2026-08-05T01:32:11.384078+00:00", "event": "ok", "equity": 292.9094, "cash": 249.7094, "open_positions": 2, "dd_from_baseline": 17.7, "dd_from_peak": 48.9, "runner_alive": true}
{"utc": "2026-08-05T01:33:12.121844+00:00", "event": "ok", "equity": 292.9094, "cash": 249.7094, "open_positions": 2, "dd_from_baseline": 17.7, "dd_from_peak": 48.9, "runner_alive": true}
{"utc": "2026-08-05T01:34:12.758991+00:00", "event": "ok", "equity": 292.9094, "cash": 249.7094, "open_positions": 2, "dd_from_baseline": 17.7, "dd_from_peak": 48.9, "runner_alive": true}
{"utc": "2026-08-05T01:35:13.423366+00:00", "event": "ok", "equity": 292.9094, "cash": 249.7094, "open_positions": 2, "dd_from_baseline": 17.7, "dd_from_peak": 48.9, "runner_alive": true}
{"utc": "2026-08-05T01:36:14.026088+00:00", "event": "ok", "equity": 292.9094, "cash": 249.7094, "open_positions": 2, "dd_from_baseline": 17.7, "dd_from_peak": 48.9, "runner_alive": true}
{"utc": "2026-08-05T01:37:14.805740+00:00", "event": "ok", "equity": 292.9094, "cash": 249.7094, "open_positions": 2, "dd_from_baseline": 17.7, "dd_from_peak": 48.9, "runner_alive": true}
{"utc": "2026-08-05T01:38:15.794694+00:00", "event": "ok", "equity": 292.9094, "cash": 249.7094, "open_positions": 2, "dd_from_baseline": 17.7, "dd_from_peak": 48.9, "runner_alive": true}
{"utc": "2026-08-05T01:39:16.371911+00:00", "event": "ok", "equity": 292.9094, "cash": 249.7094, "open_positions": 2, "dd_from_baseline": 17.7, "dd_from_peak": 48.9, "runner_alive": true}
{"utc": "2026-08-05T01:40:16.877795+00:00", "event": "ok", "equity": 292.9094, "cash": 249.7094, "open_positions": 2, "dd_from_baseline": 17.7, "dd_from_peak": 48.9, "runner_alive": true}
{"utc": "2026-08-05T01:41:17.462306+00:00", "event": "ok", "equity": 292.9094, "cash": 249.7094, "open_positions": 2, "dd_from_baseline": 17.7, "dd_from_peak": 48.9, "runner_alive": true}
{"utc": "2026-08-05T01:42:18.101123+00:00", "event": "ok", "equity": 292.9094, "cash": 249.7094, "open_positions": 2, "dd_from_baseline": 17.7, "dd_from_peak": 48.9, "runner_alive": true}
{"utc": "2026-08-05T01:43:18.733124+00:00", "event": "ok", "equity": 292.9094, "cash": 249.7094, "open_positions": 2, "dd_from_baseline": 17.7, "dd_from_peak": 48.9, "runner_alive": true}
{"utc": "2026-08-05T01:44:19.260950+00:00", "event": "ok", "equity": 292.9094, "cash": 249.7094, "open_positions": 2, "dd_from_baseline": 17.7, "dd_from_peak": 48.9, "runner_alive": true}
{"utc": "2026-08-05T01:45:19.758545+00:00", "event": "ok", "equity": 309.7094, "cash": 309.7094, "open_positions": 0, "dd_from_baseline": 0.9, "dd_from_peak": 32.1, "runner_alive": true}
{"utc": "2026-08-05T01:46:20.332519+00:00", "event": "ok", "equity": 309.7094, "cash": 270.1094, "open_positions": 2, "dd_from_baseline": 0.9, "dd_from_peak": 32.1, "runner_alive": true}
{"utc": "2026-08-05T01:47:20.888040+00:00", "event": "ok", "equity": 309.7094, "cash": 270.1094, "open_positions": 2, "dd_from_baseline": 0.9, "dd_from_peak": 32.1, "runner_alive": true}
{"utc": "2026-08-05T01:48:21.457215+00:00", "event": "ok", "equity": 309.7094, "cash": 270.1094, "open_positions": 2, "dd_from_baseline": 0.9, "dd_from_peak": 32.1, "runner_alive": true}
{"utc": "2026-08-05T01:49:22.034787+00:00", "event": "ok", "equity": 309.7094, "cash": 270.1094, "open_positions": 2, "dd_from_baseline": 0.9, "dd_from_peak": 32.1, "runner_alive": true}
{"utc": "2026-08-05T01:50:22.614972+00:00", "event": "ok", "equity": 309.7094, "cash": 270.1094, "open_positions": 2, "dd_from_baseline": 0.9, "dd_from_peak": 32.1, "runner_alive": true}
{"utc": "2026-08-05T01:51:23.191350+00:00", "event": "ok", "equity": 309.7094, "cash": 270.1094, "open_positions": 2, "dd_from_baseline": 0.9, "dd_from_peak": 32.1, "runner_alive": true}
{"utc": "2026-08-05T01:52:23.790445+00:00", "event": "ok", "equity": 309.7094, "cash": 270.1094, "open_positions": 2, "dd_from_baseline": 0.9, "dd_from_peak": 32.1, "runner_alive": true}
{"utc": "2026-08-05T01:53:24.333967+00:00", "event": "ok", "equity": 309.7094, "cash": 270.1094, "open_positions": 2, "dd_from_baseline": 0.9, "dd_from_peak": 32.1, "runner_alive": true}
{"utc": "2026-08-05T01:54:25.358517+00:00", "event": "ok", "equity": 309.7094, "cash": 270.1094, "open_positions": 2, "dd_from_baseline": 0.9, "dd_from_peak": 32.1, "runner_alive": true}
{"utc": "2026-08-05T01:55:25.927743+00:00", "event": "ok", "equity": 309.7094, "cash": 270.1094, "open_positions": 2, "dd_from_baseline": 0.9, "dd_from_peak": 32.1, "runner_alive": true}
{"utc": "2026-08-05T01:56:26.484451+00:00", "event": "ok", "equity": 309.7094, "cash": 270.1094, "open_positions": 2, "dd_from_baseline": 0.9, "dd_from_peak": 32.1, "runner_alive": true}
{"utc": "2026-08-05T01:57:27.411168+00:00", "event": "ok", "equity": 309.7094, "cash": 270.1094, "open_positions": 2, "dd_from_baseline": 0.9, "dd_from_peak": 32.1, "runner_alive": true}
{"utc": "2026-08-05T01:58:27.989654+00:00", "event": "ok", "equity": 309.7094, "cash": 270.1094, "open_positions": 2, "dd_from_baseline": 0.9, "dd_from_peak": 32.1, "runner_alive": true}
{"utc": "2026-08-05T01:59:28.930366+00:00", "event": "ok", "equity": 309.7094, "cash": 270.1094, "open_positions": 2, "dd_from_baseline": 0.9, "dd_from_peak": 32.1, "runner_alive": true}
{"utc": "2026-08-05T02:00:29.499205+00:00", "event": "ok", "equity": 330.1094, "cash": 330.1094, "open_positions": 0, "dd_from_baseline": -19.5, "dd_from_peak": 11.7, "runner_alive": true}
{"utc": "2026-08-05T02:01:30.110164+00:00", "event": "ok", "equity": 330.1094, "cash": 310.6094, "open_positions": 1, "dd_from_baseline": -19.5, "dd_from_peak": 11.7, "runner_alive": true}
{"utc": "2026-08-05T02:02:30.649481+00:00", "event": "ok", "equity": 330.1094, "cash": 310.6094, "open_positions": 1, "dd_from_baseline": -19.5, "dd_from_peak": 11.7, "runner_alive": true}
{"utc": "2026-08-05T02:03:31.107319+00:00", "event": "ok", "equity": 330.1094, "cash": 310.6094, "open_positions": 1, "dd_from_baseline": -19.5, "dd_from_peak": 11.7, "runner_alive": true}
{"utc": "2026-08-05T02:04:31.556104+00:00", "event": "ok", "equity": 330.1094, "cash": 310.6094, "open_positions": 1, "dd_from_baseline": -19.5, "dd_from_peak": 11.7, "runner_alive": true}
{"utc": "2026-08-05T02:05:32.046801+00:00", "event": "ok", "equity": 330.1094, "cash": 310.6094, "open_positions": 1, "dd_from_baseline": -19.5, "dd_from_peak": 11.7, "runner_alive": true}
{"utc": "2026-08-05T02:06:32.559047+00:00", "event": "ok", "equity": 330.1094, "cash": 310.6094, "open_positions": 1, "dd_from_baseline": -19.5, "dd_from_peak": 11.7, "runner_alive": true}
{"utc": "2026-08-05T02:07:33.117893+00:00", "event": "ok", "equity": 330.1094, "cash": 310.6094, "open_positions": 1, "dd_from_baseline": -19.5, "dd_from_peak": 11.7, "runner_alive": true}
{"utc": "2026-08-05T02:08:33.614366+00:00", "event": "ok", "equity": 330.1094, "cash": 310.6094, "open_positions": 1, "dd_from_baseline": -19.5, "dd_from_peak": 11.7, "runner_alive": true}
{"utc": "2026-08-05T02:09:34.080579+00:00", "event": "ok", "equity": 330.1094, "cash": 310.6094, "open_positions": 1, "dd_from_baseline": -19.5, "dd_from_peak": 11.7, "runner_alive": true}
{"utc": "2026-08-05T02:10:35.011379+00:00", "event": "ok", "equity": 330.1094, "cash": 310.6094, "open_positions": 1, "dd_from_baseline": -19.5, "dd_from_peak": 11.7, "runner_alive": true}
{"utc": "2026-08-05T02:11:35.876474+00:00", "event": "ok", "equity": 330.1094, "cash": 310.6094, "open_positions": 1, "dd_from_baseline": -19.5, "dd_from_peak": 11.7, "runner_alive": true}
{"utc": "2026-08-05T02:12:36.617538+00:00", "event": "ok", "equity": 330.1094, "cash": 310.6094, "open_positions": 1, "dd_from_baseline": -19.5, "dd_from_peak": 11.7, "runner_alive": true}
{"utc": "2026-08-05T02:13:37.128870+00:00", "event": "ok", "equity": 330.1094, "cash": 310.6094, "open_positions": 1, "dd_from_baseline": -19.5, "dd_from_peak": 11.7, "runner_alive": true}
{"utc": "2026-08-05T02:14:37.683874+00:00", "event": "ok", "equity": 330.1094, "cash": 310.6094, "open_positions": 1, "dd_from_baseline": -19.5, "dd_from_peak": 11.7, "runner_alive": true}
{"utc": "2026-08-05T02:15:38.226687+00:00", "event": "ok", "equity": 340.6094, "cash": 340.6094, "open_positions": 0, "dd_from_baseline": -30.0, "dd_from_peak": 1.2, "runner_alive": true}
{"utc": "2026-08-05T02:16:38.713984+00:00", "event": "ok", "equity": 340.6094, "cash": 320.8094, "open_positions": 1, "dd_from_baseline": -30.0, "dd_from_peak": 1.2, "runner_alive": true}
{"utc": "2026-08-05T02:17:39.232566+00:00", "event": "ok", "equity": 340.6094, "cash": 300.4094, "open_positions": 2, "dd_from_baseline": -30.0, "dd_from_peak": 1.2, "runner_alive": true}
{"utc": "2026-08-05T02:18:39.856706+00:00", "event": "ok", "equity": 340.6094, "cash": 300.4094, "open_positions": 2, "dd_from_baseline": -30.0, "dd_from_peak": 1.2, "runner_alive": true}
{"utc": "2026-08-05T02:19:40.434760+00:00", "event": "ok", "equity": 340.6094, "cash": 300.4094, "open_positions": 2, "dd_from_baseline": -30.0, "dd_from_peak": 1.2, "runner_alive": true}
{"utc": "2026-08-05T02:20:41.387296+00:00", "event": "ok", "equity": 340.6094, "cash": 300.4094, "open_positions": 2, "dd_from_baseline": -30.0, "dd_from_peak": 1.2, "runner_alive": true}
{"utc": "2026-08-05T02:21:41.979792+00:00", "event": "ok", "equity": 340.6094, "cash": 300.4094, "open_positions": 2, "dd_from_baseline": -30.0, "dd_from_peak": 1.2, "runner_alive": true}
{"utc": "2026-08-05T02:22:42.593537+00:00", "event": "ok", "equity": 340.6094, "cash": 300.4094, "open_positions": 2, "dd_from_baseline": -30.0, "dd_from_peak": 1.2, "runner_alive": true}
{"utc": "2026-08-05T02:23:43.183593+00:00", "event": "ok", "equity": 340.6094, "cash": 300.4094, "open_positions": 2, "dd_from_baseline": -30.0, "dd_from_peak": 1.2, "runner_alive": true}
{"utc": "2026-08-05T02:24:43.752550+00:00", "event": "ok", "equity": 340.6094, "cash": 300.4094, "open_positions": 2, "dd_from_baseline": -30.0, "dd_from_peak": 1.2, "runner_alive": true}
{"utc": "2026-08-05T02:25:44.348156+00:00", "event": "ok", "equity": 340.6094, "cash": 300.4094, "open_positions": 2, "dd_from_baseline": -30.0, "dd_from_peak": 1.2, "runner_alive": true}
{"utc": "2026-08-05T02:26:44.950734+00:00", "event": "ok", "equity": 340.6094, "cash": 300.4094, "open_positions": 2, "dd_from_baseline": -30.0, "dd_from_peak": 1.2, "runner_alive": true}
{"utc": "2026-08-05T02:27:45.568318+00:00", "event": "ok", "equity": 340.6094, "cash": 300.4094, "open_positions": 2, "dd_from_baseline": -30.0, "dd_from_peak": 1.2, "runner_alive": true}
{"utc": "2026-08-05T02:28:46.174241+00:00", "event": "ok", "equity": 340.6094, "cash": 300.4094, "open_positions": 2, "dd_from_baseline": -30.0, "dd_from_peak": 1.2, "runner_alive": true}
{"utc": "2026-08-05T02:29:46.926070+00:00", "event": "ok", "equity": 340.6094, "cash": 300.4094, "open_positions": 2, "dd_from_baseline": -30.0, "dd_from_peak": 1.2, "runner_alive": true}
{"utc": "2026-08-05T02:30:47.485118+00:00", "event": "ok", "equity": 360.4094, "cash": 360.4094, "open_positions": 0, "dd_from_baseline": -49.8, "dd_from_peak": -18.6, "runner_alive": true}
{"utc": "2026-08-05T02:31:47.971037+00:00", "event": "ok", "equity": 360.4094, "cash": 360.4094, "open_positions": 0, "dd_from_baseline": -49.8, "dd_from_peak": 0.0, "runner_alive": true}
{"utc": "2026-08-05T02:32:48.456508+00:00", "event": "ok", "equity": 360.4094, "cash": 320.8094, "open_positions": 2, "dd_from_baseline": -49.8, "dd_from_peak": 0.0, "runner_alive": true}
{"utc": "2026-08-05T02:33:49.064485+00:00", "event": "ok", "equity": 360.4094, "cash": 320.8094, "open_positions": 2, "dd_from_baseline": -49.8, "dd_from_peak": 0.0, "runner_alive": true}
{"utc": "2026-08-05T02:34:49.672405+00:00", "event": "ok", "equity": 360.4094, "cash": 320.8094, "open_positions": 2, "dd_from_baseline": -49.8, "dd_from_peak": 0.0, "runner_alive": true}
{"utc": "2026-08-05T02:35:50.720376+00:00", "event": "ok", "equity": 360.4094, "cash": 320.8094, "open_positions": 2, "dd_from_baseline": -49.8, "dd_from_peak": 0.0, "runner_alive": true}
{"utc": "2026-08-05T02:36:51.310416+00:00", "event": "ok", "equity": 360.4094, "cash": 320.8094, "open_positions": 2, "dd_from_baseline": -49.8, "dd_from_peak": 0.0, "runner_alive": true}
{"utc": "2026-08-05T02:37:51.907151+00:00", "event": "ok", "equity": 360.4094, "cash": 320.8094, "open_positions": 2, "dd_from_baseline": -49.8, "dd_from_peak": 0.0, "runner_alive": true}
{"utc": "2026-08-05T02:38:52.599130+00:00", "event": "ok", "equity": 360.4094, "cash": 320.8094, "open_positions": 2, "dd_from_baseline": -49.8, "dd_from_peak": 0.0, "runner_alive": true}
{"utc": "2026-08-05T02:39:53.274088+00:00", "event": "ok", "equity": 360.4094, "cash": 320.8094, "open_positions": 2, "dd_from_baseline": -49.8, "dd_from_peak": 0.0, "runner_alive": true}
{"utc": "2026-08-05T02:40:53.992028+00:00", "event": "ok", "equity": 360.4094, "cash": 320.8094, "open_positions": 2, "dd_from_baseline": -49.8, "dd_from_peak": 0.0, "runner_alive": true}
{"utc": "2026-08-05T02:41:54.429208+00:00", "event": "ok", "equity": 360.4094, "cash": 320.8094, "open_positions": 2, "dd_from_baseline": -49.8, "dd_from_peak": 0.0, "runner_alive": true}
{"utc": "2026-08-05T02:42:54.926492+00:00", "event": "ok", "equity": 360.4094, "cash": 320.8094, "open_positions": 2, "dd_from_baseline": -49.8, "dd_from_peak": 0.0, "runner_alive": true}
{"utc": "2026-08-05T02:43:55.390589+00:00", "event": "ok", "equity": 360.4094, "cash": 320.8094, "open_positions": 2, "dd_from_baseline": -49.8, "dd_from_peak": 0.0, "runner_alive": true}
{"utc": "2026-08-05T02:44:55.949191+00:00", "event": "ok", "equity": 360.4094, "cash": 320.8094, "open_positions": 2, "dd_from_baseline": -49.8, "dd_from_peak": 0.0, "runner_alive": true}
{"utc": "2026-08-05T02:45:56.463507+00:00", "event": "ok", "equity": 380.8094, "cash": 380.8094, "open_positions": 0, "dd_from_baseline": -70.2, "dd_from_peak": -20.4, "runner_alive": true}
{"utc": "2026-08-05T02:46:57.002413+00:00", "event": "ok", "equity": 380.8094, "cash": 380.8094, "open_positions": 0, "dd_from_baseline": -70.2, "dd_from_peak": 0.0, "runner_alive": true}
{"utc": "2026-08-05T02:47:57.420352+00:00", "event": "ok", "equity": 380.8094, "cash": 338.8094, "open_positions": 2, "dd_from_baseline": -70.2, "dd_from_peak": 0.0, "runner_alive": true}
{"utc": "2026-08-05T02:48:57.901132+00:00", "event": "ok", "equity": 380.8094, "cash": 338.8094, "open_positions": 2, "dd_from_baseline": -70.2, "dd_from_peak": 0.0, "runner_alive": true}
{"utc": "2026-08-05T02:49:58.357552+00:00", "event": "ok", "equity": 380.8094, "cash": 338.8094, "open_positions": 2, "dd_from_baseline": -70.2, "dd_from_peak": 0.0, "runner_alive": true}
{"utc": "2026-08-05T02:50:58.824396+00:00", "event": "ok", "equity": 380.8094, "cash": 338.8094, "open_positions": 2, "dd_from_baseline": -70.2, "dd_from_peak": 0.0, "runner_alive": true}
{"utc": "2026-08-05T02:51:59.239392+00:00", "event": "ok", "equity": 380.8094, "cash": 338.8094, "open_positions": 2, "dd_from_baseline": -70.2, "dd_from_peak": 0.0, "runner_alive": true}
{"utc": "2026-08-05T02:52:59.733250+00:00", "event": "ok", "equity": 380.8094, "cash": 338.8094, "open_positions": 2, "dd_from_baseline": -70.2, "dd_from_peak": 0.0, "runner_alive": true}
{"utc": "2026-08-05T02:54:00.178919+00:00", "event": "ok", "equity": 380.8094, "cash": 338.8094, "open_positions": 2, "dd_from_baseline": -70.2, "dd_from_peak": 0.0, "runner_alive": true}
{"utc": "2026-08-05T02:55:00.725219+00:00", "event": "ok", "equity": 380.8094, "cash": 338.8094, "open_positions": 2, "dd_from_baseline": -70.2, "dd_from_peak": 0.0, "runner_alive": true}
{"utc": "2026-08-05T02:56:01.222204+00:00", "event": "ok", "equity": 380.8094, "cash": 338.8094, "open_positions": 2, "dd_from_baseline": -70.2, "dd_from_peak": 0.0, "runner_alive": true}
{"utc": "2026-08-05T02:57:01.714657+00:00", "event": "ok", "equity": 380.8094, "cash": 338.8094, "open_positions": 2, "dd_from_baseline": -70.2, "dd_from_peak": 0.0, "runner_alive": true}
{"utc": "2026-08-05T02:58:02.186250+00:00", "event": "ok", "equity": 380.8094, "cash": 338.8094, "open_positions": 2, "dd_from_baseline": -70.2, "dd_from_peak": 0.0, "runner_alive": true}
{"utc": "2026-08-05T02:59:02.973201+00:00", "event": "ok", "equity": 380.8094, "cash": 338.8094, "open_positions": 2, "dd_from_baseline": -70.2, "dd_from_peak": 0.0, "runner_alive": true}
{"utc": "2026-08-05T03:00:03.409982+00:00", "event": "ok", "equity": 380.8094, "cash": 338.8094, "open_positions": 2, "dd_from_baseline": -70.2, "dd_from_peak": 0.0, "runner_alive": true}
{"utc": "2026-08-05T03:01:03.883231+00:00", "event": "ok", "equity": 338.8094, "cash": 338.8094, "open_positions": 0, "dd_from_baseline": -28.2, "dd_from_peak": 42.0, "runner_alive": true}
{"utc": "2026-08-05T03:02:04.328411+00:00", "event": "ok", "equity": 338.8094, "cash": 279.6094, "open_positions": 2, "dd_from_baseline": -28.2, "dd_from_peak": 42.0, "runner_alive": true}
{"utc": "2026-08-05T03:03:04.787199+00:00", "event": "ok", "equity": 338.8094, "cash": 279.6094, "open_positions": 2, "dd_from_baseline": -28.2, "dd_from_peak": 42.0, "runner_alive": true}
{"utc": "2026-08-05T03:04:05.349067+00:00", "event": "ok", "equity": 338.8094, "cash": 279.6094, "open_positions": 2, "dd_from_baseline": -28.2, "dd_from_peak": 42.0, "runner_alive": true}
{"utc": "2026-08-05T03:05:05.820648+00:00", "event": "ok", "equity": 338.8094, "cash": 279.6094, "open_positions": 2, "dd_from_baseline": -28.2, "dd_from_peak": 42.0, "runner_alive": true}
{"utc": "2026-08-05T03:06:06.371707+00:00", "event": "ok", "equity": 338.8094, "cash": 279.6094, "open_positions": 2, "dd_from_baseline": -28.2, "dd_from_peak": 42.0, "runner_alive": true}
{"utc": "2026-08-05T03:07:06.797586+00:00", "event": "ok", "equity": 338.8094, "cash": 279.6094, "open_positions": 2, "dd_from_baseline": -28.2, "dd_from_peak": 42.0, "runner_alive": true}
{"utc": "2026-08-05T03:08:07.332632+00:00", "event": "ok", "equity": 338.8094, "cash": 279.6094, "open_positions": 2, "dd_from_baseline": -28.2, "dd_from_peak": 42.0, "runner_alive": true}
{"utc": "2026-08-05T03:09:07.908668+00:00", "event": "ok", "equity": 338.8094, "cash": 279.6094, "open_positions": 2, "dd_from_baseline": -28.2, "dd_from_peak": 42.0, "runner_alive": true}
{"utc": "2026-08-05T03:10:08.476192+00:00", "event": "ok", "equity": 338.8094, "cash": 279.6094, "open_positions": 2, "dd_from_baseline": -28.2, "dd_from_peak": 42.0, "runner_alive": true}
{"utc": "2026-08-05T03:11:09.028825+00:00", "event": "ok", "equity": 338.8094, "cash": 279.6094, "open_positions": 2, "dd_from_baseline": -28.2, "dd_from_peak": 42.0, "runner_alive": true}
