utc        2026-08-05 22:13:52Z
cash       $304.47
open pos   2   cost basis $26.20
EQUITY     $330.67
    KXETH15M-26AUG051815-15                +20  $13.00
    KXBTC15M-26AUG051815-15                +20  $13.20

settled    1186   won 1014 (0.8550)   contracts 18,803   fees $5.45
realised   $-567.86   per-contract -3.02c
kept 39,453 markets with a clean close time
candidate markets to sample: 3,225 over 73 days
to fetch: 3,225

    250/3225  kept   220  errs 1  25s  eta 5.0min
    500/3225  kept   436  errs 1  50s  eta 4.6min
    750/3225  kept   639  errs 1  75s  eta 4.1min
   1000/3225  kept   852  errs 2  100s  eta 3.7min
   1250/3225  kept  1072  errs 3  126s  eta 3.3min
   1500/3225  kept  1288  errs 3  152s  eta 2.9min
   1750/3225  kept  1515  errs 4  176s  eta 2.5min
   2000/3225  kept  1730  errs 4  202s  eta 2.1min
   2250/3225  kept  1946  errs 5  228s  eta 1.6min
   2500/3225  kept  2161  errs 5  253s  eta 1.2min
   2750/3225  kept  2364  errs 5  281s  eta 0.8min
   3000/3225  kept  2580  errs 6  307s  eta 0.4min

reconstructed entries: 2,780 over 73 days

==============================================================================
THE PREMIUM, DAY BY DAY
==============================================================================
  2026-05-25  n  38  win 0.737  px 69.4c    +4.29c  ##
  2026-05-26  n  41  win 0.756  px 69.6c    +6.02c  ####
  2026-05-27  n  37  win 0.811  px 69.6c   +11.46c  #######
  2026-05-28  n  37  win 0.676  px 71.5c    -3.97c  
  2026-05-29  n  38  win 0.737  px 70.5c    +3.21c  ##
  2026-05-30  n  39  win 0.744  px 70.7c    +3.67c  ##
  2026-05-31  n  39  win 0.692  px 70.2c    -0.95c  
  2026-06-01  n  45  win 0.756  px 70.2c    +5.31c  ###
  2026-06-02  n  47  win 0.830  px 70.1c   +12.91c  ########
  2026-06-03  n  46  win 0.913  px 69.5c   +21.85c  ##############
  2026-06-04  n  36  win 0.722  px 70.0c    +2.25c  #
  2026-06-05  n  36  win 0.667  px 70.3c    -3.67c  
  2026-06-06  n  46  win 0.717  px 70.4c    +1.35c  
  2026-06-07  n  41  win 0.780  px 70.0c    +8.02c  #####
  2026-06-08  n  42  win 0.738  px 71.0c    +2.86c  #
  2026-06-09  n  41  win 0.732  px 70.2c    +2.98c  #
  2026-06-10  n  44  win 0.705  px 69.2c    +1.23c  
  2026-06-11  n  34  win 0.706  px 68.7c    +1.85c  #
  2026-06-12  n  38  win 0.763  px 69.4c    +6.95c  ####
  2026-06-13  n  41  win 0.902  px 70.1c   +20.15c  #############
  2026-06-14  n  36  win 0.861  px 69.2c   +16.94c  ###########
  2026-06-15  n  42  win 0.881  px 71.2c   +16.86c  ###########
  2026-06-16  n  40  win 0.700  px 69.6c    +0.38c  
  2026-06-17  n  46  win 0.783  px 69.8c    +8.48c  #####
  2026-06-18  n  37  win 0.622  px 70.0c    -7.86c  
  2026-06-19  n  34  win 0.471  px 70.4c   -23.32c  
  2026-06-20  n  35  win 0.514  px 68.1c   -16.66c  
  2026-06-21  n  43  win 0.651  px 70.1c    -4.95c  
  2026-06-22  n  47  win 0.766  px 70.1c    +6.47c  ####
  2026-06-23  n  44  win 0.727  px 69.0c    +3.75c  ##
  2026-06-24  n  39  win 0.692  px 70.0c    -0.79c  
  2026-06-25  n  35  win 0.600  px 70.2c   -10.23c  
  2026-06-26  n  46  win 0.674  px 69.5c    -2.13c  
  2026-06-27  n  39  win 0.769  px 69.2c    +7.72c  #####
  2026-06-28  n  39  win 0.718  px 69.1c    +2.67c  #
  2026-06-29  n  40  win 0.575  px 70.5c   -12.95c  
  2026-06-30  n  42  win 0.619  px 69.9c    -7.95c  
  2026-07-01  n  43  win 0.651  px 70.2c    -5.07c  
  2026-07-02  n  39  win 0.744  px 69.4c    +4.95c  ###
  2026-07-03  n  47  win 0.830  px 70.5c   +12.45c  ########
  2026-07-04  n  38  win 0.632  px 69.1c    -5.97c  
  2026-07-05  n  43  win 0.628  px 69.2c    -6.40c  
  2026-07-06  n  42  win 0.667  px 68.6c    -1.93c  
  2026-07-07  n  40  win 0.700  px 69.3c    +0.68c  
  2026-07-08  n  43  win 0.698  px 70.1c    -0.37c  
  2026-07-09  n  40  win 0.775  px 71.5c    +5.95c  ###
  2026-07-10  n  41  win 0.756  px 69.1c    +6.46c  ####
  2026-07-11  n  36  win 0.806  px 68.1c   +12.50c  ########
  2026-07-12  n  36  win 0.639  px 70.6c    -6.75c  
  2026-07-13  n  44  win 0.636  px 69.4c    -5.73c  
  2026-07-14  n  41  win 0.780  px 68.8c    +9.27c  ######
  2026-07-15  n  43  win 0.977  px 69.8c   +27.91c  ##################
  2026-07-16  n  34  win 0.824  px 68.6c   +13.71c  #########
  2026-07-17  n  40  win 0.750  px 71.2c    +3.80c  ##
  2026-07-18  n  42  win 0.690  px 70.3c    -1.24c  
  2026-07-19  n  39  win 0.769  px 70.9c    +6.05c  ####
  2026-07-20  n  48  win 0.750  px 71.0c    +3.98c  ##
  2026-07-21  n  41  win 0.634  px 71.4c    -7.98c  
  2026-07-22  n  43  win 0.744  px 69.8c    +4.63c  ###
  2026-07-23  n  30  win 0.867  px 69.4c   +17.23c  ###########
  2026-07-24  n  32  win 0.562  px 70.4c   -14.16c  
  2026-07-25  n  23  win 0.783  px 70.6c    +7.70c  #####
  2026-07-26  n  28  win 0.750  px 70.2c    +4.82c  ###
  2026-07-27  n  33  win 0.697  px 69.8c    -0.15c  
  2026-07-28  n  20  win 0.800  px 71.0c    +9.05c  ######
  2026-07-29  n  25  win 0.920  px 70.6c   +21.40c  ##############
  2026-07-30  n  24  win 0.708  px 69.6c    +1.25c  
  2026-07-31  n  31  win 0.774  px 70.5c    +6.87c  ####
  2026-08-01  n  24  win 0.792  px 69.3c    +9.88c  ######
  2026-08-02  n  23  win 0.826  px 70.5c   +12.09c  ########
  2026-08-03  n  31  win 0.774  px 70.5c    +6.94c  ####
  2026-08-04  n  37  win 0.919  px 70.2c   +21.65c  ##############
  2026-08-05  n  26  win 0.885  px 70.7c   +17.77c  ###########

==============================================================================
IS IT STILL DECAYING?
==============================================================================
  linear trend over 73 days: +0.0617c per day (intercept +1.58c)
  first half mean +2.56c   second half mean +5.01c
  last 14 days: mean +8.74c   trend +1.0292c/day
  trend 95% CI [-0.0355, +0.1571]   P(no decay) 0.9027
