utc        2026-08-05 22:03:26Z
cash       $304.47
open pos   2   cost basis $26.20
EQUITY     $330.67
    KXETH15M-26AUG051815-15                +20  $13.00
    KXBTC15M-26AUG051815-15                +20  $13.20

settled    800   won 658 (0.8225)   contracts 10,246   fees $3.09
realised   $-277.61   per-contract -2.71c
candidate markets to sample: 3,346 over 74 days
cache: 178 already fetched
to fetch: 3,168

    250/3168  kept   307  errs 1  18s  eta 3.6min
    500/3168  kept   469  errs 2  44s  eta 3.9min
    750/3168  kept   651  errs 4  70s  eta 3.8min
   1000/3168  kept   807  errs 5  97s  eta 3.5min
   1250/3168  kept   990  errs 5  122s  eta 3.1min
   1500/3168  kept  1156  errs 5  147s  eta 2.7min
   1750/3168  kept  1353  errs 5  173s  eta 2.3min
   2000/3168  kept  1527  errs 5  199s  eta 1.9min
   2250/3168  kept  1681  errs 5  225s  eta 1.5min
   2500/3168  kept  1865  errs 7  251s  eta 1.1min
   2750/3168  kept  2017  errs 7  277s  eta 0.7min
   3000/3168  kept  2209  errs 8  302s  eta 0.3min

reconstructed entries: 2,313 over 73 days

==============================================================================
THE PREMIUM, DAY BY DAY
==============================================================================
  2026-05-25  n  37  win 0.811  px 73.2c    +7.86c  #####
  2026-05-26  n  37  win 0.622  px 73.0c   -10.84c  
  2026-05-27  n  31  win 0.774  px 71.1c    +6.35c  ####
  2026-05-28  n  40  win 0.725  px 69.2c    +3.25c  ##
  2026-05-29  n  26  win 0.692  px 72.6c    -3.35c  
  2026-05-30  n  29  win 0.724  px 72.7c    -0.24c  
  2026-05-31  n  33  win 0.848  px 72.8c   +12.09c  ########
  2026-06-01  n  35  win 0.800  px 72.1c    +7.94c  #####
  2026-06-02  n  27  win 0.741  px 71.8c    +2.30c  #
  2026-06-03  n  32  win 0.844  px 72.9c   +11.50c  #######
  2026-06-04  n  23  win 0.609  px 71.3c   -10.39c  
  2026-06-05  n  34  win 0.794  px 71.5c    +7.91c  #####
  2026-06-06  n  38  win 0.711  px 73.3c    -2.26c  
  2026-06-07  n  32  win 0.750  px 71.6c    +3.41c  ##
  2026-06-08  n  28  win 0.821  px 71.4c   +10.75c  #######
  2026-06-09  n  37  win 0.676  px 70.7c    -3.11c  
  2026-06-10  n  42  win 0.714  px 72.0c    -0.62c  
  2026-06-11  n  31  win 0.645  px 72.1c    -7.55c  
  2026-06-12  n  34  win 0.824  px 71.6c   +10.74c  #######
  2026-06-13  n  36  win 0.833  px 72.6c   +10.69c  #######
  2026-06-14  n  37  win 0.811  px 72.7c    +8.38c  #####
  2026-06-15  n  30  win 0.800  px 73.4c    +6.63c  ####
  2026-06-16  n  31  win 0.613  px 69.7c    -8.42c  
  2026-06-17  n  37  win 0.757  px 71.4c    +4.30c  ##
  2026-06-18  n  39  win 0.564  px 71.3c   -14.90c  
  2026-06-19  n  34  win 0.882  px 72.4c   +15.82c  ##########
  2026-06-20  n  39  win 0.692  px 71.8c    -2.56c  
  2026-06-21  n  28  win 0.786  px 71.4c    +7.14c  ####
  2026-06-22  n  29  win 0.793  px 74.0c    +5.28c  ###
  2026-06-23  n  41  win 0.756  px 71.6c    +4.05c  ##
  2026-06-24  n  34  win 0.765  px 71.4c    +5.06c  ###
  2026-06-25  n  33  win 0.545  px 73.8c   -19.27c  
  2026-06-26  n  37  win 0.730  px 72.3c    +0.70c  
  2026-06-27  n  32  win 0.750  px 71.9c    +3.06c  ##
  2026-06-28  n  43  win 0.814  px 72.7c    +8.65c  #####
  2026-06-29  n  46  win 0.652  px 71.6c    -6.37c  
  2026-06-30  n  34  win 0.676  px 71.7c    -4.09c  
  2026-07-01  n  39  win 0.795  px 72.7c    +6.77c  ####
  2026-07-02  n  26  win 0.808  px 72.0c    +8.81c  #####
  2026-07-03  n  26  win 0.769  px 70.5c    +6.42c  ####
  2026-07-04  n  32  win 0.656  px 71.9c    -6.31c  
  2026-07-05  n  42  win 0.714  px 72.4c    -1.00c  
  2026-07-06  n  41  win 0.659  px 72.4c    -6.54c  
  2026-07-07  n  25  win 0.520  px 72.0c   -19.96c  
  2026-07-08  n  38  win 0.684  px 72.9c    -4.47c  
  2026-07-09  n  28  win 0.714  px 74.3c    -2.86c  
  2026-07-10  n  39  win 0.795  px 70.9c    +8.62c  #####
  2026-07-11  n  36  win 0.778  px 71.2c    +6.53c  ####
  2026-07-12  n  35  win 0.771  px 71.3c    +5.89c  ###
  2026-07-13  n  40  win 0.700  px 70.8c    -0.75c  
  2026-07-14  n  28  win 0.857  px 69.3c   +16.43c  ##########
  2026-07-15  n  34  win 0.971  px 72.0c   +25.06c  ################
  2026-07-16  n  30  win 0.800  px 71.9c    +8.13c  #####
  2026-07-17  n  34  win 0.676  px 71.3c    -3.62c  
  2026-07-18  n  34  win 0.765  px 72.2c    +4.29c  ##
  2026-07-19  n  29  win 0.655  px 71.8c    -6.31c  
  2026-07-20  n  34  win 0.765  px 72.3c    +4.18c  ##
  2026-07-21  n  39  win 0.744  px 72.0c    +2.36c  #
  2026-07-22  n  40  win 0.875  px 71.9c   +15.62c  ##########
  2026-07-23  n  20  win 0.850  px 73.8c   +11.25c  #######
  2026-07-24  n  25  win 0.680  px 71.8c    -3.84c  
  2026-07-25  n  21  win 0.762  px 72.5c    +3.67c  ##
  2026-07-26  n  22  win 0.682  px 70.7c    -2.55c  
  2026-07-27  n  23  win 0.478  px 72.0c   -24.17c  
  2026-07-28  n  16  win 0.812  px 70.8c   +10.44c  ######
  2026-07-29  n  13  win 0.692  px 74.4c    -5.15c  
  2026-07-30  n  19  win 0.947  px 71.9c   +22.79c  ###############
  2026-07-31  n  28  win 0.857  px 72.3c   +13.39c  ########
  2026-08-01  n  22  win 0.818  px 71.3c   +10.55c  #######
  2026-08-02  n  20  win 0.900  px 71.2c   +18.85c  ############
  2026-08-03  n  27  win 0.926  px 71.4c   +21.19c  ##############
  2026-08-04  n  20  win 0.750  px 72.4c    +2.60c  #
  2026-08-05  n  22  win 0.864  px 72.3c   +14.09c  #########

==============================================================================
IS IT STILL DECAYING?
==============================================================================
  linear trend over 73 days: +0.0773c per day (intercept +0.37c)
  first half mean +2.06c   second half mean +4.22c
  last 14 days: mean +6.65c   trend +1.3750c/day
  trend 95% CI [-0.0323, +0.1757]   P(no decay) 0.9238
