{
  "data": {
    "population_in_band": 8201,
    "population_days": 73,
    "live_orders": 303,
    "live_winners": 217,
    "live_losers": 86
  },
  "fr2_no_volume": {
    "n": 2219,
    "pnl": 180.2763000000006,
    "edge_per_contract": 0.004062106804867071,
    "mean_day": 2.469538356164389,
    "sd_day": 47.2085043299393,
    "max_drawdown": 306.8023999999999,
    "worst_window": -16.224,
    "win_rate": 0.7133844073907165,
    "avg_price": 0.6947228481297881,
    "volume_filter": false,
    "splits": {
      "train": {
        "n": 1082,
        "pnl": 58.199800000000266,
        "edge_per_contract": 0.002689454713493543,
        "mean_day": 1.6166611111111162,
        "sd_day": 52.13425371257381,
        "max_drawdown": 306.8023999999999,
        "worst_window": -16.224,
        "win_rate": 0.7134935304990758,
        "avg_price": 0.6962476894639555
      },
      "valid": {
        "n": 573,
        "pnl": 179.47200000000015,
        "edge_per_contract": 0.015660732984293206,
        "mean_day": 9.970666666666675,
        "sd_day": 43.40533027436906,
        "max_drawdown": 126.22860000000003,
        "worst_window": -16.224,
        "win_rate": 0.7242582897033158,
        "avg_price": 0.693979057591623
      },
      "test": {
        "n": 564,
        "pnl": -57.39549999999987,
        "edge_per_contract": -0.0050882535460992796,
        "mean_day": -3.0208157894736787,
        "sd_day": 41.96086828416928,
        "max_drawdown": 217.21540000000002,
        "worst_window": -16.224,
        "win_rate": 0.7021276595744681,
        "avg_price": 0.6925531914893618
      }
    }
  },
  "fr2_volume_ge_2000": {
    "n": 1056,
    "pnl": 90.79590000000027,
    "edge_per_contract": 0.004299048295454558,
    "mean_day": 1.2437794520547965,
    "sd_day": 37.05248635547642,
    "max_drawdown": 290.80139999999994,
    "worst_window": -16.224,
    "win_rate": 0.7244318181818182,
    "avg_price": 0.7058333333333333,
    "volume_filter": true,
    "splits": {
      "train": {
        "n": 436,
        "pnl": 111.25090000000007,
        "edge_per_contract": 0.012758130733944963,
        "mean_day": 3.0903027777777794,
        "sd_day": 32.12448809468285,
        "max_drawdown": 186.7258,
        "worst_window": -16.224,
        "win_rate": 0.7362385321100917,
        "avg_price": 0.7092889908256881
      },
      "valid": {
        "n": 288,
        "pnl": -4.298399999999937,
        "edge_per_contract": -0.000746249999999989,
        "mean_day": -0.23879999999999532,
        "sd_day": 40.1119349063123,
        "max_drawdown": 218.2821,
        "worst_window": -16.0323,
        "win_rate": 0.71875,
        "avg_price": 0.7051736111111111
      },
      "test": {
        "n": 332,
        "pnl": -16.15659999999994,
        "edge_per_contract": -0.0024332228915662562,
        "mean_day": -0.8503473684210501,
        "sd_day": 44.177905091049105,
        "max_drawdown": 243.77969999999988,
        "worst_window": -16.224,
        "win_rate": 0.713855421686747,
        "avg_price": 0.7018674698795181
      }
    }
  },
  "primary_ptc": {
    "wait_seconds": 60,
    "delay_minutes": 1,
    "ask_ceiling": 0.8,
    "probe_qty": 1,
    "commit_qty": 15,
    "volume_filter": true,
    "eligible_markets": 2578,
    "calendar_days": 73,
    "live_fill_rate_win": 0.8433179723502304,
    "live_fill_rate_lose": 0.9418604651162791,
    "live_nofill_win_rate": 0.8717948717948718,
    "mean_commits": 221.139,
    "mean_probe_fills": 2232.409,
    "mean_total_pnl": 419.52331710000004,
    "mean_pnl_per_day": 5.746894754794521,
    "pnl_day_ci_lo": 0.7147467465753436,
    "pnl_day_ci_hi": 10.139928219178083,
    "p_mean_day_nonpositive": 0.0155,
    "median_max_drawdown": 38.929849999999874,
    "max_drawdown_p95": 91.4189750000001,
    "median_worst_window": -12.744200000000003,
    "p_hit_211_over_history": 0.00975
  },
  "primary_probe": {
    "fill_rate_win": 0.8433179723502304,
    "fill_rate_lose": 0.9418604651162791,
    "p_win_if_no_fill": 0.8717948717948718,
    "p_win_if_fill": 0.6931818181818182,
    "break_even_all_in_price": 0.8630000000000003
  },
  "minute_level_cancel_bound": {
    "losing_orders": 86,
    "losses_filled_by_1s": 0.29069767441860467,
    "losses_filled_by_5s": 0.627906976744186,
    "losses_filled_by_30s": 0.8837209302325582,
    "losses_filled_by_60s": 0.9418604651162791,
    "losses_filled_by_120s": 0.9651162790697675
  }
}
wrote /home/runner/work/m15-crypto15m-research/m15-crypto15m-research/research/results/probe_then_commit_report.md
