================================================================================
new_series.parquet 13753
ticker        str
series        str
coin          str
wkey          str
a0        float64
a1        float64
ret       float64
result        str
volume    float64
oi        float64
                    ticker    series coin         wkey      a0      a1       ret result    volume        oi
0  KXBNB15M-26AUG051845-45  KXBNB15M  BNB  26AUG051845  593.74  593.89  0.000253    yes  15696.78   7238.89
1  KXBNB15M-26AUG051830-30  KXBNB15M  BNB  26AUG051830  594.21  593.74 -0.000791     no  23272.17  12539.19
2  KXBNB15M-26AUG051815-15  KXBNB15M  BNB  26AUG051815  595.21  594.21 -0.001680     no  23005.42  12439.31
================================================================================
book_full.parquet 39428
ticker          str
coin            str
close_ts      int64
minute        int64
side            str
bid         float64
ask         float64
vol         float64
ml          float64
won           int64
                    ticker coin    close_ts  minute side   bid   ask        vol    ml  won
0  KXBTC15M-26AUG051715-15  BTC  1785964500      15   no  0.74  0.75  116377.85  14.0    1
1  KXBTC15M-26AUG051730-30  BTC  1785965400      30  yes  0.52  0.53  113252.13  14.0    0
2  KXBTC15M-26AUG051745-45  BTC  1785966300      45  yes  0.78  0.79  199195.50  14.0    1
================================================================================
paths_full.parquet 39509
ticker          str
coin            str
close_ts      int64
minute        int64
side            str
bid         float64
ask         float64
entry_ml    float64
n_pts         int64
won           int64
path            str
                    ticker coin    close_ts  minute side   bid   ask  entry_ml  n_pts  won                                                                                                                                                                                                                                                                                                                                                                                                                                                                                                                                                                                                                                                                                                                                                                             path
0  KXBTC15M-26AUG051745-45  BTC  1785966300      45  yes  0.78  0.79      14.0     13    1                                                              [{"ml": 14.0, "yb": 0.78, "ya": 0.79, "v": 199195.5}, {"ml": 13.0, "yb": 0.77, "ya": 0.78, "v": 135144.87}, {"ml": 12.0, "yb": 0.69, "ya": 0.7, "v": 101270.77}, {"ml": 11.0, "yb": 0.68, "ya": 0.69, "v": 63662.09}, {"ml": 10.0, "yb": 0.7, "ya": 0.71, "v": 52121.86}, {"ml": 9.0, "yb": 0.71, "ya": 0.72, "v": 65166.21}, {"ml": 8.0, "yb": 0.74, "ya": 0.75, "v": 67143.65}, {"ml": 7.0, "yb": 0.55, "ya": 0.56, "v": 144213.37}, {"ml": 6.0, "yb": 0.68, "ya": 0.69, "v": 116185.29}, {"ml": 5.0, "yb": 0.71, "ya": 0.72, "v": 134709.49}, {"ml": 4.0, "yb": 0.87, "ya": 0.89, "v": 120437.16}, {"ml": 3.0, "yb": 0.956, "ya": 0.957, "v": 159838.43}, {"ml": 2.0, "yb": 0.957, "ya": 0.958, "v": 164780.99}]
1  KXBTC15M-26AUG051730-30  BTC  1785965400      30  yes  0.52  0.53      14.0     13    0                                                   [{"ml": 14.0, "yb": 0.52, "ya": 0.53, "v": 113252.13}, {"ml": 13.0, "yb": 0.47, "ya": 0.48, "v": 112674.47}, {"ml": 12.0, "yb": 0.38, "ya": 0.39, "v": 101644.58}, {"ml": 11.0, "yb": 0.36, "ya": 0.37, "v": 81652.36}, {"ml": 10.0, "yb": 0.37, "ya": 0.38, "v": 91620.67}, {"ml": 9.0, "yb": 0.21, "ya": 0.22, "v": 119338.07}, {"ml": 8.0, "yb": 0.089, "ya": 0.09, "v": 135623.17}, {"ml": 7.0, "yb": 0.079, "ya": 0.08, "v": 177629.22}, {"ml": 6.0, "yb": 0.036, "ya": 0.037, "v": 130513.73}, {"ml": 5.0, "yb": 0.028, "ya": 0.029, "v": 121199.84}, {"ml": 4.0, "yb": 0.016, "ya": 0.017, "v": 82176.31}, {"ml": 3.0, "yb": 0.007, "ya": 0.008, "v": 78970.41}, {"ml": 2.0, "yb": 0.003, "ya": 0.004, "v": 104989.03}]
2  KXBTC15M-26AUG051715-15  BTC  1785964500      15   no  0.74  0.75      14.0     14    1  [{"ml": 14.0, "yb": 0.25, "ya": 0.26, "v": 116377.85}, {"ml": 13.0, "yb": 0.16, "ya": 0.17, "v": 313789.16}, {"ml": 12.0, "yb": 0.27, "ya": 0.28, "v": 119693.45}, {"ml": 11.0, "yb": 0.33, "ya": 0.34, "v": 106076.65}, {"ml": 10.0, "yb": 0.21, "ya": 0.22, "v": 70492.39}, {"ml": 9.0, "yb": 0.15, "ya": 0.16, "v": 118603.73}, {"ml": 8.0, "yb": 0.2, "ya": 0.21, "v": 84673.47}, {"ml": 7.0, "yb": 0.14, "ya": 0.15, "v": 114070.33}, {"ml": 6.0, "yb": 0.11, "ya": 0.12, "v": 53876.85}, {"ml": 5.0, "yb": 0.035, "ya": 0.039, "v": 104709.7}, {"ml": 4.0, "yb": 0.027, "ya": 0.028, "v": 131643.94}, {"ml": 3.0, "yb": 0.012, "ya": 0.013, "v": 154482.38}, {"ml": 2.0, "yb": 0.009, "ya": 0.01, "v": 260600.51}, {"ml": 1.0, "yb": 0.006, "ya": 0.008, "v": 193634.65}]
